검수 대상: lettuce_daily_raw.csv  2,164,359행  2018-01-02 ~ 2026-08-11

========================================================================
검사 1 — 수집 원장 대조
========================================================================
  [통과] 저장 행수 <= 서버 totalCount  (1518개 (시장,월) 전부)
  [통과] 필터로 인한 감소분 전부 5% 이내
  [통과] 페이지 경계 중복 0건 (같은 레코드가 두 페이지에 걸쳐 나온 적 없음)
  [확인요] 원장에는 있는데 저장 행이 0인 (시장,월) 8개

========================================================================
검사 2 — 건너뛴 날
========================================================================
  달력일 3,144 / 수집 거래일 2,680 / 무거래 464  (일요일 428, 그 외 36)
  [통과] 무거래일은 전부 전 23개 시장 동시 무거래 (시장별 독립 요청이라 수집 누락으로는 만들 수 없는 패턴)
  일요일 외 무거래일 36일이 21개 구간으로 묶임 (명절 연휴는 2~3일 연속, 신정은 1일)
    2018-02-16~2018-02-17 (2일) 연휴(2~3일)
    2018-09-24~2018-09-26 (3일) 연휴(2~3일)
    2019-01-01~2019-01-01 (1일) 신정
    2019-02-05~2019-02-06 (2일) 연휴(2~3일)
    2019-09-13~2019-09-14 (2일) 연휴(2~3일)
    2020-01-01~2020-01-01 (1일) 신정
    2020-01-25~2020-01-25 (1일) 단일일
    2020-10-01~2020-10-02 (2일) 연휴(2~3일)
    2021-01-01~2021-01-01 (1일) 신정
    2021-02-12~2021-02-13 (2일) 연휴(2~3일)
    2021-09-21~2021-09-22 (2일) 연휴(2~3일)
    2022-01-01~2022-01-01 (1일) 신정
    2022-02-01~2022-02-02 (2일) 연휴(2~3일)
    2022-09-10~2022-09-10 (1일) 단일일
    ... 외 7개 구간
  [확인요] 연휴로 설명 안 되는 단일 무거래일 4일 (음력 명절 당일일 가능성 높음 — 달력 대조): ['2020-01-25', '2022-09-10', '2023-01-23', '2024-02-10']
  거래일 요일 분포: 월446  화442  수440  목447  금443  토441  일21
  [통과] 월~토 거래일수 고름 (440~447, 편차 7일)
  [통과] 전 월 거래일 18일 이상 (진행중인 2026-08 제외) — 중앙 26일
  [통과] 전 월 시장 23곳 완비

========================================================================
검사 3 — 겹쳐진 날 / 부풀림
========================================================================
  완전 동일 행 그룹 7,572개 (초과분 8,308건, 전체의 0.38%)
  배수 분포: {np.int64(2): 7009, np.int64(3): 438, np.int64(4): 88, np.int64(5): 28, np.int64(6): 7, np.int64(7): 2}
  [통과] 배수에 홀수 468개 섞여 있음 -> 실제 거래 (부풀림 아님)
  [확인요] 같은 시장·달 중앙값의 1.8배 넘는 (날짜,시장) 392개
market_cd      ym        day  n  median
   310101 2020-06 2020-06-27 61    28.0
   350101 2020-06 2020-06-27 61    23.5
   350101 2020-07 2020-07-17 54    22.0
   380303 2020-10 2020-10-06 52    25.0
   230003 2021-11 2021-11-01 51    24.0
   350101 2020-07 2020-07-11 48    22.0
   350101 2020-07 2020-07-16 48    22.0
   350101 2020-07 2020-07-13 47    22.0
     (성수기 물량 급증일 수 있으니 2배 정확히 붙는지 확인할 것)
  [통과] 행수가 중앙값 2배인 (날짜,시장) 97개 있으나 완전 동일 행이 절반에 못 미침 -> 실거래 급증일. 이중 저장 아님

========================================================================
검사 4 — 기존 일자별 개별 호출 자료와 레코드 대조
========================================================================
  대조 표본일 306일 (5·15·25일), 구 54,607행 vs 신 54,763행
  [실패] 불일치 키 156개 (구에만 0, 신에만 156)
                                                       old  new
2018-04-05|310901|전북특별자치도 익산시 망성면|5000.0|200.0|4.0       0    1
2019-07-15|380201|전북특별자치도 남원시 금지면|5680.0|532.0|2.0       0    1
2019-08-05|380201|전북특별자치도 남원시 금지면|13650.0|86.0|2.0       0    1
2019-08-05|380201|전북특별자치도 남원시 금지면|14566.667|202.0|2.0    0    1
2020-02-25|330201|전북특별자치도 완주군 봉동읍 장기리|5800.0|12.0|4.0    0    1
2020-02-25|330201|전북특별자치도 완주군 봉동읍 장기리|7500.0|68.0|4.0    0    1
2020-03-05|330201|전북특별자치도 완주군 봉동읍 장기리|2600.0|24.0|4.0    0    1
2020-03-05|330201|전북특별자치도 완주군 봉동읍 장기리|3700.0|16.0|4.0    0    1
2020-11-25|310901|전북특별자치도 익산시 망성면 신작리|3500.0|92.0|2.0    0    1
2020-11-25|310901|전북특별자치도 익산시 망성면|4000.0|102.0|2.0       0    1
  [실패] (일자,시장) 건수 불일치 101개
                      old  new
date       market_cd          
2018-04-05 310901       0    1
2019-07-15 380201       0    1
2019-08-05 380201       0    2
2020-02-25 330201       0    2
2020-03-05 330201       0    2
2020-11-25 310901       0    2
2021-02-05 310901       0    1
2021-06-05 310901       0    1
2021-08-05 310901       0    2
2022-07-05 310901       0    1

========================================================================
결과: 2개 항목 실패 — 위 [실패] 확인
========================================================================
