python.exe : Traceback (most recent call last):
At line:3 char:1
+ & $py "$root\src\build_dataset.py" *> "$root\outputs\build_run3.log"
+ ~~~~~~~~~~~~~~~~~~~~~~~~~~~~~~~~~~~~~~~~~~~~~~~~~~~~~~~~~~~~~~~~~~~~
    + CategoryInfo          : NotSpecified: (Traceback (most recent call last)::String) [], RemoteException
    + FullyQualifiedErrorId : NativeCommandError
 
  File "C:\문서\projects 1\crop-price-forecast\src\build_dataset.py", line 187, in <module>
    main()
  File "C:\문서\projects 1\crop-price-forecast\src\build_dataset.py", line 177, in main
    panel = build_panel()
            ^^^^^^^^^^^^^
  File "C:\문서\projects 1\crop-price-forecast\src\build_dataset.py", line 150, in build_panel
    price = build_price_monthly()
            ^^^^^^^^^^^^^^^^^^^^^
  File "C:\문서\projects 1\crop-price-forecast\src\build_dataset.py", line 54, in build_price_monthly
    df = S.load_prices(CROP, KAMIS_PRICE_START, END)
         ^^^^^^^^^^^^^^^^^^^^^^^^^^^^^^^^^^^^^^^^^^^
  File "C:\문서\projects 1\crop-price-forecast\src\sources.py", line 522, in load_prices
    df = _kamis_real(crop_id, start, end)
         ^^^^^^^^^^^^^^^^^^^^^^^^^^^^^^^^
  File "C:\문서\projects 1\crop-price-forecast\src\sources.py", line 184, in _kamis_real
    cx = crop_xwalk()
         ^^^^^^^^^^^^
  File "C:\문서\projects 1\crop-price-forecast\src\sources.py", line 103, in crop_xwalk
    df = pd.read_csv(_XWALK_DIR / "crop_crosswalk.csv", dtype=str, encoding="utf-8-sig").fillna("")
         ^^^^^^^^^^^^^^^^^^^^^^^^^^^^^^^^^^^^^^^^^^^^^^^^^^^^^^^^^^^^^^^^^^^^^^^^^^^^^^^
  File "C:\문서\projects 1\crop-price-forecast\.venv\Lib\site-packages\pandas\io\parsers\readers.py", line 873, in read_c
sv
    return _read(filepath_or_buffer, kwds)
           ^^^^^^^^^^^^^^^^^^^^^^^^^^^^^^^
  File "C:\문서\projects 1\crop-price-forecast\.venv\Lib\site-packages\pandas\io\parsers\readers.py", line 306, in _read
    return parser.read(nrows)
           ^^^^^^^^^^^^^^^^^^
  File "C:\문서\projects 1\crop-price-forecast\.venv\Lib\site-packages\pandas\io\parsers\readers.py", line 1947, in read
    ) = self._engine.read(  # type: ignore[attr-defined]
        ^^^^^^^^^^^^^^^^^^^^^^^^^^^^^^^^^^^^^^^^^^^^^^^^
  File "C:\문서\projects 1\crop-price-forecast\.venv\Lib\site-packages\pandas\io\parsers\c_parser_wrapper.py", line 215, 
in read
    chunks = self._reader.read_low_memory(nrows)
             ^^^^^^^^^^^^^^^^^^^^^^^^^^^^^^^^^^^
  File "pandas/_libs/parsers.pyx", line 832, in pandas._libs.parsers.TextReader.read_low_memory
  File "pandas/_libs/parsers.pyx", line 897, in pandas._libs.parsers.TextReader._read_rows
  File "pandas/_libs/parsers.pyx", line 868, in pandas._libs.parsers.TextReader._tokenize_rows
  File "pandas/_libs/parsers.pyx", line 885, in pandas._libs.parsers.TextReader._check_tokenize_status
  File "pandas/_libs/parsers.pyx", line 2084, in pandas._libs.parsers.raise_parser_error
pandas.errors.ParserError: Error tokenizing data. C error: Expected 16 fields in line 12, saw 17

