============================================================
소스 상태(키/확정도)
============================================================
 source            fn  fmt              status  keys_ready              needs
  kamis   _kamis_real json           CONFIRMED        True kamis_key,kamis_id
 income  _income_real json        VERIFY(uddi)        True            data_go
   soil    _suit_real  xml           CONFIRMED        True            data_go
   area    _area_real json    CONFIRMED(tblId)        True              kosis
weather _weather_real json           CONFIRMED        True            data_go
    gdd     _gdd_real  xml CONFIRMED(rda_spot)        True            data_go
  macro   _macro_real json           CONFIRMED        True               ecos
 import  _import_real  xml           CONFIRMED        True            data_go

============================================================
로더 점검 — 대표 조합 (crop=strawberry, region=jinan)
============================================================
  price(KAMIS)     ✔ 실데이터 91행  [synthetic]
  income           · 미확정/폴백
  suit(흙토람)        · 미확정/폴백
  area(KOSIS)      · 미확정/폴백
  weather(ASOS)    · 미확정/폴백
  gdd              · 미확정/폴백
  macro(fx_usd)    ✔ 실데이터 22행
  import(관세)       · 미확정/폴백

============================================================
가격 소스 매트릭스 — 작목별 real/synthetic
============================================================
  strawberry   synthetic
  tomato       synthetic
  paprika      synthetic
  apple        synthetic
  peach        synthetic
  blueberry    synthetic
  rice         synthetic
  soybean      synthetic
  pepper       synthetic
  omija        synthetic
  lettuce      synthetic

  요약: KAMIS 실데이터 0 · 합성폴백 11 (총 11)

판독:
  · 오프라인/키없음 → 전부 폴백·미확정이 정상.
  · 로컬+키 → CONFIRMED 소스가 ✔ 로 바뀌어야 함. VERIFY는 uddi/tblId/rda_spot 채운 뒤.
