미래 예측 대상 조합: 87개 (~2027-12)
저장 완료: C:\Users\지리산 살래농장\Documents\project 1\crop-price-forecast\outputs\future_forecast\crop_county_future_forecast.csv (1458행, 87개 조합)

=== 조합별 향후 6개월 요약 ===
                        avg_price_6m  max_spike_prob_6m  ref_mape
crop_id      county_id                                           
cherrytomato sunchang         3789.2                0.6      24.2
             jeongeup         3798.9                0.4      31.8
             iksan            4305.2                0.2      22.5
             gochang          4335.1                0.3      26.5
             namwon           4494.0                0.3      16.4
             wanju            4627.2                0.5      32.3
             jeonju           4868.0                0.3      25.3
             gimje            4907.9                0.4      19.6
             imsil            5009.6                0.4      31.9
             gunsan           6342.3                0.4      38.2
cucumber     sunchang         1204.6                0.3      40.3
             gochang          1865.6                0.5      51.4
             jangsu           2058.1                0.9      30.1
             jeonju           2222.7                0.4      24.6
             jeongeup         2344.7                0.7      21.4
             iksan            2472.3                0.7      22.0
             namwon           2517.5                0.6      19.2
             gunsan           2574.5                0.6      27.5
             imsil            2583.6                0.5      21.9
             gimje            2597.5                0.6      26.3
             wanju            2640.8                0.5      32.4
             jinan            2680.1                0.6      23.3
grape        gimje            3505.1                0.0      26.1
             muju             3835.1                0.5      25.7
             namwon           4470.1                0.2      26.8
             jeongeup         4526.1                0.2      28.2
             iksan            4582.0                0.3      33.2
             jeonju           4953.3                0.2      35.7
             wanju            7141.2                0.4      65.8
greenonion   gochang          1123.3                0.3      27.6
             jeongeup         1229.7                0.4      26.0
             namwon           1397.3                0.3      44.9
             iksan            1606.5                0.3      20.0
             gimje            1615.9                0.5      42.5
             jangsu           1670.1                0.4      29.3
             buan             1712.9                0.7      24.5
             jeonju           1863.1                0.6      20.2
             gunsan           1926.5                0.5      21.2
             wanju            1965.3                0.4      20.7
lettuce      jeonju           3275.6                0.7      29.8
             muju             3278.2                0.6      70.1
             wanju            3510.5                0.9      25.4
             gimje            3649.3                0.6      31.7
             sunchang         3772.0                0.8      28.8
             jeongeup         3809.1                0.7      38.8
             buan             3844.6                1.0      42.8
             gunsan           3868.7                0.6      30.9
             iksan            4297.9                0.7      23.7
             jinan            4460.1                0.7      29.9
             jangsu           4681.3                0.8      23.0
             namwon           4870.4                0.7      23.1
             gochang          5696.8                0.9      33.5
melon        jeonju           2016.3                0.3      22.0
             iksan            2455.3                0.4      17.4
             jeongeup         3049.5                0.9      38.3
             gochang          3913.7                0.7      24.3
peach        muju             3709.1                0.5      27.9
             iksan            4264.2                0.4      63.3
             jeonju           5922.3                0.9      24.9
             gimje            6713.3                0.1      36.5
sweetpotato  jeonju           1454.2                0.4      29.1
             jinan            1567.9                0.5      29.2
             jeongeup         1699.9                0.4      23.5
             gimje            1755.9                0.1      12.2
             wanju            1795.6                0.2      16.0
             gochang          1918.8                0.0      11.9
             iksan            1992.0                0.4      15.2
             namwon           1997.6                1.0      24.6
             gunsan           2394.4                0.7      23.9
tomato       wanju            2218.8                0.2      23.0
             muju             2380.3                0.5      24.6
             namwon           2566.5                0.6      25.5
             gimje            2623.9                0.6      25.9
             iksan            2739.2                0.6      24.2
             buan             2793.5                0.6      26.2
             jangsu           2852.3                0.7      21.2
             jeonju           2889.5                0.8      25.2
             imsil            2935.3                0.6      27.7
             jeongeup         2949.5                0.6      26.3
             jinan            3065.9                0.8      44.7
             gunsan           3667.4                0.7      30.0
watermelon   wanju            1338.8                0.2      28.9
             jeonju           1666.4                0.4      23.3
             jeongeup         1719.1                0.6      31.7
             buan             1875.0                0.7      71.2
             iksan            2063.0                0.8      23.8
             gochang          2168.9                0.5      27.4
