[2/140] cherrytomato   x gimje      관측103개월  베이스라인= 23.3%  모델= 22.8%  (alpha=2, blend=0.6)
[3/140] cherrytomato   x gochang    관측 86개월  베이스라인= 19.9%  모델= 19.4%  (alpha=20, blend=0.6)
[4/140] cherrytomato   x gunsan     관측 66개월  베이스라인= 33.1%  모델= 53.5%  (alpha=2, blend=0.6) [gpj타깃]
[5/140] cherrytomato   x iksan      관측103개월  베이스라인= 26.6%  모델= 23.2%  (alpha=50, blend=0.2)
[6/140] cherrytomato   x imsil      관측 72개월  베이스라인= 35.4%  모델= 37.5%  (alpha=100, blend=0.6) [+gpj피처]
[8/140] cherrytomato   x jeongeup   관측 89개월  베이스라인= 68.8%  모델= 72.3%  (alpha=2, blend=0.6)
[9/140] cherrytomato   x jeonju     관측100개월  베이스라인= 20.5%  모델= 22.4%  (alpha=5, blend=0.6) [+gpj피처]
[10/140] cherrytomato   x jinan      관측 46개월  베이스라인= 47.9%  모델= 40.1%  (alpha=2, blend=0.4)
[12/140] cherrytomato   x namwon     관측104개월  베이스라인= 24.9%  모델= 23.5%  (alpha=100, blend=0.4)
[13/140] cherrytomato   x sunchang   관측 72개월  베이스라인= 27.0%  모델= 24.2%  (alpha=2, blend=0.5)
[14/140] cherrytomato   x wanju      관측 76개월  베이스라인= 25.0%  모델= 29.0%  (alpha=3, blend=0.6)
[16/140] cucumber       x gimje      관측102개월  베이스라인= 32.7%  모델= 31.0%  (alpha=20, blend=0.6)
[17/140] cucumber       x gochang    관측 46개월  베이스라인= 61.4%  모델= 75.9%  (alpha=100, blend=0.6)
[18/140] cucumber       x gunsan     관측 70개월  베이스라인= 29.3%  모델= 27.4%  (alpha=5, blend=0.4) [gpj타깃]
[19/140] cucumber       x iksan      관측 98개월  베이스라인= 24.9%  모델= 21.9%  (alpha=10, blend=0.6)
[20/140] cucumber       x imsil      관측103개월  베이스라인= 26.8%  모델= 24.5%  (alpha=10, blend=0.5)
[21/140] cucumber       x jangsu     관측 79개월  베이스라인= 35.6%  모델= 33.8%  (alpha=2, blend=0.4)
[22/140] cucumber       x jeongeup   관측 81개월  베이스라인= 27.1%  모델= 26.4%  (alpha=5, blend=0.5) [+gpj피처]
[23/140] cucumber       x jeonju     관측 97개월  베이스라인= 29.5%  모델= 35.7%  (alpha=2, blend=0.6)
[24/140] cucumber       x jinan      관측103개월  베이스라인= 30.9%  모델= 26.5%  (alpha=100, blend=0.4)
[25/140] cucumber       x muju       관측 40개월  베이스라인= 65.9%  모델= 63.3%  (alpha=100, blend=0.6)
[26/140] cucumber       x namwon     관측100개월  베이스라인= 26.7%  모델= 24.9%  (alpha=2, blend=0.5)
[28/140] cucumber       x wanju      관측 84개월  베이스라인= 46.7%  모델= 42.9%  (alpha=2, blend=0.3)
[30/140] grape          x gimje      관측 47개월  베이스라인= 70.7%  모델= 62.6%  (alpha=3, blend=0.6) [gpj타깃]
[33/140] grape          x iksan      관측 78개월  베이스라인= 52.1%  모델= 38.5%  (alpha=100, blend=0.0)
[37/140] grape          x jeonju     관측 64개월  베이스라인= 46.3%  모델= 37.4%  (alpha=100, blend=0.1)
[39/140] grape          x muju       관측 52개월  베이스라인= 46.8%  모델= 32.3%  (alpha=100, blend=0.0)
[40/140] grape          x namwon     관측 58개월  베이스라인= 34.3%  모델= 23.6%  (alpha=100, blend=0.0)
[42/140] grape          x wanju      관측 57개월  베이스라인= 41.8%  모델= 45.6%  (alpha=2, blend=0.6)
[43/140] greenonion     x buan       관측 73개월  베이스라인= 58.0%  모델= 51.8%  (alpha=10, blend=0.6)
[44/140] greenonion     x gimje      관측 60개월  베이스라인=147.9%  모델=110.5%  (alpha=5, blend=0.2)
[45/140] greenonion     x gochang    관측 78개월  베이스라인= 51.0%  모델= 34.8%  (alpha=10, blend=0.2)
[46/140] greenonion     x gunsan     관측 65개월  베이스라인= 32.1%  모델= 24.4%  (alpha=20, blend=0.1) [+gpj피처]
[47/140] greenonion     x iksan      관측103개월  베이스라인= 41.6%  모델= 28.4%  (alpha=50, blend=0.0)
[49/140] greenonion     x jangsu     관측 79개월  베이스라인= 33.8%  모델= 28.8%  (alpha=2, blend=0.4)
[51/140] greenonion     x jeonju     관측103개월  베이스라인= 57.5%  모델= 39.5%  (alpha=5, blend=0.1)
[54/140] greenonion     x namwon     관측 49개월  베이스라인= 56.2%  모델= 59.9%  (alpha=2, blend=0.6) [+gpj피처]
[56/140] greenonion     x wanju      관측103개월  베이스라인= 42.4%  모델= 37.2%  (alpha=3, blend=0.4)
[57/140] lettuce        x buan       관측 44개월  베이스라인= 48.4%  모델= 43.5%  (alpha=100, blend=0.6)
[58/140] lettuce        x gimje      관측104개월  베이스라인= 40.7%  모델= 34.6%  (alpha=2, blend=0.3)
[59/140] lettuce        x gochang    관측 74개월  베이스라인= 45.0%  모델= 45.4%  (alpha=10, blend=0.6)
[60/140] lettuce        x gunsan     관측 69개월  베이스라인= 35.8%  모델= 30.0%  (alpha=10, blend=0.4) [gpj타깃]
[61/140] lettuce        x iksan      관측104개월  베이스라인= 30.1%  모델= 25.2%  (alpha=20, blend=0.4)
[63/140] lettuce        x jangsu     관측103개월  베이스라인= 26.2%  모델= 23.3%  (alpha=10, blend=0.5)
[65/140] lettuce        x jeonju     관측103개월  베이스라인= 35.7%  모델= 30.2%  (alpha=10, blend=0.3)
[66/140] lettuce        x jinan      관측 98개월  베이스라인= 42.7%  모델= 40.5%  (alpha=20, blend=0.6)
[67/140] lettuce        x muju       관측 63개월  베이스라인= 65.2%  모델= 54.1%  (alpha=100, blend=0.5)
[68/140] lettuce        x namwon     관측104개월  베이스라인= 28.6%  모델= 25.2%  (alpha=20, blend=0.4) [+gpj피처]
[69/140] lettuce        x sunchang   관측104개월  베이스라인= 33.1%  모델= 29.7%  (alpha=100, blend=0.5)
[70/140] lettuce        x wanju      관측104개월  베이스라인= 27.7%  모델= 24.2%  (alpha=30, blend=0.4)
[73/140] melon          x gochang    관측 57개월  베이스라인= 26.8%  모델= 22.0%  (alpha=100, blend=0.4)
[75/140] melon          x iksan      관측 59개월  베이스라인= 25.6%  모델= 26.7%  (alpha=100, blend=0.6)
[78/140] melon          x jeongeup   관측 43개월  베이스라인= 39.7%  모델= 41.2%  (alpha=100, blend=0.6)
[79/140] melon          x jeonju     관측 40개월  베이스라인= 25.3%  모델= 29.5%  (alpha=5, blend=0.6)
[86/140] peach          x gimje      관측 40개월  베이스라인= 33.0%  모델= 33.8%  (alpha=100, blend=0.6)
[89/140] peach          x iksan      관측 44개월  베이스라인= 41.5%  모델= 48.8%  (alpha=100, blend=0.6)
[93/140] peach          x jeonju     관측 47개월  베이스라인= 22.7%  모델= 26.0%  (alpha=2, blend=0.6)
[96/140] peach          x namwon     관측 42개월  베이스라인= 19.0%  모델= 16.0%  (alpha=100, blend=0.4)
[100/140] sweetpotato    x gimje      관측104개월  베이스라인= 23.8%  모델= 12.9%  (alpha=10, blend=0.0)
[101/140] sweetpotato    x gochang    관측103개월  베이스라인= 20.5%  모델= 11.7%  (alpha=2, blend=0.1)
[102/140] sweetpotato    x gunsan     관측 60개월  베이스라인= 27.5%  모델= 23.7%  (alpha=10, blend=0.4) [gpj타깃]
[103/140] sweetpotato    x iksan      관측103개월  베이스라인= 23.4%  모델= 16.8%  (alpha=100, blend=0.2)
[106/140] sweetpotato    x jeongeup   관측 48개월  베이스라인= 25.3%  모델= 20.3%  (alpha=30, blend=0.2)
[107/140] sweetpotato    x jeonju     관측 73개월  베이스라인= 36.6%  모델= 29.5%  (alpha=100, blend=0.0) [+gpj피처]
[108/140] sweetpotato    x jinan      관측 69개월  베이스라인= 39.3%  모델= 36.5%  (alpha=3, blend=0.4)
[110/140] sweetpotato    x namwon     관측 43개월  베이스라인= 44.2%  모델= 36.0%  (alpha=100, blend=0.0)
[112/140] sweetpotato    x wanju      관측 79개월  베이스라인= 21.6%  모델= 16.6%  (alpha=10, blend=0.2)
[113/140] tomato         x buan       관측 62개월  베이스라인= 26.2%  모델= 24.7%  (alpha=2, blend=0.6)
[114/140] tomato         x gimje      관측 91개월  베이스라인= 32.7%  모델= 25.2%  (alpha=5, blend=0.4)
[116/140] tomato         x gunsan     관측 63개월  베이스라인= 33.6%  모델= 29.7%  (alpha=20, blend=0.6) [gpj타깃]
[117/140] tomato         x iksan      관측 95개월  베이스라인= 43.2%  모델= 36.8%  (alpha=100, blend=0.0)
[118/140] tomato         x imsil      관측 79개월  베이스라인= 29.7%  모델= 30.7%  (alpha=2, blend=0.6)
[119/140] tomato         x jangsu     관측104개월  베이스라인= 24.6%  모델= 20.0%  (alpha=30, blend=0.2)
[120/140] tomato         x jeongeup   관측 68개월  베이스라인= 31.4%  모델= 35.2%  (alpha=2, blend=0.6)
[121/140] tomato         x jeonju     관측100개월  베이스라인= 25.1%  모델= 23.1%  (alpha=100, blend=0.6) [+gpj피처]
[122/140] tomato         x jinan      관측 88개월  베이스라인= 25.3%  모델= 37.6%  (alpha=2, blend=0.6)
[123/140] tomato         x muju       관측 86개월  베이스라인= 31.9%  모델= 25.9%  (alpha=2, blend=0.1)
[124/140] tomato         x namwon     관측 97개월  베이스라인= 29.2%  모델= 25.5%  (alpha=100, blend=0.6)
[126/140] tomato         x wanju      관측 73개월  베이스라인= 23.5%  모델= 24.2%  (alpha=2, blend=0.6)
[127/140] watermelon     x buan       관측 48개월  베이스라인=297.6%  모델=462.9%  (alpha=100, blend=0.6)
[129/140] watermelon     x gochang    관측100개월  베이스라인= 34.3%  모델= 33.8%  (alpha=100, blend=0.6)
[131/140] watermelon     x iksan      관측 79개월  베이스라인= 26.2%  모델= 27.4%  (alpha=3, blend=0.6) [+gpj피처]
[134/140] watermelon     x jeongeup   관측 42개월  베이스라인= 54.2%  모델= 59.2%  (alpha=2, blend=0.6)
[135/140] watermelon     x jeonju     관측 53개월  베이스라인= 32.1%  모델= 33.2%  (alpha=2, blend=0.6)

얇은 표본 조합 중 작물 컨센서스 파라미터 채택: 4개

==========================================================================================
유효 조합 84개 / 전체 140개 (나머지는 40개월 미만이라 스킵)
==========================================================================================
     crop_id county_id  n_obs  skipped target_source  params_source  baseline_mape  best_alpha  best_blend_w use_gpj_feature feature_variant  model_mape  n_folds  consensus_alpha  consensus_blend_w  consensus_mape  model_mape_own
 sweetpotato   gochang    103    False        origin            own      20.546983         2.0           0.1           False                   11.667544      6.0              NaN                NaN             NaN             NaN
 sweetpotato     gimje    104    False        origin            own      23.827900        10.0           0.0           False                   12.868926      6.0              NaN                NaN             NaN             NaN
       peach    namwon     42    False        origin            own      18.967562       100.0           0.4           False                   16.035948      6.0              NaN                NaN             NaN             NaN
 sweetpotato     wanju     79    False        origin            own      21.646255        10.0           0.2           False                   16.590568      6.0              NaN                NaN             NaN             NaN
 sweetpotato     iksan    103    False        origin            own      23.412436       100.0           0.2           False                   16.840283      6.0              NaN                NaN             NaN             NaN
cherrytomato   gochang     86    False        origin            own      19.922509        20.0           0.6           False                   19.440327      6.0              NaN                NaN             NaN             NaN
      tomato    jangsu    104    False        origin            own      24.588659        30.0           0.2           False                   19.955285      6.0              NaN                NaN             NaN             NaN
 sweetpotato  jeongeup     48    False        origin crop_consensus      25.276269        10.0           0.1           False   storable_long   21.243771      5.0             10.0                0.1       21.243771       20.326087
    cucumber     iksan     98    False        origin            own      24.946505        10.0           0.6           False                   21.947610      6.0              NaN                NaN             NaN             NaN
       melon   gochang     57    False        origin            own      26.755892       100.0           0.4           False                   22.040458      6.0              NaN                NaN             NaN             NaN
cherrytomato    jeonju    100    False        origin            own      20.458534         5.0           0.6            True                   22.423607      6.0              NaN                NaN             NaN             NaN
cherrytomato     gimje    103    False        origin            own      23.327993         2.0           0.6           False                   22.838788      6.0              NaN                NaN             NaN             NaN
      tomato    jeonju    100    False        origin            own      25.060582       100.0           0.6            True                   23.116007      6.0              NaN                NaN             NaN             NaN
cherrytomato     iksan    103    False        origin            own      26.550598        50.0           0.2           False                   23.215830      6.0              NaN                NaN             NaN             NaN
     lettuce    jangsu    103    False        origin            own      26.208711        10.0           0.5           False                   23.257112      6.0              NaN                NaN             NaN             NaN
cherrytomato    namwon    104    False        origin            own      24.920310       100.0           0.4           False                   23.461747      6.0              NaN                NaN             NaN             NaN
       grape    namwon     58    False        origin            own      34.252114       100.0           0.0           False                   23.570025      6.0              NaN                NaN             NaN             NaN
 sweetpotato    gunsan     60    False           gpj            own      27.512872        10.0           0.4           False                   23.731977      5.0              NaN                NaN             NaN             NaN
      tomato     wanju     73    False        origin            own      23.506987         2.0           0.6           False                   24.180760      6.0              NaN                NaN             NaN             NaN
cherrytomato  sunchang     72    False        origin            own      26.983446         2.0           0.5           False                   24.217475      6.0              NaN                NaN             NaN             NaN
     lettuce     wanju    104    False        origin            own      27.748446        30.0           0.4           False                   24.236246      6.0              NaN                NaN             NaN             NaN
  greenonion    gunsan     65    False        origin            own      32.068052        20.0           0.1            True                   24.426420      5.0              NaN                NaN             NaN             NaN
    cucumber     imsil    103    False        origin            own      26.790207        10.0           0.5           False                   24.473810      6.0              NaN                NaN             NaN             NaN
      tomato      buan     62    False        origin            own      26.211036         2.0           0.6           False                   24.748650      6.0              NaN                NaN             NaN             NaN
    cucumber    namwon    100    False        origin            own      26.701111         2.0           0.5           False                   24.917939      6.0              NaN                NaN             NaN             NaN
     lettuce     iksan    104    False        origin            own      30.119158        20.0           0.4           False                   25.155987      6.0              NaN                NaN             NaN             NaN
      tomato     gimje     91    False        origin            own      32.730795         5.0           0.4           False                   25.209859      6.0              NaN                NaN             NaN             NaN
     lettuce    namwon    104    False        origin            own      28.637711        20.0           0.4            True   leafy_weather   25.234395      6.0              NaN                NaN             NaN             NaN
      tomato    namwon     97    False        origin            own      29.201590       100.0           0.6           False                   25.484358      6.0              NaN                NaN             NaN             NaN
      tomato      muju     86    False        origin            own      31.869448         2.0           0.1           False                   25.932110      6.0              NaN                NaN             NaN             NaN
       peach    jeonju     47    False        origin            own      22.706514         2.0           0.6           False                   25.976596      6.0              NaN                NaN             NaN             NaN
    cucumber  jeongeup     81    False        origin            own      27.098133         5.0           0.5            True                   26.417076      6.0              NaN                NaN             NaN             NaN
    cucumber     jinan    103    False        origin            own      30.906512       100.0           0.4           False                   26.505033      6.0              NaN                NaN             NaN             NaN
       melon     iksan     59    False        origin            own      25.564249       100.0           0.6           False                   26.709635      6.0              NaN                NaN             NaN             NaN
  watermelon     iksan     79    False        origin            own      26.167632         3.0           0.6            True                   27.400389      6.0              NaN                NaN             NaN             NaN
    cucumber    gunsan     70    False           gpj            own      29.268712         5.0           0.4           False                   27.412320      5.0              NaN                NaN             NaN             NaN
  greenonion     iksan    103    False        origin            own      41.638841        50.0           0.0           False                   28.435785      6.0              NaN                NaN             NaN             NaN
  greenonion    jangsu     79    False        origin            own      33.753567         2.0           0.4           False                   28.849577      6.0              NaN                NaN             NaN             NaN
cherrytomato     wanju     76    False        origin            own      25.016623         3.0           0.6           False                   28.965034      6.0              NaN                NaN             NaN             NaN
       melon    jeonju     40    False        origin            own      25.260008         5.0           0.6           False                   29.494347      6.0              NaN                NaN             NaN             NaN
 sweetpotato    jeonju     73    False        origin            own      36.570280       100.0           0.0            True                   29.504131      6.0              NaN                NaN             NaN             NaN
     lettuce  sunchang    104    False        origin            own      33.140816       100.0           0.5           False   leafy_weather   29.679247      6.0              NaN                NaN             NaN             NaN
      tomato    gunsan     63    False           gpj            own      33.576696        20.0           0.6           False                   29.748751      5.0              NaN                NaN             NaN             NaN
     lettuce    gunsan     69    False           gpj            own      35.814380        10.0           0.4           False   leafy_weather   29.952975      5.0              NaN                NaN             NaN             NaN
     lettuce    jeonju    103    False        origin            own      35.715237        10.0           0.3           False                   30.235891      6.0              NaN                NaN             NaN             NaN
      tomato     imsil     79    False        origin            own      29.655104         2.0           0.6           False                   30.735181      6.0              NaN                NaN             NaN             NaN
    cucumber     gimje    102    False        origin            own      32.708490        20.0           0.6           False                   30.975663      6.0              NaN                NaN             NaN             NaN
       grape      muju     52    False        origin            own      46.783731       100.0           0.0           False                   32.333765      6.0              NaN                NaN             NaN             NaN
  watermelon    jeonju     53    False        origin            own      32.118330         2.0           0.6           False                   33.198187      6.0              NaN                NaN             NaN             NaN
       peach     gimje     40    False        origin            own      32.980143       100.0           0.6           False                   33.751488      6.0              NaN                NaN             NaN             NaN
    cucumber    jangsu     79    False        origin            own      35.603884         2.0           0.4           False                   33.757716      6.0              NaN                NaN             NaN             NaN
  watermelon   gochang    100    False        origin            own      34.264900       100.0           0.6           False                   33.824957      6.0              NaN                NaN             NaN             NaN
     lettuce     gimje    104    False        origin            own      40.749693         2.0           0.3           False   leafy_weather   34.631275      6.0              NaN                NaN             NaN             NaN
  greenonion   gochang     78    False        origin            own      51.017384        10.0           0.2           False                   34.763704      6.0              NaN                NaN             NaN             NaN
      tomato  jeongeup     68    False        origin            own      31.405520         2.0           0.6           False                   35.188160      6.0              NaN                NaN             NaN             NaN
    cucumber    jeonju     97    False        origin            own      29.523282         2.0           0.6           False                   35.682513      6.0              NaN                NaN             NaN             NaN
 sweetpotato     jinan     69    False        origin            own      39.253637         3.0           0.4           False                   36.468854      6.0              NaN                NaN             NaN             NaN
      tomato     iksan     95    False        origin            own      43.165531       100.0           0.0           False                   36.789153      6.0              NaN                NaN             NaN             NaN
 sweetpotato    namwon     43    False        origin crop_consensus      44.249509        10.0           0.1           False                   37.201340      6.0             10.0                0.1       37.201340       35.998731
  greenonion     wanju    103    False        origin            own      42.423967         3.0           0.4           False                   37.227439      6.0              NaN                NaN             NaN             NaN
       grape    jeonju     64    False        origin            own      46.322212       100.0           0.1           False                   37.371712      6.0              NaN                NaN             NaN             NaN
cherrytomato     imsil     72    False        origin            own      35.363304       100.0           0.6            True                   37.506731      6.0              NaN                NaN             NaN             NaN
      tomato     jinan     88    False        origin            own      25.251580         2.0           0.6           False                   37.614579      6.0              NaN                NaN             NaN             NaN
       grape     iksan     78    False        origin            own      52.141092       100.0           0.0           False                   38.542183      6.0              NaN                NaN             NaN             NaN
  greenonion    jeonju    103    False        origin            own      57.540719         5.0           0.1           False                   39.529314      6.0              NaN                NaN             NaN             NaN
     lettuce     jinan     98    False        origin            own      42.666966        20.0           0.6           False                   40.510372      6.0              NaN                NaN             NaN             NaN
       melon  jeongeup     43    False        origin            own      39.733896       100.0           0.6           False                   41.239982      5.0              NaN                NaN             NaN             NaN
cherrytomato     jinan     46    False        origin crop_consensus      47.947748         5.0           0.6           False                   41.877052      5.0              5.0                0.6       41.877052       40.068769
    cucumber     wanju     84    False        origin            own      46.744531         2.0           0.3           False                   42.906115      6.0              NaN                NaN             NaN             NaN
     lettuce      buan     44    False        origin crop_consensus      48.363043        20.0           0.4           False                   45.018921      4.0             20.0                0.4       45.018921       43.484730
     lettuce   gochang     74    False        origin            own      45.012354        10.0           0.6           False                   45.405085      6.0              NaN                NaN             NaN             NaN
       grape     wanju     57    False        origin            own      41.843866         2.0           0.6           False                   45.589017      5.0              NaN                NaN             NaN             NaN
       peach     iksan     44    False        origin            own      41.459342       100.0           0.6           False                   48.781597      6.0              NaN                NaN             NaN             NaN
  greenonion      buan     73    False        origin            own      58.035708        10.0           0.6           False   leafy_weather   51.785542      6.0              NaN                NaN             NaN             NaN
cherrytomato    gunsan     66    False           gpj            own      33.137921         2.0           0.6           False                   53.481155      5.0              NaN                NaN             NaN             NaN
     lettuce      muju     63    False        origin            own      65.221214       100.0           0.5           False                   54.054943      6.0              NaN                NaN             NaN             NaN
  watermelon  jeongeup     42    False        origin            own      54.227000         2.0           0.6           False                   59.249256      6.0              NaN                NaN             NaN             NaN
  greenonion    namwon     49    False        origin            own      56.242879         2.0           0.6            True   leafy_weather   59.885570      6.0              5.0                0.3       68.876956             NaN
       grape     gimje     47    False           gpj            own      70.677348         3.0           0.6           False                   62.625421      5.0              NaN                NaN             NaN             NaN
    cucumber      muju     40    False        origin            own      65.935332       100.0           0.6           False                   63.317081      6.0              5.0                0.5       68.091843             NaN
cherrytomato  jeongeup     89    False        origin            own      68.844595         2.0           0.6           False                   72.264142      6.0              NaN                NaN             NaN             NaN
    cucumber   gochang     46    False        origin            own      61.370877       100.0           0.6           False                   75.921154      6.0              5.0                0.5       83.363937             NaN
  greenonion     gimje     60    False        origin            own     147.902282         5.0           0.2           False   leafy_weather  110.530659      6.0              NaN                NaN             NaN             NaN
  watermelon      buan     48    False        origin            own     297.568942       100.0           0.6           False                  462.865701      6.0              NaN                NaN             NaN             NaN

저장 완료: ../outputs/crop_county_cv_summary.csv
