[제외] cherrytomato x jinan: CV MAPE 117% (데이터 문제 — HANDOFF.md 참고)
예측 대상 조합: 87개

========================================================================================
2025년 검증 (학습: ~2024-12)
========================================================================================
     crop_id county_id  label target_source  n_train  n_test  baseline_MAPE  model_MAPE  cv_mape_ref  spike_threshold
cherrytomato     iksan 2025검증        origin       82      12      14.445838   14.386446    22.490684      5726.580879
cherrytomato    namwon 2025검증        origin       84      12      15.029874   16.019716    16.444887      5580.533259
cherrytomato  sunchang 2025검증        origin       47       6      19.298762   16.424428    24.205828      4670.996651
cherrytomato   gochang 2025검증        origin       66      10      17.921902   18.080464    26.506386      5568.802395
cherrytomato     gimje 2025검증        origin       82      12      16.466301   20.605396    19.632033      6016.802371
cherrytomato    jeonju 2025검증        origin       83      11      24.635764   28.969084    25.320879      6337.735592
cherrytomato  jeongeup 2025검증        origin       74      12      29.133492   31.869870    31.821296      4722.559246
cherrytomato    gunsan 2025검증        origin       31       3      45.954150   36.621104    38.164508      7896.610169
cherrytomato     imsil 2025검증        origin       55      12      27.531865   44.957887    31.890372      6869.793666
cherrytomato     wanju 2025검증        origin       54      12      39.788296   49.304293    32.314135      5186.387352
    cucumber  sunchang 2025검증        origin       41       2      14.575191    9.630831    40.261377      2066.911765
    cucumber    namwon 2025검증        origin       82      10      12.995590   11.121477    19.221353      2798.517997
    cucumber     iksan 2025검증        origin       77      12      20.601146   12.445987    21.980226      2692.008492
    cucumber     gimje 2025검증        origin       81      12      21.631358   14.656704    26.316503      2990.536398
    cucumber  jeongeup 2025검증        origin       79      12      15.127376   18.503491    21.361323      2578.902740
    cucumber     imsil 2025검증        origin       84      12      18.727637   18.629084    21.936284      3054.289547
    cucumber    jeonju 2025검증        origin       82      12      17.894789   19.914664    24.591048      2575.118387
    cucumber    gunsan 2025검증           gpj       59       8      18.842142   20.661833    27.543573      3643.704076
    cucumber     wanju 2025검증        origin       59      12      24.607663   21.106091    32.416127      3327.269133
    cucumber    jangsu 2025검증        origin       63      10      23.081956   21.557495    30.093655      2065.900991
    cucumber     jinan 2025검증        origin       83      12      23.501559   23.279440    23.307001      2944.622446
    cucumber   gochang 2025검증        origin       34       8      32.201007   28.445264    51.359512      2603.529412
       grape  jeongeup 2025검증        origin       40       8      27.689156   23.543622    28.246723      7136.738532
       grape     iksan 2025검증        origin       58      10      31.864282   27.706080    33.174913      6306.071654
       grape     gimje 2025검증        origin       32       6      41.374047   29.020543    26.057929      5894.751854
       grape    namwon 2025검증        origin       46       8      69.075657   35.287157    26.819283      7936.495646
       grape     wanju 2025검증        origin       38       7      40.943869   36.452183    65.779051     10104.457123
       grape      muju 2025검증        origin       36       9      51.637005   41.758950    25.685091      4399.962236
       grape    jeonju 2025검증        origin       66       8      70.199386   59.720873    35.656243      7616.784015
  greenonion     iksan 2025검증        origin       84      12      14.596439   13.966662    20.029389      2087.797831
  greenonion     gimje 2025검증        origin       42       6      25.225417   14.846526    42.511900      2082.701659
  greenonion    jeonju 2025검증        origin       84      12      22.532944   15.570591    20.174334      2290.982230
  greenonion   gochang 2025검증        origin       55       4      16.840369   18.204013    27.628978      1459.277275
  greenonion      buan 2025검증        origin       59      10      23.740855   18.938056    24.506683      1859.714284
  greenonion     wanju 2025검증        origin       84      12      20.894735   18.976871    20.655757      2223.260825
  greenonion  jeongeup 2025검증        origin       71      12      20.560225   21.770441    26.022755      1535.672515
  greenonion    jangsu 2025검증        origin       53       4      41.408736   33.312303    29.281195      2041.585366
  greenonion    namwon 2025검증        origin       40       3      23.931192   36.583514    44.873114      1937.227368
     lettuce     gimje 2025검증        origin       83      12      21.706632   10.235929    31.737577      5216.388583
     lettuce     wanju 2025검증        origin       84      12      16.265644   10.455280    25.385461      4303.357289
     lettuce     iksan 2025검증        origin       84      12      23.870278   13.494206    23.652494      5831.811749
     lettuce    namwon 2025검증        origin       84      12      16.685586   15.105964    23.131416      6198.295272
     lettuce    jangsu 2025검증        origin       84      12      20.216245   16.753402    22.981616      6038.025283
     lettuce  jeongeup 2025검증        origin       71      12      23.959647   22.114667    38.792918      5763.739464
     lettuce      muju 2025검증        origin       39       6      18.302764   22.565401    70.141201      5056.002638
     lettuce    jeonju 2025검증        origin       84      12      29.558118   23.301330    29.837540      4321.240451
     lettuce     jinan 2025검증        origin       73      12      23.078125   24.325589    29.875028      5917.761263
     lettuce      buan 2025검증        origin       42       7      33.915851   24.588663    42.818622      5118.093315
     lettuce  sunchang 2025검증        origin       84      12      27.637573   26.194622    28.835009      4780.481570
     lettuce    gunsan 2025검증           gpj       59       7      49.380549   34.630447    30.902491      5158.277408
     lettuce   gochang 2025검증        origin       57       8      39.577526   34.789568    33.510214      5890.071435
       melon    jeonju 2025검증        origin       33       5      18.949227   18.271255    22.037048      2486.175279
       melon     iksan 2025검증        origin       49       7      20.759985   18.501621    17.378292      2782.556511
       melon   gochang 2025검증        origin       47       8      22.422559   20.224764    24.328489      4601.439103
       melon  jeongeup 2025검증        origin       38       7      52.126997   71.285904    38.338051      3352.122730
       peach     gimje 2025검증        origin       31       5      19.581214   17.851392    36.533693     11451.572719
       peach    jeonju 2025검증        origin       36       5      21.159483   18.875337    24.904875      4905.694433
       peach     iksan 2025검증        origin       33       5      28.512216   33.337438    63.280421      5162.865364
       peach      muju 2025검증        origin       32       5      44.570902   37.474027    27.944423      4264.916577
 sweetpotato   gochang 2025검증        origin       84      12      10.353251    8.276444    11.949870      2529.467787
 sweetpotato     gimje 2025검증        origin       84      12      16.886145    8.583441    12.206499      2515.716161
 sweetpotato     iksan 2025검증        origin       84      12      17.041224    9.839395    15.185301      2376.233551
 sweetpotato     wanju 2025검증        origin       68      10      10.202500   10.913994    15.980949      2405.948127
 sweetpotato     jinan 2025검증        origin       59       9       9.847539   15.395742    29.180275      2185.795853
 sweetpotato    jeonju 2025검증        origin       68       6      13.894336   15.742573    29.123323      1899.627086
 sweetpotato    namwon 2025검증           gpj       46       3      22.225905   18.072256    24.575467      2365.454545
 sweetpotato  jeongeup 2025검증        origin       70      12      15.965906   18.092912    23.529608      2187.968751
 sweetpotato    gunsan 2025검증           gpj       54       6      28.325169   19.853921    23.889139      2587.403846
      tomato    gunsan 2025검증           gpj       53       7      13.971951    8.115721    29.964549      4651.383721
      tomato     imsil 2025검증        origin       62      10      14.396934   11.491789    27.701368      3418.258810
      tomato    jangsu 2025검증        origin       84      12      13.962966   12.577598    21.183678      3249.150971
      tomato     wanju 2025검증        origin       63       7      20.973660   15.317015    23.047440      3060.587722
      tomato     jinan 2025검증        origin       68      12      14.367831   15.692181    44.666961      3501.451332
      tomato     iksan 2025검증        origin       76      11      22.083509   16.558991    24.182674      3134.954545
      tomato     gimje 2025검증        origin       72      12      17.850169   16.703154    25.872662      3300.029530
      tomato      muju 2025검증        origin       67      12      17.964783   17.043853    24.638338      2880.518616
      tomato  jeongeup 2025검증        origin       69      11      23.196506   19.316553    26.285046      3174.320675
      tomato      buan 2025검증        origin       32       9      20.111361   20.271710    26.162950      3461.531975
      tomato    namwon 2025검증        origin       76      12      19.152752   23.698005    25.502369      3031.582026
      tomato    jeonju 2025검증        origin       83      11      23.803535   25.401221    25.242520      3478.685803
  watermelon    jeonju 2025검증        origin       49       6      19.166672   15.048193    23.349053      2240.048820
  watermelon     wanju 2025검증        origin       38       4      22.435754   21.224451    28.867426      1860.528719
  watermelon     iksan 2025검증        origin       71      10      23.112132   24.184562    23.766816      2555.162968
  watermelon   gochang 2025검증        origin       82      12      23.783910   25.564797    27.447119      2726.004237
  watermelon      buan 2025검증        origin       41       6      25.458444   25.853045    71.198696      2269.785795
  watermelon  jeongeup 2025검증        origin       46       9      27.156675   29.637373    31.714812      2033.406710

[작물별 요약]
              n_combos  baseline_MAPE  model_MAPE
crop_id                                          
sweetpotato          9           16.1        13.9
tomato              12           18.5        16.8
cucumber            12           20.3        18.3
greenonion           9           23.3        21.4
lettuce             13           26.5        21.4
watermelon           6           23.5        23.6
peach                4           28.5        26.9
cherrytomato        10           25.0        27.7
melon                4           28.6        32.1
grape                7           47.5        36.2

========================================================================================
2026년 실적대조 (학습: ~2025-12)
========================================================================================
     crop_id county_id    label target_source  n_train  n_test  baseline_MAPE  model_MAPE  cv_mape_ref  spike_threshold
cherrytomato     gimje 2026실적대조        origin       94       8       5.982403    5.645642    19.632033      6056.788790
cherrytomato    namwon 2026실적대조        origin       96       8      13.265976   10.211303    16.444887      5614.851499
cherrytomato  jeongeup 2026실적대조        origin       86       7      19.032482   13.496505    31.821296      4813.449128
cherrytomato   gochang 2026실적대조        origin       76       7      14.900539   15.616807    26.506386      5568.802395
cherrytomato  sunchang 2026실적대조        origin       53       4      18.513574   15.665191    24.205828      4978.877018
cherrytomato     imsil 2026실적대조        origin       67       7      25.997338   25.979324    31.890372      6192.566434
cherrytomato     iksan 2026실적대조        origin       94       8      29.410307   26.238408    22.490684      5634.267512
cherrytomato     wanju 2026실적대조        origin       66       3      33.939876   30.519285    32.314135      5320.512821
cherrytomato    jeonju 2026실적대조        origin       94       8      45.807072   37.457721    25.320879      6260.547877
cherrytomato    gunsan 2026실적대조        origin       34       6     130.834136  101.692063    38.164508      7818.277095
    cucumber     iksan 2026실적대조        origin       89       8       8.889653    8.577290    21.980226      2815.453081
    cucumber    jangsu 2026실적대조        origin       73       8      10.839184   11.065265    30.093655      2101.502058
    cucumber     imsil 2026실적대조        origin       96       8      21.979727   15.198957    21.936284      3087.400984
    cucumber    jeonju 2026실적대조        origin       94       8      17.746552   18.270452    24.591048      2592.331181
    cucumber     jinan 2026실적대조        origin       95       8      23.240361   18.663036    23.307001      2974.714531
    cucumber     gimje 2026실적대조        origin       93       8      23.087972   19.327519    26.316503      3056.471163
    cucumber    namwon 2026실적대조        origin       92       8      16.033704   20.991250    19.221353      2786.589369
    cucumber  jeongeup 2026실적대조        origin       91       8      25.596346   21.565417    21.361323      2644.000000
    cucumber     wanju 2026실적대조        origin       71       7      24.178740   23.120213    32.416127      3347.826096
    cucumber    gunsan 2026실적대조           gpj       67       3      32.230662   26.281575    27.543573      3660.810785
    cucumber   gochang 2026실적대조        origin       42       5      47.567077   39.523357    51.359512      2561.717647
    cucumber  sunchang 2026실적대조        origin       43       1     150.377652  152.741895    40.261377      2102.992987
       grape     gimje 2026실적대조        origin       38       4       5.440604    9.828904    26.057929      5851.618996
       grape     wanju 2026실적대조        origin       45       5      14.052374   11.852846    65.779051      9559.398864
       grape  jeongeup 2026실적대조        origin       48       1       1.874267   14.678602    28.246723      7118.451923
       grape     iksan 2026실적대조        origin       68       5      33.037704   25.122783    33.174913      6169.604442
       grape      muju 2026실적대조        origin       45       5      57.593565   28.703421    25.685091      4317.625583
       grape    namwon 2026실적대조        origin       54       5      54.322156   29.773117    26.819283      7962.203969
       grape    jeonju 2026실적대조        origin       74       3      49.130269   50.661951    35.656243      7601.509121
  greenonion  jeongeup 2026실적대조        origin       83       8      19.135710   17.029639    26.022755      1510.683549
  greenonion     iksan 2026실적대조        origin       96       8      32.096617   18.165307    20.029389      2082.149223
  greenonion      buan 2026실적대조        origin       69       5      24.370231   20.490434    24.506683      1912.873317
  greenonion    jeonju 2026실적대조        origin       96       8      32.578230   23.805689    20.174334      2026.718157
  greenonion     wanju 2026실적대조        origin       96       8      27.387634   24.731406    20.655757      2197.818757
  greenonion   gochang 2026실적대조        origin       59       4      39.449208   36.895135    27.628978      1473.792254
  greenonion    jangsu 2026실적대조        origin       57       3      38.875259   38.129207    29.281195      2000.970350
  greenonion     gimje 2026실적대조        origin       48       5      64.735647   41.596154    42.511900      2043.787780
  greenonion    namwon 2026실적대조        origin       43       1      37.357708   48.862926    44.873114      1891.231028
     lettuce     wanju 2026실적대조        origin       96       8      13.616447   13.821118    25.385461      4418.213446
     lettuce    namwon 2026실적대조        origin       96       8      13.355051   14.735358    23.131416      6332.506504
     lettuce  sunchang 2026실적대조        origin       96       8      14.762658   14.991110    28.835009      4754.653438
     lettuce    jeonju 2026실적대조        origin       96       8      25.181910   19.247245    29.837540      4293.272690
     lettuce    jangsu 2026실적대조        origin       96       8      18.320515   19.905820    22.981616      6033.445765
     lettuce     gimje 2026실적대조        origin       95       8      15.913687   20.049441    31.737577      5197.356162
     lettuce    gunsan 2026실적대조           gpj       66       3      18.402458   21.144108    30.902491      5151.944444
     lettuce  jeongeup 2026실적대조        origin       83       8      25.212300   21.859056    38.792918      5613.300606
     lettuce      muju 2026실적대조        origin       45       3      33.103260   23.521615    70.141201      5033.445445
     lettuce     iksan 2026실적대조        origin       96       8      27.695538   25.745000    23.652494      5784.700720
     lettuce     jinan 2026실적대조        origin       85       8      29.848180   29.120625    29.875028      5784.659316
     lettuce      buan 2026실적대조        origin       49       7      55.883999   78.101163    42.818622      5028.671755
     lettuce   gochang 2026실적대조        origin       65       5      84.073241  110.722996    33.510214      6031.481446
       melon     iksan 2026실적대조        origin       56       4      14.625018   13.052489    17.378292      3019.230769
       melon    jeonju 2026실적대조        origin       38       3      23.880952   18.047890    22.037048      2487.776770
       melon   gochang 2026실적대조        origin       55       4      32.373064   24.548313    24.328489      4346.545579
       melon  jeongeup 2026실적대조        origin       45       4     107.527184  115.336209    38.338051      3341.492936
       peach    jeonju 2026실적대조        origin       41       3      13.772034   12.998497    24.904875      5249.277843
       peach     iksan 2026실적대조        origin       38       4      21.482526   21.446238    63.280421      5299.320644
       peach     gimje 2026실적대조        origin       36       4      22.588801   22.234880    36.533693     11451.572719
       peach      muju 2026실적대조        origin       37       3      73.582825   64.733317    27.944423      4553.866113
 sweetpotato   gochang 2026실적대조        origin       96       8       5.079563    6.082406    11.949870      2502.410976
 sweetpotato     iksan 2026실적대조        origin       96       8       5.219805    6.412245    15.185301      2305.298443
 sweetpotato     gimje 2026실적대조        origin       96       8      10.205065    8.481104    12.206499      2452.966611
 sweetpotato     wanju 2026실적대조        origin       78       8       5.672761    9.768562    15.980949      2366.770114
 sweetpotato     jinan 2026실적대조        origin       68       5       9.143101    9.808873    29.180275      2225.058534
 sweetpotato    namwon 2026실적대조           gpj       49       1      32.596154   18.286229    24.575467      2316.431818
 sweetpotato  jeongeup 2026실적대조        origin       82       8      20.951419   23.245440    23.529608      2201.115149
 sweetpotato    jeonju 2026실적대조        origin       74       5      16.701145   25.204489    29.123323      1862.360368
      tomato    jeonju 2026실적대조        origin       94       7      11.059922    6.950946    25.242520      3564.102974
      tomato    gunsan 2026실적대조           gpj       60       3       8.546239   11.330434    29.964549      4689.965078
      tomato    jangsu 2026실적대조        origin       96       8      16.116871   14.015070    21.183678      3391.433111
      tomato      buan 2026실적대조        origin       41       7      20.170380   14.568939    26.162950      3431.661874
      tomato  jeongeup 2026실적대조        origin       80       7      13.581295   16.218044    26.285046      3267.150388
      tomato      muju 2026실적대조        origin       79       8      16.179425   16.502582    24.638338      2864.072013
      tomato     iksan 2026실적대조        origin       87       7      16.842588   16.781212    24.182674      3406.971325
      tomato     jinan 2026실적대조        origin       80       7      18.422294   18.108526    44.666961      3709.363435
      tomato     wanju 2026실적대조        origin       70       7      15.843554   18.643103    23.047440      3326.272186
      tomato    namwon 2026실적대조        origin       88       8      25.215421   21.667182    25.502369      3012.858677
      tomato     imsil 2026실적대조        origin       72       7      25.952494   32.877336    27.701368      3418.258810
      tomato     gimje 2026실적대조        origin       84       8      25.244893   32.971211    25.872662      3345.099610
  watermelon    jeonju 2026실적대조        origin       55       5      17.122559   13.740779    23.349053      2229.498967
  watermelon     iksan 2026실적대조        origin       81       7      26.903909   18.325257    23.766816      2555.162968
  watermelon     wanju 2026실적대조        origin       42       5      23.208210   20.953801    28.867426      1960.105304
  watermelon   gochang 2026실적대조        origin       94       7      26.223009   24.349625    27.447119      2708.314225
  watermelon  jeongeup 2026실적대조        origin       55       5      29.849158   47.217993    31.714812      2228.377087
  watermelon      buan 2026실적대조        origin       47       5      43.161182   50.133655    71.198696      2295.134266

[작물별 요약]
              n_combos  baseline_MAPE  model_MAPE
crop_id                                          
sweetpotato          8           13.2        13.4
tomato              12           17.8        18.4
grape                7           30.8        24.4
cherrytomato        10           33.8        28.3
watermelon           6           27.7        29.1
greenonion           9           35.1        30.0
peach                4           32.9        30.4
cucumber            12           33.5        31.3
lettuce             13           28.9        31.8
melon                4           44.6        42.7

저장 완료: C:\Users\지리산 살래농장\Documents\project 1\crop-price-forecast\outputs\crop_county_predictions
