[2/140] cherrytomato   x gimje      관측103개월  베이스라인= 20.6%  모델= 20.0%  (alpha=100, blend=0.6)
[3/140] cherrytomato   x gochang    관측 90개월  베이스라인= 22.4%  모델= 22.8%  (alpha=2, blend=0.6)
[4/140] cherrytomato   x gunsan     관측 57개월  베이스라인= 40.0%  모델= 45.4%  (alpha=3, blend=0.6)
[5/140] cherrytomato   x iksan      관측103개월  베이스라인= 25.5%  모델= 21.3%  (alpha=20, blend=0.3)
[6/140] cherrytomato   x imsil      관측 80개월  베이스라인= 37.3%  모델= 38.3%  (alpha=100, blend=0.6)
[8/140] cherrytomato   x jeongeup   관측 99개월  베이스라인= 30.7%  모델= 31.1%  (alpha=5, blend=0.6)
[9/140] cherrytomato   x jeonju     관측102개월  베이스라인= 27.4%  모델= 25.2%  (alpha=2, blend=0.5)
[10/140] cherrytomato   x jinan      관측 54개월  베이스라인= 99.1%  모델=124.1%  (alpha=2, blend=0.6)
[12/140] cherrytomato   x namwon     관측104개월  베이스라인= 21.2%  모델= 16.5%  (alpha=2, blend=0.2)
[13/140] cherrytomato   x sunchang   관측 81개월  베이스라인= 28.3%  모델= 26.5%  (alpha=2, blend=0.6)
[14/140] cherrytomato   x wanju      관측 81개월  베이스라인= 29.2%  모델= 33.4%  (alpha=2, blend=0.6)
[16/140] cucumber       x gimje      관측103개월  베이스라인= 29.4%  모델= 28.2%  (alpha=10, blend=0.6)
[17/140] cucumber       x gochang    관측 50개월  베이스라인= 43.9%  모델= 55.7%  (alpha=10, blend=0.6)
[18/140] cucumber       x gunsan     관측 70개월  베이스라인= 28.8%  모델= 27.7%  (alpha=5, blend=0.4) [gpj타깃]
[19/140] cucumber       x iksan      관측 98개월  베이스라인= 25.1%  모델= 21.8%  (alpha=10, blend=0.5)
[20/140] cucumber       x imsil      관측104개월  베이스라인=672.7%  모델=158.4%  (alpha=2, blend=0.0) [+gpj피처]
[21/140] cucumber       x jangsu     관측 81개월  베이스라인= 31.0%  모델= 30.1%  (alpha=100, blend=0.6)
[22/140] cucumber       x jeongeup   관측102개월  베이스라인= 23.8%  모델= 23.8%  (alpha=3, blend=0.6)
[23/140] cucumber       x jeonju     관측102개월  베이스라인= 26.5%  모델= 24.7%  (alpha=20, blend=0.6)
[24/140] cucumber       x jinan      관측103개월  베이스라인= 25.3%  모델= 23.3%  (alpha=2, blend=0.5)
[25/140] cucumber       x muju       관측 42개월  베이스라인= 65.1%  모델= 64.7%  (alpha=50, blend=0.6)
[26/140] cucumber       x namwon     관측101개월  베이스라인= 23.1%  모델= 19.3%  (alpha=2, blend=0.4)
[27/140] cucumber       x sunchang   관측 51개월  베이스라인= 48.5%  모델= 57.2%  (alpha=100, blend=0.6)
[28/140] cucumber       x wanju      관측 87개월  베이스라인= 32.7%  모델= 29.5%  (alpha=2, blend=0.5)
[30/140] grape          x gimje      관측 45개월  베이스라인= 33.9%  모델= 30.7%  (alpha=30, blend=0.5) [+gpj피처]
[33/140] grape          x iksan      관측 81개월  베이스라인= 40.0%  모델= 44.0%  (alpha=100, blend=0.6)
[36/140] grape          x jeongeup   관측 74개월  베이스라인= 28.4%  모델= 28.7%  (alpha=30, blend=0.6)
[37/140] grape          x jeonju     관측 91개월  베이스라인=153.0%  모델= 90.2%  (alpha=2, blend=0.0) [+gpj피처]
[39/140] grape          x muju       관측 56개월  베이스라인= 35.4%  모델= 29.6%  (alpha=30, blend=0.3)
[40/140] grape          x namwon     관측 61개월  베이스라인= 41.7%  모델= 31.9%  (alpha=100, blend=0.0)
[42/140] grape          x wanju      관측 61개월  베이스라인= 43.9%  모델= 43.3%  (alpha=2, blend=0.6)
[43/140] greenonion     x buan       관측 86개월  베이스라인= 27.6%  모델= 28.9%  (alpha=100, blend=0.6)
[44/140] greenonion     x gimje      관측 68개월  베이스라인= 44.8%  모델= 43.3%  (alpha=100, blend=0.6)
[45/140] greenonion     x gochang    관측 83개월  베이스라인= 34.7%  모델= 26.5%  (alpha=2, blend=0.3)
[46/140] greenonion     x gunsan     관측 68개월  베이스라인= 30.9%  모델= 21.7%  (alpha=100, blend=0.3) [+gpj피처]
[47/140] greenonion     x iksan      관측104개월  베이스라인= 25.6%  모델= 20.0%  (alpha=20, blend=0.3)
[49/140] greenonion     x jangsu     관측 82개월  베이스라인= 30.0%  모델= 25.3%  (alpha=2, blend=0.5)
[50/140] greenonion     x jeongeup   관측 96개월  베이스라인= 28.9%  모델= 27.6%  (alpha=100, blend=0.6)
[51/140] greenonion     x jeonju     관측104개월  베이스라인= 26.7%  모델= 20.3%  (alpha=20, blend=0.4) [+gpj피처]
[54/140] greenonion     x namwon     관측 54개월  베이스라인= 48.2%  모델= 47.2%  (alpha=100, blend=0.6) [+gpj피처]
[56/140] greenonion     x wanju      관측104개월  베이스라인= 23.4%  모델= 20.6%  (alpha=20, blend=0.6) [+gpj피처]
[57/140] lettuce        x buan       관측 70개월  베이스라인= 33.1%  모델= 29.9%  (alpha=5, blend=0.6)
[58/140] lettuce        x gimje      관측104개월  베이스라인= 38.3%  모델= 33.0%  (alpha=2, blend=0.4) [+gpj피처]
[59/140] lettuce        x gochang    관측 80개월  베이스라인= 39.5%  모델= 39.7%  (alpha=30, blend=0.6)
[60/140] lettuce        x gunsan     관측 69개월  베이스라인= 36.5%  모델= 31.3%  (alpha=10, blend=0.4) [gpj타깃]
[61/140] lettuce        x iksan      관측104개월  베이스라인= 28.2%  모델= 23.6%  (alpha=30, blend=0.3)
[62/140] lettuce        x imsil      관측 42개월  베이스라인= 53.4%  모델= 46.4%  (alpha=100, blend=0.6)
[63/140] lettuce        x jangsu     관측104개월  베이스라인= 25.4%  모델= 23.1%  (alpha=20, blend=0.4)
[64/140] lettuce        x jeongeup   관측103개월  베이스라인= 45.8%  모델= 44.0%  (alpha=2, blend=0.6)
[65/140] lettuce        x jeonju     관측104개월  베이스라인= 33.6%  모델= 30.0%  (alpha=10, blend=0.3)
[66/140] lettuce        x jinan      관측 98개월  베이스라인= 31.5%  모델= 30.2%  (alpha=100, blend=0.6)
[67/140] lettuce        x muju       관측 65개월  베이스라인= 67.2%  모델= 51.9%  (alpha=100, blend=0.3)
[68/140] lettuce        x namwon     관측104개월  베이스라인= 25.4%  모델= 23.3%  (alpha=10, blend=0.3)
[69/140] lettuce        x sunchang   관측104개월  베이스라인= 31.2%  모델= 28.9%  (alpha=50, blend=0.3)
[70/140] lettuce        x wanju      관측104개월  베이스라인= 28.0%  모델= 25.4%  (alpha=10, blend=0.5)
[73/140] melon          x gochang    관측 59개월  베이스라인= 24.8%  모델= 24.1%  (alpha=2, blend=0.6)
[75/140] melon          x iksan      관측 63개월  베이스라인= 20.0%  모델= 18.3%  (alpha=100, blend=0.6)
[78/140] melon          x jeongeup   관측 57개월  베이스라인= 35.7%  모델= 43.8%  (alpha=100, blend=0.6)
[79/140] melon          x jeonju     관측 43개월  베이스라인= 21.2%  모델= 22.4%  (alpha=2, blend=0.6)
[82/140] melon          x namwon     관측 42개월  베이스라인= 26.1%  모델= 30.9%  (alpha=100, blend=0.6)
[86/140] peach          x gimje      관측 41개월  베이스라인= 33.1%  모델= 34.9%  (alpha=2, blend=0.6)
[89/140] peach          x iksan      관측 46개월  베이스라인= 96.2%  모델=104.5%  (alpha=100, blend=0.6)
[92/140] peach          x jeongeup   관측 43개월  베이스라인= 29.7%  모델= 36.9%  (alpha=100, blend=0.6)
[93/140] peach          x jeonju     관측 47개월  베이스라인= 23.1%  모델= 24.3%  (alpha=50, blend=0.6)
[95/140] peach          x muju       관측 41개월  베이스라인= 28.2%  모델= 31.7%  (alpha=100, blend=0.6)
[96/140] peach          x namwon     관측 42개월  베이스라인= 18.9%  모델= 16.0%  (alpha=100, blend=0.6)
[100/140] sweetpotato    x gimje      관측104개월  베이스라인= 23.4%  모델= 12.1%  (alpha=10, blend=0.0)
[101/140] sweetpotato    x gochang    관측104개월  베이스라인= 20.0%  모델= 12.0%  (alpha=2, blend=0.2)
[102/140] sweetpotato    x gunsan     관측 60개월  베이스라인= 27.5%  모델= 23.9%  (alpha=10, blend=0.4) [gpj타깃]
[103/140] sweetpotato    x iksan      관측104개월  베이스라인= 24.1%  모델= 17.1%  (alpha=100, blend=0.2)
[106/140] sweetpotato    x jeongeup   관측 94개월  베이스라인= 26.2%  모델= 23.4%  (alpha=100, blend=0.4)
[107/140] sweetpotato    x jeonju     관측 81개월  베이스라인= 35.9%  모델= 29.8%  (alpha=100, blend=0.0)
[108/140] sweetpotato    x jinan      관측 76개월  베이스라인= 33.6%  모델= 32.1%  (alpha=2, blend=0.6)
[110/140] sweetpotato    x namwon     관측 45개월  베이스라인= 41.5%  모델= 39.6%  (alpha=30, blend=0.6)
[112/140] sweetpotato    x wanju      관측 87개월  베이스라인= 23.3%  모델= 16.2%  (alpha=10, blend=0.2)
[113/140] tomato         x buan       관측 69개월  베이스라인= 29.7%  모델= 30.7%  (alpha=3, blend=0.6)
[114/140] tomato         x gimje      관측 94개월  베이스라인= 34.6%  모델= 33.4%  (alpha=2, blend=0.6)
[116/140] tomato         x gunsan     관측 63개월  베이스라인= 33.5%  모델= 30.1%  (alpha=20, blend=0.6) [gpj타깃]
[117/140] tomato         x iksan      관측 96개월  베이스라인= 27.4%  모델= 24.0%  (alpha=50, blend=0.5)
[118/140] tomato         x imsil      관측 85개월  베이스라인= 26.7%  모델= 27.1%  (alpha=10, blend=0.6)
[119/140] tomato         x jangsu     관측104개월  베이스라인= 22.9%  모델= 21.1%  (alpha=5, blend=0.6)
[120/140] tomato         x jeongeup   관측 91개월  베이스라인= 29.2%  모델= 28.7%  (alpha=2, blend=0.6)
[121/140] tomato         x jeonju     관측103개월  베이스라인= 26.9%  모델= 25.4%  (alpha=20, blend=0.6)
[122/140] tomato         x jinan      관측 90개월  베이스라인= 41.5%  모델=135.1%  (alpha=2, blend=0.6)
[123/140] tomato         x muju       관측 88개월  베이스라인= 27.2%  모델= 23.6%  (alpha=10, blend=0.4)
[124/140] tomato         x namwon     관측 99개월  베이스라인= 25.4%  모델= 23.0%  (alpha=2, blend=0.5)
[126/140] tomato         x wanju      관측 78개월  베이스라인= 22.3%  모델= 22.9%  (alpha=2, blend=0.6)
[127/140] watermelon     x buan       관측 53개월  베이스라인= 41.5%  모델= 66.1%  (alpha=100, blend=0.6)
[129/140] watermelon     x gochang    관측102개월  베이스라인= 28.7%  모델= 27.2%  (alpha=100, blend=0.5)
[131/140] watermelon     x iksan      관측 89개월  베이스라인= 29.1%  모델= 23.3%  (alpha=50, blend=0.1)
[134/140] watermelon     x jeongeup   관측 64개월  베이스라인= 42.5%  모델= 56.6%  (alpha=2, blend=0.6)
[135/140] watermelon     x jeonju     관측 60개월  베이스라인= 34.7%  모델= 32.1%  (alpha=5, blend=0.6)
[140/140] watermelon     x wanju      관측 47개월  베이스라인= 26.9%  모델= 29.9%  (alpha=100, blend=0.6)

얇은 표본 조합 중 작물 컨센서스 파라미터 채택: 6개

==========================================================================================
유효 조합 93개 / 전체 140개 (나머지는 40개월 미만이라 스킵)
==========================================================================================
     crop_id county_id  n_obs  skipped target_source  params_source  baseline_mape  best_alpha  best_blend_w use_gpj_feature feature_variant  model_mape  n_folds  consensus_alpha  consensus_blend_w  consensus_mape  model_mape_own
 sweetpotato   gochang    104    False        origin            own      19.950281         2.0           0.2           False                   12.047615      6.0              NaN                NaN             NaN             NaN
 sweetpotato     gimje    104    False        origin            own      23.377388        10.0           0.0           False                   12.128721      6.0              NaN                NaN             NaN             NaN
       peach    namwon     42    False        origin            own      18.923466       100.0           0.6           False                   16.013619      6.0              NaN                NaN             NaN             NaN
 sweetpotato     wanju     87    False        origin            own      23.327518        10.0           0.2           False                   16.200814      6.0              NaN                NaN             NaN             NaN
cherrytomato    namwon    104    False        origin            own      21.197004         2.0           0.2           False                   16.519919      6.0              NaN                NaN             NaN             NaN
 sweetpotato     iksan    104    False        origin            own      24.062095       100.0           0.2           False                   17.076486      6.0              NaN                NaN             NaN             NaN
       melon     iksan     63    False        origin            own      19.950291       100.0           0.6           False                   18.320859      6.0              NaN                NaN             NaN             NaN
    cucumber    namwon    101    False        origin            own      23.124395         2.0           0.4           False                   19.255050      6.0              NaN                NaN             NaN             NaN
cherrytomato     gimje    103    False        origin            own      20.630191       100.0           0.6           False                   20.008309      6.0              NaN                NaN             NaN             NaN
  greenonion     iksan    104    False        origin            own      25.596784        20.0           0.3           False                   20.030634      6.0              NaN                NaN             NaN             NaN
  greenonion    jeonju    104    False        origin            own      26.693835        20.0           0.4            True                   20.298619      6.0              NaN                NaN             NaN             NaN
  greenonion     wanju    104    False        origin            own      23.386562        20.0           0.6            True                   20.610181      6.0              NaN                NaN             NaN             NaN
      tomato    jangsu    104    False        origin            own      22.943452         5.0           0.6           False                   21.122250      6.0              NaN                NaN             NaN             NaN
cherrytomato     iksan    103    False        origin            own      25.452134        20.0           0.3           False                   21.304445      6.0              NaN                NaN             NaN             NaN
  greenonion    gunsan     68    False        origin            own      30.938288       100.0           0.3            True                   21.706939      5.0              NaN                NaN             NaN             NaN
    cucumber     iksan     98    False        origin            own      25.120968        10.0           0.5           False                   21.846229      6.0              NaN                NaN             NaN             NaN
       melon    jeonju     43    False        origin            own      21.159189         2.0           0.6           False                   22.364299      6.0              NaN                NaN             NaN             NaN
cherrytomato   gochang     90    False        origin            own      22.443378         2.0           0.6           False                   22.789509      6.0              NaN                NaN             NaN             NaN
      tomato     wanju     78    False        origin            own      22.265009         2.0           0.6           False                   22.930552      6.0              NaN                NaN             NaN             NaN
      tomato    namwon     99    False        origin            own      25.404615         2.0           0.5           False                   23.023902      6.0              NaN                NaN             NaN             NaN
     lettuce    jangsu    104    False        origin            own      25.435060        20.0           0.4           False                   23.145019      6.0              NaN                NaN             NaN             NaN
    cucumber     jinan    103    False        origin            own      25.281593         2.0           0.5           False                   23.256257      6.0              NaN                NaN             NaN             NaN
     lettuce    namwon    104    False        origin            own      25.411710        10.0           0.3           False                   23.293197      6.0              NaN                NaN             NaN             NaN
  watermelon     iksan     89    False        origin            own      29.057387        50.0           0.1           False                   23.307240      6.0              NaN                NaN             NaN             NaN
 sweetpotato  jeongeup     94    False        origin            own      26.213558       100.0           0.4           False                   23.421526      6.0              NaN                NaN             NaN             NaN
     lettuce     iksan    104    False        origin            own      28.207950        30.0           0.3           False                   23.573213      6.0              NaN                NaN             NaN             NaN
      tomato      muju     88    False        origin            own      27.169532        10.0           0.4           False                   23.645665      6.0              NaN                NaN             NaN             NaN
    cucumber  jeongeup    102    False        origin            own      23.816947         3.0           0.6           False                   23.807515      6.0              NaN                NaN             NaN             NaN
 sweetpotato    gunsan     60    False           gpj            own      27.456499        10.0           0.4           False                   23.915783      5.0              NaN                NaN             NaN             NaN
      tomato     iksan     96    False        origin            own      27.352710        50.0           0.5           False                   24.046617      6.0              NaN                NaN             NaN             NaN
       melon   gochang     59    False        origin            own      24.763406         2.0           0.6           False                   24.108767      6.0              NaN                NaN             NaN             NaN
       peach    jeonju     47    False        origin            own      23.057568        50.0           0.6           False                   24.277059      6.0              NaN                NaN             NaN             NaN
    cucumber    jeonju    102    False        origin            own      26.534420        20.0           0.6           False                   24.651238      6.0              NaN                NaN             NaN             NaN
cherrytomato    jeonju    102    False        origin            own      27.422806         2.0           0.5           False                   25.168111      6.0              NaN                NaN             NaN             NaN
  greenonion    jangsu     82    False        origin            own      30.009022         2.0           0.5           False   leafy_weather   25.328993      6.0              NaN                NaN             NaN             NaN
     lettuce     wanju    104    False        origin            own      27.988759        10.0           0.5           False                   25.351547      6.0              NaN                NaN             NaN             NaN
      tomato    jeonju    103    False        origin            own      26.882518        20.0           0.6           False                   25.436395      6.0              NaN                NaN             NaN             NaN
  greenonion   gochang     83    False        origin            own      34.661406         2.0           0.3           False   leafy_weather   26.464679      6.0              NaN                NaN             NaN             NaN
cherrytomato  sunchang     81    False        origin            own      28.343884         2.0           0.6           False                   26.467710      6.0              NaN                NaN             NaN             NaN
      tomato     imsil     85    False        origin            own      26.714438        10.0           0.6           False                   27.062037      6.0              NaN                NaN             NaN             NaN
  watermelon   gochang    102    False        origin            own      28.731693       100.0           0.5           False                   27.154371      6.0              NaN                NaN             NaN             NaN
  greenonion  jeongeup     96    False        origin            own      28.883549       100.0           0.6           False                   27.633604      6.0              NaN                NaN             NaN             NaN
    cucumber    gunsan     70    False           gpj            own      28.790224         5.0           0.4           False                   27.676883      5.0              NaN                NaN             NaN             NaN
    cucumber     gimje    103    False        origin            own      29.352689        10.0           0.6           False                   28.160984      6.0              NaN                NaN             NaN             NaN
       grape  jeongeup     74    False        origin            own      28.390900        30.0           0.6           False                   28.657363      6.0              NaN                NaN             NaN             NaN
      tomato  jeongeup     91    False        origin            own      29.199801         2.0           0.6           False                   28.721158      6.0              NaN                NaN             NaN             NaN
     lettuce  sunchang    104    False        origin            own      31.171740        50.0           0.3           False                   28.872171      6.0              NaN                NaN             NaN             NaN
  greenonion      buan     86    False        origin            own      27.614520       100.0           0.6           False                   28.919125      6.0              NaN                NaN             NaN             NaN
    cucumber     wanju     87    False        origin            own      32.657047         2.0           0.5           False                   29.458775      6.0              NaN                NaN             NaN             NaN
 sweetpotato    jeonju     81    False        origin            own      35.889611       100.0           0.0           False   storable_long   29.848024      6.0              NaN                NaN             NaN             NaN
     lettuce      buan     70    False        origin            own      33.121861         5.0           0.6           False                   29.875029      6.0              NaN                NaN             NaN             NaN
  watermelon     wanju     47    False        origin            own      26.852057       100.0           0.6           False                   29.896871      6.0              NaN                NaN             NaN             NaN
     lettuce    jeonju    104    False        origin            own      33.567260        10.0           0.3           False                   29.991087      6.0              NaN                NaN             NaN             NaN
      tomato    gunsan     63    False           gpj            own      33.479212        20.0           0.6           False                   30.076712      5.0              NaN                NaN             NaN             NaN
    cucumber    jangsu     81    False        origin            own      31.009764       100.0           0.6           False                   30.143078      6.0              NaN                NaN             NaN             NaN
     lettuce     jinan     98    False        origin            own      31.455375       100.0           0.6           False                   30.240659      6.0              NaN                NaN             NaN             NaN
       grape      muju     56    False        origin crop_consensus      35.399799        30.0           0.6           False                   30.691817      6.0             30.0                0.6       30.691817       29.636464
      tomato      buan     69    False        origin            own      29.730140         3.0           0.6           False                   30.696700      6.0              NaN                NaN             NaN             NaN
       melon    namwon     42    False        origin            own      26.067733       100.0           0.6           False                   30.876385      6.0              NaN                NaN             NaN             NaN
       grape     gimje     45    False        origin crop_consensus      33.898086        30.0           0.6            True                   30.997347      6.0             30.0                0.6       30.997347       30.740486
cherrytomato  jeongeup     99    False        origin            own      30.730928         5.0           0.6           False                   31.069978      6.0              NaN                NaN             NaN             NaN
     lettuce    gunsan     69    False           gpj            own      36.547566        10.0           0.4           False   leafy_weather   31.292814      5.0              NaN                NaN             NaN             NaN
       peach      muju     41    False        origin            own      28.171631       100.0           0.6           False                   31.666023      6.0              NaN                NaN             NaN             NaN
       grape    namwon     61    False        origin            own      41.746741       100.0           0.0           False                   31.862077      6.0              NaN                NaN             NaN             NaN
 sweetpotato     jinan     76    False        origin            own      33.553545         2.0           0.6           False                   32.087358      6.0              NaN                NaN             NaN             NaN
  watermelon    jeonju     60    False        origin            own      34.731622         5.0           0.6           False                   32.095483      6.0              NaN                NaN             NaN             NaN
     lettuce     gimje    104    False        origin            own      38.296485         2.0           0.4            True                   32.970038      6.0              NaN                NaN             NaN             NaN
      tomato     gimje     94    False        origin            own      34.633010         2.0           0.6           False                   33.418141      6.0              NaN                NaN             NaN             NaN
cherrytomato     wanju     81    False        origin            own      29.216163         2.0           0.6           False                   33.446379      6.0              NaN                NaN             NaN             NaN
       peach     gimje     41    False        origin            own      33.082310         2.0           0.6           False                   34.899069      6.0              NaN                NaN             NaN             NaN
       peach  jeongeup     43    False        origin            own      29.729841       100.0           0.6           False                   36.861934      6.0              NaN                NaN             NaN             NaN
cherrytomato     imsil     80    False        origin            own      37.349941       100.0           0.6           False                   38.331080      6.0              NaN                NaN             NaN             NaN
     lettuce   gochang     80    False        origin            own      39.516719        30.0           0.6           False   leafy_weather   39.668378      6.0              NaN                NaN             NaN             NaN
 sweetpotato    namwon     45    False        origin crop_consensus      41.473415        10.0           0.2           False                   41.232043      6.0             10.0                0.2       41.232043       39.646522
       grape     wanju     61    False        origin            own      43.876977         2.0           0.6           False                   43.261160      5.0              NaN                NaN             NaN             NaN
  greenonion     gimje     68    False        origin            own      44.848005       100.0           0.6           False                   43.291764      6.0              NaN                NaN             NaN             NaN
       melon  jeongeup     57    False        origin            own      35.715137       100.0           0.6           False                   43.849226      6.0              NaN                NaN             NaN             NaN
     lettuce  jeongeup    103    False        origin            own      45.806908         2.0           0.6           False   leafy_weather   44.035295      6.0              NaN                NaN             NaN             NaN
       grape     iksan     81    False        origin            own      40.011772       100.0           0.6           False                   44.045370      6.0              NaN                NaN             NaN             NaN
cherrytomato    gunsan     57    False        origin crop_consensus      40.041348         2.0           0.6           False                   45.213083      5.0              2.0                0.6       45.213083       45.401145
     lettuce     imsil     42    False        origin            own      53.424093       100.0           0.6           False                   46.443170      4.0             10.0                0.4       57.249702             NaN
  greenonion    namwon     54    False        origin crop_consensus      48.157292        20.0           0.5            True                   49.040181      6.0             20.0                0.5       49.040181       47.231168
     lettuce      muju     65    False        origin            own      67.185490       100.0           0.3           False                   51.858649      6.0              NaN                NaN             NaN             NaN
    cucumber   gochang     50    False        origin            own      43.895541        10.0           0.6           False                   55.656801      6.0              3.0                0.5       59.681639             NaN
  watermelon  jeongeup     64    False        origin            own      42.513514         2.0           0.6           False                   56.630850      6.0              NaN                NaN             NaN             NaN
    cucumber  sunchang     51    False        origin            own      48.508366       100.0           0.6           False                   57.176785      6.0              3.0                0.5       61.512968             NaN
    cucumber      muju     42    False        origin            own      65.079049        50.0           0.6           False                   64.738908      6.0              3.0                0.5       68.400046             NaN
  watermelon      buan     53    False        origin            own      41.542213       100.0           0.6           False                   66.140580      6.0              NaN                NaN             NaN             NaN
       grape    jeonju     91    False        origin            own     152.959316         2.0           0.0            True                   90.155841      6.0              NaN                NaN             NaN             NaN
       peach     iksan     46    False        origin            own      96.198817       100.0           0.6           False                  104.536953      6.0              NaN                NaN             NaN             NaN
cherrytomato     jinan     54    False        origin crop_consensus      99.084416         2.0           0.6           False                  124.105081      5.0              2.0                0.6      124.105081      124.105081
      tomato     jinan     90    False        origin            own      41.481134         2.0           0.6           False                  135.091533      6.0              NaN                NaN             NaN             NaN
    cucumber     imsil    104    False        origin            own     672.673107         2.0           0.0            True                  158.390543      6.0              NaN                NaN             NaN             NaN

저장 완료: ../outputs/crop_county_cv_summary.csv
