[1/8] 2026-08-06 (Thu) 전북산 8512건
[2/8] 2026-08-04 (Tue) 전북산 8895건
[3/8] 2026-07-31 (Fri) 전북산 9540건
[4/8] 2026-07-29 (Wed) 전북산 8087건
[5/8] 2026-07-27 (Mon) 전북산 8687건
[6/8] 2026-07-25 (Sat) 전북산 7593건
[7/8] 2026-07-23 (Thu) 전북산 7149건
[8/8] 2026-07-21 (Tue) 전북산 7841건
C:\Users\지리산 살래농장\Documents\project 1\drive-download-20260807T133256Z-1-001\crop-price-forecast_handoff\crop-price-forecast\src\scan_crop_markets.py:116: RuntimeWarning: invalid value encountered in scalar divide
  f"{n}({q/total_qty*100:.0f}%)" for (n, c), q in mkts.head(6).items()))
C:\Users\지리산 살래농장\Documents\project 1\drive-download-20260807T133256Z-1-001\crop-price-forecast_handoff\crop-price-forecast\src\scan_crop_markets.py:119: RuntimeWarning: invalid value encountered in scalar divide
  f"{n}[{c}]({q/total_qty*100:.1f}%)" for (n, c), q in missing.head(5).items()))
C:\Users\지리산 살래농장\Documents\project 1\drive-download-20260807T133256Z-1-001\crop-price-forecast_handoff\crop-price-forecast\src\scan_crop_markets.py:116: RuntimeWarning: invalid value encountered in scalar divide
  f"{n}({q/total_qty*100:.0f}%)" for (n, c), q in mkts.head(6).items()))
C:\Users\지리산 살래농장\Documents\project 1\drive-download-20260807T133256Z-1-001\crop-price-forecast_handoff\crop-price-forecast\src\scan_crop_markets.py:119: RuntimeWarning: invalid value encountered in scalar divide
  f"{n}[{c}]({q/total_qty*100:.1f}%)" for (n, c), q in missing.head(5).items()))
C:\Users\지리산 살래농장\Documents\project 1\drive-download-20260807T133256Z-1-001\crop-price-forecast_handoff\crop-price-forecast\src\scan_crop_markets.py:116: RuntimeWarning: invalid value encountered in scalar divide
  f"{n}({q/total_qty*100:.0f}%)" for (n, c), q in mkts.head(6).items()))
C:\Users\지리산 살래농장\Documents\project 1\drive-download-20260807T133256Z-1-001\crop-price-forecast_handoff\crop-price-forecast\src\scan_crop_markets.py:119: RuntimeWarning: invalid value encountered in scalar divide
  f"{n}[{c}]({q/total_qty*100:.1f}%)" for (n, c), q in missing.head(5).items()))
C:\Users\지리산 살래농장\Documents\project 1\drive-download-20260807T133256Z-1-001\crop-price-forecast_handoff\crop-price-forecast\src\scan_crop_markets.py:116: RuntimeWarning: invalid value encountered in scalar divide
  f"{n}({q/total_qty*100:.0f}%)" for (n, c), q in mkts.head(6).items()))
C:\Users\지리산 살래농장\Documents\project 1\drive-download-20260807T133256Z-1-001\crop-price-forecast_handoff\crop-price-forecast\src\scan_crop_markets.py:119: RuntimeWarning: invalid value encountered in scalar divide
  f"{n}[{c}]({q/total_qty*100:.1f}%)" for (n, c), q in missing.head(5).items()))
C:\Users\지리산 살래농장\Documents\project 1\drive-download-20260807T133256Z-1-001\crop-price-forecast_handoff\crop-price-forecast\src\scan_crop_markets.py:116: RuntimeWarning: invalid value encountered in scalar divide
  f"{n}({q/total_qty*100:.0f}%)" for (n, c), q in mkts.head(6).items()))
C:\Users\지리산 살래농장\Documents\project 1\drive-download-20260807T133256Z-1-001\crop-price-forecast_handoff\crop-price-forecast\src\scan_crop_markets.py:116: RuntimeWarning: invalid value encountered in scalar divide
  f"{n}({q/total_qty*100:.0f}%)" for (n, c), q in mkts.head(6).items()))
C:\Users\지리산 살래농장\Documents\project 1\drive-download-20260807T133256Z-1-001\crop-price-forecast_handoff\crop-price-forecast\src\scan_crop_markets.py:119: RuntimeWarning: invalid value encountered in scalar divide
  f"{n}[{c}]({q/total_qty*100:.1f}%)" for (n, c), q in missing.head(5).items()))
C:\Users\지리산 살래농장\Documents\project 1\drive-download-20260807T133256Z-1-001\crop-price-forecast_handoff\crop-price-forecast\src\scan_crop_markets.py:116: RuntimeWarning: invalid value encountered in scalar divide
  f"{n}({q/total_qty*100:.0f}%)" for (n, c), q in mkts.head(6).items()))
C:\Users\지리산 살래농장\Documents\project 1\drive-download-20260807T133256Z-1-001\crop-price-forecast_handoff\crop-price-forecast\src\scan_crop_markets.py:119: RuntimeWarning: invalid value encountered in scalar divide
  f"{n}[{c}]({q/total_qty*100:.1f}%)" for (n, c), q in missing.head(5).items()))
C:\Users\지리산 살래농장\Documents\project 1\drive-download-20260807T133256Z-1-001\crop-price-forecast_handoff\crop-price-forecast\src\scan_crop_markets.py:116: RuntimeWarning: invalid value encountered in scalar divide
  f"{n}({q/total_qty*100:.0f}%)" for (n, c), q in mkts.head(6).items()))
C:\Users\지리산 살래농장\Documents\project 1\drive-download-20260807T133256Z-1-001\crop-price-forecast_handoff\crop-price-forecast\src\scan_crop_markets.py:119: RuntimeWarning: invalid value encountered in scalar divide
  f"{n}[{c}]({q/total_qty*100:.1f}%)" for (n, c), q in missing.head(5).items()))
C:\Users\지리산 살래농장\Documents\project 1\drive-download-20260807T133256Z-1-001\crop-price-forecast_handoff\crop-price-forecast\src\scan_crop_markets.py:116: RuntimeWarning: invalid value encountered in scalar divide
  f"{n}({q/total_qty*100:.0f}%)" for (n, c), q in mkts.head(6).items()))
C:\Users\지리산 살래농장\Documents\project 1\drive-download-20260807T133256Z-1-001\crop-price-forecast_handoff\crop-price-forecast\src\scan_crop_markets.py:119: RuntimeWarning: invalid value encountered in scalar divide
  f"{n}[{c}]({q/total_qty*100:.1f}%)" for (n, c), q in missing.head(5).items()))
C:\Users\지리산 살래농장\Documents\project 1\drive-download-20260807T133256Z-1-001\crop-price-forecast_handoff\crop-price-forecast\src\scan_crop_markets.py:116: RuntimeWarning: invalid value encountered in scalar divide
  f"{n}({q/total_qty*100:.0f}%)" for (n, c), q in mkts.head(6).items()))
C:\Users\지리산 살래농장\Documents\project 1\drive-download-20260807T133256Z-1-001\crop-price-forecast_handoff\crop-price-forecast\src\scan_crop_markets.py:119: RuntimeWarning: invalid value encountered in scalar divide
  f"{n}[{c}]({q/total_qty*100:.1f}%)" for (n, c), q in missing.head(5).items()))
C:\Users\지리산 살래농장\Documents\project 1\drive-download-20260807T133256Z-1-001\crop-price-forecast_handoff\crop-price-forecast\src\scan_crop_markets.py:135: RuntimeWarning: invalid value encountered in scalar divide
  print(f"  {n}[{c}]: 전체의 {q/tot*100:.2f}%  주요작물: "
C:\Users\지리산 살래농장\Documents\project 1\drive-download-20260807T133256Z-1-001\crop-price-forecast_handoff\crop-price-forecast\src\scan_crop_markets.py:135: RuntimeWarning: invalid value encountered in scalar divide
  print(f"  {n}[{c}]: 전체의 {q/tot*100:.2f}%  주요작물: "
C:\Users\지리산 살래농장\Documents\project 1\drive-download-20260807T133256Z-1-001\crop-price-forecast_handoff\crop-price-forecast\src\scan_crop_markets.py:135: RuntimeWarning: invalid value encountered in scalar divide
  print(f"  {n}[{c}]: 전체의 {q/tot*100:.2f}%  주요작물: "
C:\Users\지리산 살래농장\Documents\project 1\drive-download-20260807T133256Z-1-001\crop-price-forecast_handoff\crop-price-forecast\src\scan_crop_markets.py:135: RuntimeWarning: invalid value encountered in scalar divide
  print(f"  {n}[{c}]: 전체의 {q/tot*100:.2f}%  주요작물: "
C:\Users\지리산 살래농장\Documents\project 1\drive-download-20260807T133256Z-1-001\crop-price-forecast_handoff\crop-price-forecast\src\scan_crop_markets.py:135: RuntimeWarning: invalid value encountered in scalar divide
  print(f"  {n}[{c}]: 전체의 {q/tot*100:.2f}%  주요작물: "
C:\Users\지리산 살래농장\Documents\project 1\drive-download-20260807T133256Z-1-001\crop-price-forecast_handoff\crop-price-forecast\src\scan_crop_markets.py:135: RuntimeWarning: invalid value encountered in scalar divide
  print(f"  {n}[{c}]: 전체의 {q/tot*100:.2f}%  주요작물: "
C:\Users\지리산 살래농장\Documents\project 1\drive-download-20260807T133256Z-1-001\crop-price-forecast_handoff\crop-price-forecast\src\scan_crop_markets.py:135: RuntimeWarning: invalid value encountered in scalar divide
  print(f"  {n}[{c}]: 전체의 {q/tot*100:.2f}%  주요작물: "
C:\Users\지리산 살래농장\Documents\project 1\drive-download-20260807T133256Z-1-001\crop-price-forecast_handoff\crop-price-forecast\src\scan_crop_markets.py:135: RuntimeWarning: invalid value encountered in scalar divide
  print(f"  {n}[{c}]: 전체의 {q/tot*100:.2f}%  주요작물: "
C:\Users\지리산 살래농장\Documents\project 1\drive-download-20260807T133256Z-1-001\crop-price-forecast_handoff\crop-price-forecast\src\scan_crop_markets.py:135: RuntimeWarning: invalid value encountered in scalar divide
  print(f"  {n}[{c}]: 전체의 {q/tot*100:.2f}%  주요작물: "
C:\Users\지리산 살래농장\Documents\project 1\drive-download-20260807T133256Z-1-001\crop-price-forecast_handoff\crop-price-forecast\src\scan_crop_markets.py:135: RuntimeWarning: invalid value encountered in scalar divide
  print(f"  {n}[{c}]: 전체의 {q/tot*100:.2f}%  주요작물: "
C:\Users\지리산 살래농장\Documents\project 1\drive-download-20260807T133256Z-1-001\crop-price-forecast_handoff\crop-price-forecast\src\scan_crop_markets.py:135: RuntimeWarning: invalid value encountered in scalar divide
  print(f"  {n}[{c}]: 전체의 {q/tot*100:.2f}%  주요작물: "
C:\Users\지리산 살래농장\Documents\project 1\drive-download-20260807T133256Z-1-001\crop-price-forecast_handoff\crop-price-forecast\src\scan_crop_markets.py:135: RuntimeWarning: invalid value encountered in scalar divide
  print(f"  {n}[{c}]: 전체의 {q/tot*100:.2f}%  주요작물: "

================================================================================
작물별 시장 커버리지 (거래량 기준, TOP17 시장이 커버하는 비율)
================================================================================

### 상추: 11281건, TOP17 커버 nan%
  상위 시장: 광주각화(nan%), 광주서부(nan%), 구리(nan%), 대구북부(nan%), 대전노은(nan%), 대전오정(nan%)
  ** TOP17에 없는 시장: 구리[311201](nan%), 수원[310101](nan%), 안산[310901](nan%), 안양[310401](nan%), 정읍[350402](nan%)

### 수박: 8426건, TOP17 커버 nan%
  상위 시장: 강릉(nan%), 광주각화(nan%), 광주서부(nan%), 구리(nan%), 대구북부(nan%), 대전노은(nan%)
  ** TOP17에 없는 시장: 강릉[320301](nan%), 구리[311201](nan%), 수원[310101](nan%), 안산[310901](nan%), 안양[310401](nan%)

### 포도: 7100건, TOP17 커버 nan%
  상위 시장: 광주각화(nan%), 광주서부(nan%), 구리(nan%), 대구북부(nan%), 대전노은(nan%), 대전오정(nan%)
  ** TOP17에 없는 시장: 구리[311201](nan%), 정읍[350402](nan%), 청주[330101](nan%)

### 오이: 6038건, TOP17 커버 nan%
  상위 시장: 광주각화(nan%), 광주서부(nan%), 대구북부(nan%), 대전노은(nan%), 대전오정(nan%), 부산반여(nan%)
  ** TOP17에 없는 시장: 정읍[350402](nan%)

### 토마토: 5602건, TOP17 커버 nan%
  상위 시장: 광주각화(nan%), 광주서부(nan%), 대구북부(nan%), 대전노은(nan%), 대전오정(nan%), 부산엄궁(nan%)

### 복숭아: 6373건, TOP17 커버 nan%
  상위 시장: 광주각화(nan%), 광주서부(nan%), 구리(nan%), 대전노은(nan%), 대전오정(nan%), 서울가락(nan%)
  ** TOP17에 없는 시장: 구리[311201](nan%), 안산[310901](nan%), 정읍[350402](nan%)

### 고구마: 2312건, TOP17 커버 nan%
  상위 시장: 광주각화(nan%), 광주서부(nan%), 구리(nan%), 대구북부(nan%), 대전노은(nan%), 대전오정(nan%)
  ** TOP17에 없는 시장: 구리[311201](nan%), 수원[310101](nan%), 안양[310401](nan%), 울산[380201](nan%), 정읍[350402](nan%)

### 방울토마토: 1728건, TOP17 커버 nan%
  상위 시장: 광주각화(nan%), 광주서부(nan%), 구리(nan%), 대구북부(nan%), 대전노은(nan%), 대전오정(nan%)
  ** TOP17에 없는 시장: 구리[311201](nan%), 청주[330101](nan%)

### 멜론: 1451건, TOP17 커버 nan%
  상위 시장: 광주각화(nan%), 광주서부(nan%), 구리(nan%), 대구북부(nan%), 대전노은(nan%), 대전오정(nan%)
  ** TOP17에 없는 시장: 구리[311201](nan%), 수원[310101](nan%), 안산[310901](nan%), 안양[310401](nan%), 청주[330101](nan%)

### 대파: 1342건, TOP17 커버 nan%
  상위 시장: 광주각화(nan%), 광주서부(nan%), 구리(nan%), 대전노은(nan%), 대전오정(nan%), 서울가락(nan%)
  ** TOP17에 없는 시장: 구리[311201](nan%), 정읍[350402](nan%), 천안[340101](nan%)

================================================================================
전북산 전체 거래에서 TOP17 밖 시장 (추가 후보)
================================================================================
  강릉[320301]: 전체의 nan%  주요작물: 수박
  구리[311201]: 전체의 nan%  주요작물: 고구마, 대파, 멜론
  수원[310101]: 전체의 nan%  주요작물: 고구마, 멜론, 상추
  안동[370401]: 전체의 nan%  주요작물: 사과
  안산[310901]: 전체의 nan%  주요작물: 멜론, 무, 복숭아
  안양[310401]: 전체의 nan%  주요작물: 감자, 고구마, 멜론
  울산[380201]: 전체의 nan%  주요작물: 고구마, 수박
  원주[320201]: 전체의 nan%  주요작물: 수박
  정읍[350402]: 전체의 nan%  주요작물: 가지, 감자, 고구마
  천안[340101]: 전체의 nan%  주요작물: 대파, 배추, 상추
  청주[330101]: 전체의 nan%  주요작물: 고구마, 고추잎, 멜론
  충주[330201]: 전체의 nan%  주요작물: 수박

저장: ../outputs/crop_market_scan_raw.csv, ../outputs/crop_market_coverage.csv
