미래 예측 대상 조합: 91개 (~2027-12)
저장 완료: C:\문서\projects 1\crop-price-forecast\outputs\future_forecast\crop_county_future_forecast.csv (1524행, 91개 조합)

=== 조합별 향후 6개월 요약 ===
                        avg_price_6m  max_spike_prob_6m  ref_mape
crop_id      county_id                                           
cherrytomato namwon          13698.2                0.3      22.1
             jeongeup        15220.0                0.4      35.5
             jeonju          15996.9                0.5      21.8
             iksan           16413.3                0.3      23.4
             wanju           18015.5                0.6      26.7
             imsil           18391.8                0.5      32.7
             gunsan          18769.7                0.3      40.5
             gimje           19153.1                0.4      21.7
             sunchang        19399.5                0.4      26.2
             gochang         20703.2                0.3      24.0
             jinan           22413.9                0.6      60.6
cucumber     gunsan           2570.7                0.6      27.4
             jangsu          20617.2                0.9      30.0
             sunchang        21250.4                0.8      58.6
             jeonju          22196.9                0.4      24.6
             jeongeup        23025.8                0.6      23.9
             gochang         24185.4                1.0      65.8
             iksan           24489.5                0.7      22.5
             imsil           25120.5                0.4      21.5
             muju            25286.8                0.8      69.2
             namwon          25374.2                0.6      19.2
             jinan           26807.3                0.6      23.3
             gimje           28064.6                0.6      28.3
             wanju           31071.5                0.6      30.2
grape        muju             6340.9                0.0      23.8
             gimje           10222.0                0.2      28.8
             namwon          11656.3                0.1      28.2
             iksan           14327.8                0.0      36.0
             jeonju          16558.0                0.1      33.2
             jeongeup        20731.3                0.4      36.0
             wanju           36468.6                0.5      45.3
greenonion   jeongeup         3814.2                0.5      28.3
             namwon           4057.8                0.4      67.9
             jangsu           4167.9                0.7      29.9
             buan             4813.7                0.3      52.0
             jeonju           5287.0                0.5      29.4
             iksan            5773.9                0.4      26.2
             gochang          6140.7                0.5      38.2
             gunsan           6375.3                0.2      30.7
             wanju            6458.1                0.4      37.4
lettuce      gunsan           3864.4                0.6      30.0
             imsil            8677.3                0.6      58.4
             muju            11639.5                0.6      51.6
             jeonju          12977.0                0.7      29.7
             jeongeup        13528.1                0.7      61.6
             wanju           13669.8                0.8      24.3
             jinan           13806.4                0.7      29.1
             namwon          14121.0                0.7      23.6
             sunchang        14174.6                0.7      28.8
             buan            14703.5                1.0      29.9
             jangsu          15501.3                0.8      23.1
             gimje           16048.5                0.8      32.9
             iksan           16557.7                0.7      23.2
             gochang         19688.0                0.8      43.4
melon        namwon          13930.9                0.3      28.5
             iksan           15709.1                0.3      29.5
             jeonju          16016.0                0.4      28.1
             jeongeup        24373.1                0.7      43.6
             gochang         28651.7                0.5      24.1
peach        muju            15484.0                0.4      30.1
             namwon          18267.4                0.1      14.7
             jeongeup        19380.8                0.7      36.9
             jeonju          19945.3                0.9      22.7
             iksan           20893.5                0.8      46.4
             gimje           21321.7                0.2      31.5
sweetpotato  gunsan           2395.3                0.7      23.7
             namwon           9880.4                0.2      31.3
             jinan           13073.1                0.2      34.5
             jeonju          15387.8                0.5      29.9
             gimje           17525.8                0.1      12.1
             jeongeup        18053.1                0.4      23.1
             wanju           18184.3                0.2      16.4
             gochang         19356.1                0.0      12.2
             iksan           19602.3                0.3      16.1
tomato       gunsan           3668.1                0.7      29.7
             wanju           11614.9                0.2      22.1
             buan            11735.2                0.6      29.8
             iksan           12008.4                0.3      32.6
             gimje           13043.0                0.5      25.5
             imsil           13447.5                0.5      26.0
             jeonju          14410.4                0.7      20.8
             jinan           16380.8                0.8      26.4
             muju            17160.2                0.3      26.2
             jangsu          17255.8                0.6      20.7
             namwon          19477.2                0.4      27.5
             jeongeup        21526.6                1.0      34.3
watermelon   wanju           13253.8                0.6      31.7
             jeonju          16732.4                0.6      24.2
             jeongeup        20178.2                0.9      69.8
             gochang         22919.5                0.4      32.5
             iksan           24966.1                1.0      24.7
