
==========================================================================
A. 시군 간 — 물량가중하면 유효표본이 얼마나 남나
==========================================================================
  시군 14개 / 총 22,826톤
  상위 2곳(남원시·익산시) 이 70%
  Kish 유효표본 N_eff = 3.67   <- 14개가 아니라 이만큼이다

  변수               동일가중      물량가중   95%CI(물량가중)      판정
  일교차            -0.251    -0.245   [-0.707, +0.766]   판정불가
  소형상자비율         +0.335    +0.814   [-0.038, +0.978]   판정불가

  한 곳씩 빼면 (물량가중 r)
    뺀 시군            일교차      소형상자
    남원시          -0.204    +0.256
    익산시          -0.264    +0.950
    완주군          +0.267    +0.881
    장수군          -0.230    +0.822

  -> 소형상자가 +0.814로 커 보이지만 남원 하나에 기대고 있다.
     가중은 표본을 늘리지 않는다. 1-F가 얇은 곳을 뺀 쪽이 옳았다.

==========================================================================
B. 시군 내 주별 — 표본이 충분한 곳에서 가중하면
==========================================================================
  표본 4,374주 / 시군 14개
  주 가중 Kish N_eff = 1,419  <- 여기는 안 무너진다

  설계                                       r   95%CI              판정
  셀 단순평균 · 주 동일가중 (1-E 원본)            +0.013   [-0.030, +0.053]   판정불가
  셀 물량가중 · 주 동일가중                     -0.002   [-0.044, +0.036]   판정불가
  셀 단순평균 · 주 물량가중                     +0.001   [-0.036, +0.027]   판정불가
  셀 물량가중 · 주 물량가중                     -0.056   [-0.084, -0.003]   유의
  셀·주 물량가중 · 얇은 5곳 제외                 -0.057   [-0.084, -0.006]   유의   (3,686주)

==========================================================================
C. 진단 — 셀·주 물량가중만 유의한 것이 실제 효과인가
==========================================================================
  일반적 효과라면 가중치를 어떻게 세우든 계수가 비슷해야 한다.

  가중치                  r     N_eff
  동일             -0.0018     4,374
  log1p(q)       -0.0053     4,176
  sqrt(q)        -0.0278     2,649
  q (원본)         -0.0563     1,419
  -> 단조로 커진다. 큰 주에 쏠릴수록 세진다는 뜻이다.

  물량 상위 주를 잘라내면
    자른 비율            남은 주     남은 물량%         r
    상위  0.0%       4,374     100.0%   -0.0563
    상위  1.0%       4,331      92.9%   -0.0459
    상위  2.0%       4,287      87.0%   -0.0537
    상위  5.0%       4,156      72.3%   -0.0314
    상위 10.0%       3,937      54.9%   -0.0186
    -> 끊기는 지점 없이 매끄럽게 준다. 이상치 몇 개가 아니라
       '무거운 주에만 있는 것'이다. 보통 주에는 없다.

  물량 통제 편상관 r = -0.0598   (통제 전 -0.0563)
  -> 단순한 물량-가격 교란은 아니다. 그래도 크기가 분산의 0.3%라
     해석을 얹을 자리가 아니다. 1-E의 기각은 유지된다.

저장: C:\Users\지리산 살래농장\Documents\project 1\crop-price-forecast\outputs\dtr_weighted.csv
