셀x시군 78,328행 / 시군 14개 / 2018-01-01 ~ 2026-08-10

==========================================================================
A. 양성 대조 — 같은 장치로 1-F의 포장 효과가 재현되는가
==========================================================================
  셀에서 상자규격만 빼고, log(상자kg)이 log(원/kg)을 낮추는지 본다.
  1-F: 같은 주·시장·품종·등급에서 2kg이 4kg보다 kg당 23% 더 받았다.
       -> log(2/4)=-0.693 당 +0.207 이므로 계수는 약 -0.30이어야 한다.

  최근 53주 (1-F의 창)        셀  1,269  중앙값 1.260  평균 1.519
  전 기간                   셀  7,318  중앙값 1.107  평균 1.338
  (HANDOFF 1-F 기록: 셀 1,462개 · 중앙값 1.234 — 재현된다)

  회귀·시군 클러스터                  -0.0832  [-0.2914, +0.1294]  판정불가   셀 5,673 / 행 25,930
      -> 2kg/4kg 1.059 (+5.9%)

  ** 양성 대조가 떨어진다. ** 실재하는 +11% 효과인데 시군 클러스터로는
     구간이 0을 포함한다. 셀 클러스터로 재면 유의하다
     (-0.1327 [-0.1539, -0.1126]). 즉 이 설계가 못 잡는 것이지
     효과가 없는 것이 아니다.

     -> 아래 일교차의 판정불가도 '효과 없음'으로 읽으면 안 된다.

==========================================================================
B. 일교차 — 셀에 등급·상자규격까지 넣고 대응짝으로
==========================================================================
  셀 = 주·시장·품종·등급·상자규격·거래구분. 남는 차이는 산지뿐이다.

  일교차 창                            계수  95%CI                판정
  직전 1주 평균 (출하 주)             -0.0275  [-0.0751, +0.0207]  판정불가   셀 15,242 / 행 43,027
  직전 2주 평균                    -0.0292  [-0.0896, +0.0267]  판정불가   셀 15,262 / 행 43,062
  직전 4주 평균                    -0.0327  [-0.1012, +0.0291]  판정불가   셀 15,252 / 행 43,026
  직전 6주 평균                    -0.0354  [-0.1057, +0.0284]  판정불가   셀 15,237 / 행 42,980

==========================================================================
C. 이 자료로 잡을 수 있는 최소 효과
==========================================================================
  구간 반폭을 '일교차 1도 차이가 만드는 값 차이'로 읽는다.
  w1    1도당 ±4.79%  | 시군 간 실제 일교차 폭 3.6도 -> ±17.2%
  w2    1도당 ±5.81%  | 시군 간 실제 일교차 폭 3.6도 -> ±20.9%
  w4    1도당 ±6.51%  | 시군 간 실제 일교차 폭 3.6도 -> ±23.5%
  w6    1도당 ±6.70%  | 시군 간 실제 일교차 폭 3.6도 -> ±24.1%

  전 기간 포장 효과(+11%)조차 이 한계 안에 들어간다. 그래서 양성
  대조가 떨어졌다. 이 설계의 감지 한계가 재려는 효과보다 크다.

==========================================================================
D. 왜 대응짝이 일교차를 구해주지 못하는가
==========================================================================
  상자규격이 **같은 시군 안에서** 갈리는 셀·시군 조합: 9,151 / 65,084 (14.1%)
  일교차가 같은 시군 안에서 갈리는 조합: 0 — 그 주 그 시군의 값은 하나다.

  대응짝은 **셀 안에서 갈리는 변수**만 구해준다. 포장은 갈리고
  일교차는 안 갈린다. 셀을 아무리 쌓아도 일교차 값은 그 주에 14개뿐이다.

  -> 일교차를 검정할 수 있는 경로는 **같은 시군의 시간 변동**뿐이다.
     그게 1-E 설계 3·4이고 4,321주/5,028주에서 r=+0.024/-0.047,
     최소 감지 ±1.3~2.1%였다. 기각의 근거는 거기에 있고 지금도 유효하다.

저장: C:\Users\지리산 살래농장\Documents\project 1\crop-price-forecast\outputs\dtr_matched.csv
