[min_obs=1] 유효 93개, 중앙 MAPE 28.57%, 평균 32.99%, 100%초과 3개, 모델승 64
  [전작물 산지] 표본 얇은 달 제거: 8017 -> 7401행 (n_obs_kg >= 2)
  [상추 산지] 표본 얇은 달 제거: 1195 -> 1122행 (n_obs_kg >= 2)
[min_obs=2] 유효 88개, 중앙 MAPE 26.22%, 평균 30.08%, 100%초과 1개, 모델승 68
  [전작물 산지] 표본 얇은 달 제거: 8017 -> 6810행 (n_obs_kg >= 3)
  [상추 산지] 표본 얇은 달 제거: 1195 -> 1034행 (n_obs_kg >= 3)
[min_obs=3] 유효 76개, 중앙 MAPE 24.45%, 평균 27.00%, 100%초과 0개, 모델승 61
  [전작물 산지] 표본 얇은 달 제거: 8017 -> 5988행 (n_obs_kg >= 5)
  [상추 산지] 표본 얇은 달 제거: 1195 -> 946행 (n_obs_kg >= 5)
[min_obs=5] 유효 70개, 중앙 MAPE 24.45%, 평균 26.05%, 100%초과 0개, 모델승 58

======================================================================
전체 유효 조합 기준 (임계값이 오르면 어려운 조합이 빠져 나가므로 그대로 비교하면 안 됨)
 min_obs  n_valid  median_mape  mean_mape  n_over_100  n_beat_baseline
       1       93    28.569548  32.985660           3               64
       2       88    26.223998  30.077505           1               68
       3       76    24.451570  26.996736           0               61
       5       70    24.450300  26.049082           0               58

모든 임계값에서 살아남은 공통 조합 70개로 재비교:
 min_obs  median_mape_common  mean_mape_common  n_worse_than_1  n_better_than_1
       1           26.362834         29.713785               0                0
       2           25.443915         27.303467              10               23
       3           24.451570         26.391577              12               25
       5           24.450300         26.049082              14               33

공통 조합 중앙 MAPE 최소: min_obs=5
(단, 유효 조합 수도 같이 보라: {1: 93, 2: 88, 3: 76, 5: 70} - 웹앱에 노출할 작물x시군이 그만큼 줄어든다)
