남원 174,047행 / 2018-01-02 ~ 2026-08-11
※ 2026년은 자료 마지막 날까지라 연간 합계가 아니다

==========================================================================
1. 읍면별 연도별 물량 (톤)
==========================================================================
year        2018    2019    2020    2021    2022    2023    2024    2025    2026       합계
eup                                                                                      
금지면       2469.0  2575.0  2390.0  2299.0  2292.0  2422.0  1719.0  1695.0  1201.0  19062.0
(읍면 미기재)   595.0   635.0   566.0   605.0   665.0   820.0  1354.0  1818.0  1847.0   8906.0
동충동        258.0   398.0   541.0   608.0   736.0   794.0   890.0  1054.0   701.0   5980.0
수지면        876.0   839.0   699.0   488.0   521.0   541.0   464.0   591.0   426.0   5445.0
아영면        135.0   161.0   201.0   220.0   295.0   346.0   497.0   551.0   288.0   2695.0
운봉읍          7.0    29.0    26.0     7.0     0.0     0.0   395.0   970.0  1193.0   2628.0
인월면        102.0    80.0    40.0    49.0    73.0    89.0    62.0   101.0   100.0    696.0
송동면         25.0    45.0    34.0    21.0    17.0    23.0    18.0    14.0     9.0    205.0
산동면         39.0    21.0    13.0     7.0     0.0     0.0     0.0     0.0     0.0     82.0
산내면          2.0     0.0     0.0     0.0     1.0     4.0    12.0    18.0    35.0     72.0

==========================================================================
2. 운봉 등장의 정체 — 경남 두 시장에서 금지면이 그대로 대체된다 (톤)
==========================================================================

[부산엄궁]
year   2018   2019   2020   2021   2022   2023   2024   2025   2026
eup                                                                
금지면   419.0  546.0  511.0  544.0  559.0  585.0  128.0    0.0    0.0
운봉읍     0.0    0.0    0.0    0.0    0.0    0.0  394.0  876.0  997.0

[창원내서]
year  2018  2019  2020  2021  2022  2023   2024   2025   2026
eup                                                          
금지면   30.0   6.0   4.0  26.0  46.0  69.0  122.0  148.0    0.0
운봉읍    0.0  26.0  25.0   7.0   0.0   0.0    0.0   93.0  195.0

==========================================================================
3. 끊김이 없다 — 부산엄궁 남원 월물량 (톤)
==========================================================================
date      2024-01  2024-02  2024-03  2024-04  2024-06  2024-07  2024-08  2024-09  2024-10  2024-11  2024-12  2025-01  2025-02  2025-03
eup                                                                                                                                   
(읍면 미기재)      0.0      0.0      0.0      0.0      0.0      0.0      0.0      0.0      0.0      0.0      0.0      0.0      0.0      0.0
금지면          23.3     25.1     49.3     30.4      0.0      0.0      0.0      0.0      0.0      0.0      0.0      0.0      0.0      0.0
운봉읍           0.0      0.0      0.0      0.0     53.6     76.4     63.1     59.1     59.0     50.2     33.0     26.4     32.0     57.4
합계           23.3     25.1     49.3     30.4     53.6     76.4     63.1     59.1     59.0     50.2     33.0     26.4     32.0     57.4

  2024-05가 통째로 비어 있고(그 달 남원->부산엄궁 출하 자체가 없다),
  그 앞은 전부 금지면, 그 뒤는 전부 운봉읍이다.

==========================================================================
4. 지문 대조 — 같은 출하자인가
==========================================================================

  금지면 2021~2023 (전환 전)  1,689t / 1,467행
    품종  포기찹 97% · 청상추 3% · 기타 0%
    등급  상 98% · 특 2% · 중 0%
    상자  2.0kg 100% · 4.0kg 0%
    거래  경매 100%

  운봉읍 2025~2026 (전환 후)  1,873t / 1,150행
    품종  포기찹 78% · 청상추 21% · 기타 0%
    등급  상 100% · 특 0%
    상자  2.0kg 100% · 4.0kg 0%
    거래  경매 100%

==========================================================================
5. 산간 비중 — 겉보기 vs 라벨 보정
==========================================================================
      남원_총물량t  산간_겉보기t  라벨이동분t  산간_보정t  겉보기_%  보정_%
year                                               
2018   4523.4    246.5     0.4   246.2    5.4   5.4
2019   4804.3    270.7    26.2   244.5    5.6   5.1
2020   4532.6    266.9    24.8   242.1    5.9   5.3
2021   4319.4    276.0     6.7   269.4    6.4   6.2
2022   4607.8    367.8     0.0   367.8    8.0   8.0
2023   5070.0    439.8     0.0   439.8    8.7   8.7
2024   5441.7    965.8   394.4   571.4   17.7  10.5
2025   6861.3   1641.2   969.0   672.2   23.9   9.8
2026   5818.8   1615.5  1192.1   423.4   27.8   7.3

  2018 5.4%  ->  2025 겉보기 23.9% / 보정 9.8%   (마지막 완전 연도)
  HANDOFF 10.5의 '5% -> 28%'는 라벨 이동을 산지 이동으로 읽은 것이다.
  다만 보정해도 5.4% -> 9.8%로 늘긴 했다. 이건 진짜다
  (아영면 135->288t, 광주서부행). '구조 변화'라 부를 크기는 아니다.

저장: namwon_eup_yearly.csv · namwon_channel_switch.csv · namwon_mountain_share.csv (C:\Users\지리산 살래농장\Documents\project 1\crop-price-forecast\outputs)
