원자료 2,164,359행  2018-01 ~ 2026-08
  주력 17종만: 2,008,385행
전북산 430,032행 (21.4%), 시군 14개

========================================================================
1. 표본오차 — 전북산 상추 월평균가 (원/kg)
========================================================================
  표본오차 MAPE            10.32%
  중앙 절대오차            7.26%
  |오차| > 10%인 달        37/104개 (36%)
  |오차| > 20%인 달        16/104개
  최대 오차                44.7% (2022-09)
  평균 편향(bias)          -0.08%  — 0에서 멀면 계통오차, 0 근처면 순수 잡음
  3일 표본이 0~1일뿐인 달   2개  (MIN_OBS_PER_MONTH 필터에 걸리는 구간)
  월 거래일수  중앙 26일 / 최소 9일
  월 관측건수  3일표본 중앙 388건 → 전일자 중앙 4030건 (10.4배)

  오차 상위 8개월
    ym       전일자     3일표본     오차    표본일수
    2022-09      5184       7503    +44.7%   2일
    2020-01      5429       7466    +37.5%   1일
    2018-07      3337       2159    -35.3%   2일
    2026-01      5987       8086    +35.1%   2일
    2023-11      3733       4856    +30.1%   2일
    2023-03      3241       2269    -30.0%   2일
    2018-04      2505       1819    -27.4%   2일
    2022-12      5294       3940    -25.6%   2일

  월별 평균 |표본오차|
        1     2     3     4     5     6     7     8     9    10    11    12
    10.9% 10.8%  6.6%  7.6% 11.5%  6.7% 12.2% 14.0% 16.1%  7.7%  9.8% 10.3%

========================================================================
2. 표본오차 — 시군별 (표본이 얇을수록 커진다)
========================================================================
    시군      월수  표본오차MAPE  표본결측월  월중앙관측(3일→전일자)
    고창군         99        18.5%        49개       2 → 19건
    군산시         17        22.4%        13개       0 → 3건
    김제시        104        16.0%         8개      16 → 148건
    남원시        104         9.7%         2개     154 → 1561건
    무주군         84        26.6%        47개       2 → 18건
    부안군         91        18.7%        52개       2 → 19건
    순창군        104        10.9%         3개      14 → 147건
    완주군        104        12.0%         2개      49 → 484건
    익산시        104        12.3%         2개      82 → 821건
    임실군         65        22.7%        38개       1 → 12건
    장수군        104        11.3%         3개      42 → 458건
    전주시        104        13.9%         4개      20 → 210건
    정읍시        104        32.0%        30개       5 → 58건
    진안군        104        14.7%        20개       8 → 78건

========================================================================
3. 월별 산지 구성 — 고랭지 대체 실측 (전국 물량 kg 기준)
========================================================================
    월 |     전북   충청남도    경기도     충남   충청북도   경상북도     경기 |    총 kg
     1 |  22.9%  16.5%  24.2%   9.0%   4.1%   3.4%   3.4% |   38,699,201
     2 |  23.5%  17.7%  23.1%   8.9%   4.4%   3.6%   3.1% |   39,927,057
     3 |  23.1%  17.9%  24.0%   8.7%   4.5%   3.5%   3.2% |   55,404,040
     4 |  22.8%  19.2%  22.7%   8.6%   4.5%   3.4%   3.2% |   58,589,746
     5 |  23.8%  19.6%  21.1%   8.3%   4.0%   3.7%   3.2% |   57,826,907
     6 |  27.1%  19.8%  14.8%   8.4%   3.3%   4.7%   2.5% |   49,352,559
     7 |  31.2%  19.3%  10.5%   9.2%   2.8%   5.3%   2.0% |   47,368,745
     8 |  28.9%  20.3%  10.5%   9.8%   3.4%   5.3%   2.1% |   38,072,462
     9 |  27.8%  20.3%  11.9%  10.0%   3.8%   4.1%   2.3% |   34,821,512
    10 |  26.2%  19.8%  16.9%   9.6%   3.5%   3.5%   2.9% |   41,205,613
    11 |  25.3%  20.9%  18.5%   9.8%   4.2%   3.0%   3.0% |   39,820,863
    12 |  23.6%  19.5%  21.9%   9.6%   4.1%   3.0%   3.1% |   37,838,331

    전북 내부 — 준고랭지(진안·장수·무주) 비중
    월 |    익산시    남원시    완주군    장수군 | 준고랭지합
     1 |  44.2%  27.3%  18.2%   1.5% |    1.6%
     2 |  44.1%  27.9%  17.8%   1.6% |    1.6%
     3 |  42.4%  30.9%  16.4%   1.8% |    1.9%
     4 |  42.7%  30.8%  15.4%   2.9% |    3.2%
     5 |  42.1%  30.9%  13.7%   5.7% |    6.4%
     6 |  33.4%  38.4%  12.9%   7.6% |    9.3%
     7 |  27.5%  41.0%  10.5%   7.6% |   12.0%
     8 |  31.2%  36.9%  11.7%   9.1% |   13.1%
     9 |  36.2%  34.2%  12.4%   8.6% |   11.7%
    10 |  38.7%  32.7%  12.8%   8.3% |   10.6%
    11 |  43.5%  31.5%  12.7%   5.6% |    6.5%
    12 |  47.3%  28.7%  14.7%   2.7% |    2.9%

========================================================================
4. 품종 구성/가격 — 타깃이 품종 혼합 평균이라는 점의 확인
========================================================================
    물량비중  월 |    포기찹    청상추    적상추     기타   꽃적상추
               1 |  38.5%  35.2%  21.0%   1.5%   1.6%
               2 |  39.7%  34.9%  20.0%   1.8%   1.5%
               3 |  40.1%  35.2%  18.7%   1.9%   1.3%
               4 |  41.4%  36.0%  16.5%   2.0%   1.5%
               5 |  43.3%  35.2%  14.6%   2.1%   2.2%
               6 |  41.8%  35.0%  15.7%   2.1%   2.9%
               7 |  38.5%  39.9%  14.2%   2.1%   2.7%
               8 |  39.2%  37.3%  15.7%   3.1%   2.7%
               9 |  41.6%  35.3%  15.0%   3.5%   2.7%
              10 |  41.4%  35.1%  15.6%   3.0%   2.7%
              11 |  42.4%  36.0%  15.2%   2.2%   2.5%
              12 |  42.1%  35.4%  16.7%   1.6%   2.2%

    품종별 원/kg (연평균) 및 계절진폭
      포기찹      연평균    4421원/kg  최고월  9월    8626  최저월  3월   2689  진폭  3.2배
      청상추      연평균    4185원/kg  최고월  9월    8431  최저월  4월   2410  진폭  3.5배
      적상추      연평균    3564원/kg  최고월  9월    7641  최저월  2월   2263  진폭  3.4배
      기타       연평균    3998원/kg  최고월  9월    7272  최저월  4월   2085  진폭  3.5배
      꽃적상추     연평균    4587원/kg  최고월  9월    8431  최저월  4월   2608  진폭  3.2배

저장: outputs/sampling_error_jeonbuk.csv, sampling_error_by_county.csv
