
==========================================================================
A. 사분면 — 물량 많음/적음 x 일교차 큼/작음
==========================================================================
  기준 — 물량 중앙값 387t / 일교차 중앙값 11.35도

                     물량 많음       물량 적음
  일교차 큼         0.998(4)    0.890(3)
  일교차 작음        1.030(3)    0.973(4)

  가로 — 물량 많은 쪽이 두 줄 다 높다 (제안한 방향)
  세로 — 일교차 큰 쪽이 두 줄 다 낮다 (제안과 반대)

  [일교차 큼 x 물량 많음] 익산시(7,344t·11.4도·1.024) · 완주군(3,072t·12.3도·0.904) · 장수군(1,114t·12.1도·1.009) · 진안군(858t·12.6도·1.056)

  [일교차 큼 x 물량 적음] 순창군(233t·11.5도·1.045) · 임실군(40t·12.0도·0.989) · 무주군(10t·12.6도·0.636)

  [일교차 작음 x 물량 많음] 남원시(8,712t·11.3도·1.110) · 김제시(579t·9.5도·0.999) · 전주시(526t·9.8도·0.980)

  [일교차 작음 x 물량 적음] 부안군(247t·9.7도·0.885) · 고창군(56t·10.2도·0.963) · 정읍시(30t·10.2도·0.943) · 군산시(4t·9.1도·1.101)

==========================================================================
B. 시군 14곳 회귀 — 둘을 같이 넣으면
==========================================================================
  ① 규모만   R2=0.138   n=14
      lq              +0.0215  [-0.0134, +0.0678]  판정불가
  ② 일교차만   R2=0.074   n=14
      dtr_all         -0.0301  [-0.0984, +0.0357]  판정불가
  ③ 규모 + 일교차   <- 제안   R2=0.296   n=14
      lq              +0.0285  [-0.0183, +0.0647]  판정불가
      dtr_all         -0.0459  [-0.1098, +0.0335]  판정불가
  ④ + 소형상자   R2=0.473   n=14
      lq              +0.0266  [-0.0225, +0.0629]  판정불가
      dtr_all         -0.0642  [-0.1282, +0.0352]  판정불가
      소형상자%           +0.0021  [-0.0008, +0.0054]  판정불가

  R2는 0.138·0.074 -> 0.296으로 뛴다. 설명력이 붙는 것은 맞다.
  그러나 계수 구간이 전부 0을 포함한다. n=14로는 여기까지다.

==========================================================================
C. 시군 x 연도 — 행을 늘려도 독립 단위는 시군 14개다
==========================================================================
  시군x연도 92점 / 시군 13개 / 연 2018~2026  (그 해 20주 이상만)

  ⓐ 관측치 단위 부트스트랩 — 행을 독립으로 착각하면
  규모 + 일교차   R2=0.145   n=92
      lq              +0.0289  [+0.0049, +0.0473]  유의
      dtr             -0.0143  [-0.0361, +0.0090]  판정불가

  ⓑ 시군 블록 부트스트랩 — 같은 시군을 여러 번 센 것을 바로잡으면
  규모 + 일교차   R2=0.145   n=92 / 클러스터 13개
      lq              +0.0289  [-0.0249, +0.0647]  판정불가
      dtr             -0.0143  [-0.0576, +0.0428]  판정불가

  ⓐ에서 유의해 보이던 것이 ⓑ에서 사라진다면, 그건 연도가 늘어난 것이지
  독립 표본이 늘어난 것이 아니다. 판단은 ⓑ로 한다.

저장: C:\Users\지리산 살래농장\Documents\project 1\crop-price-forecast\outputs\scale_dtr_county_year.csv

==========================================================================
D. 읍면 61개 — 규모에는 기상이 필요 없으니 단위를 늘릴 수 있다
==========================================================================
  104주 이상 읍면 61개 / 시군 13개 / 전북 물량의 99.4%

  ⓐ 읍면을 독립으로   R2=0.062   n=61
      lq              +0.0189  [-0.0000, +0.0386]  판정불가

  ⓑ 시군 블록 — 같은 시군 읍면은 조건을 공유한다   R2=0.062   n=61 / 클러스터 13개
      lq              +0.0189  [-0.0035, +0.0431]  판정불가

  ⓒ 시군 평균을 뺀 뒤 (시군 내 비교)   R2=0.038   n=61 / 클러스터 13개
      d_lq            +0.0142  [-0.0042, +0.0316]  판정불가

  규모 4분위별 (물량가중 상대값)
          읍면수       물량t    상대값
lq                            
1분위(작음)  16.0     678.0  0.964
2분위      15.0    2749.0  1.065
3분위      15.0   14186.0  1.080
4분위(큼)   15.0  104875.0  1.046

  -> 비례가 아니라 계단이다. 2~4분위는 평평하고 1분위만 10%p 아래다.
     '클수록 비싸다'가 아니라 '너무 작으면 싸다'로 읽는 편이 맞다.

저장: C:\Users\지리산 살래농장\Documents\project 1\crop-price-forecast\outputs\scale_dtr_eup.csv
