기존 진행분 60748행, 47개 날짜 — 이어서 진행
[1/80] 2020-01 누적 0건
[2/80] 2020-02 누적 0건
[3/80] 2020-03 누적 0건
[4/80] 2020-04 누적 0건
[5/80] 2020-05 누적 0건
[6/80] 2020-06 누적 0건
[7/80] 2020-07 누적 0건
[8/80] 2020-08 누적 0건
[9/80] 2020-09 누적 0건
[10/80] 2020-10 누적 0건
[11/80] 2020-11 누적 0건
[12/80] 2020-12 누적 0건
[13/80] 2021-01 누적 0건
[14/80] 2021-02 누적 0건
[15/80] 2021-03 누적 0건
[16/80] 2021-04 누적 0건
[17/80] 2021-05 누적 0건
[18/80] 2021-06 누적 0건
[19/80] 2021-07 누적 5106건
[20/80] 2021-08 누적 9164건
[21/80] 2021-09 누적 14193건
[22/80] 2021-10 누적 18557건
[23/80] 2021-11 누적 21425건
[24/80] 2021-12 누적 23559건
[25/80] 2022-01 누적 26812건
[26/80] 2022-02 누적 29517건
[27/80] 2022-03 누적 32929건
[28/80] 2022-04 누적 36874건
[29/80] 2022-05 누적 40797건
[30/80] 2022-06 누적 44816건
[31/80] 2022-07 누적 49101건
[32/80] 2022-08 누적 53419건
[33/80] 2022-09 누적 58047건
[34/80] 2022-10 누적 61835건
[35/80] 2022-11 누적 65809건
[36/80] 2022-12 누적 68098건
[37/80] 2023-01 누적 70767건
[38/80] 2023-02 누적 73056건
[39/80] 2023-03 누적 76272건
[40/80] 2023-04 누적 79466건
[41/80] 2023-05 누적 82894건
[42/80] 2023-06 누적 87601건
[43/80] 2023-07 누적 90598건
[44/80] 2023-08 누적 92971건
[45/80] 2023-09 누적 97197건
[46/80] 2023-10 누적 100676건
[47/80] 2023-11 누적 104019건
[48/80] 2023-12 누적 105603건
[49/80] 2024-01 누적 107829건
[50/80] 2024-02 누적 110304건
[51/80] 2024-03 누적 112940건
[52/80] 2024-04 누적 116420건
[53/80] 2024-05 누적 118944건
[54/80] 2024-06 누적 123056건
[55/80] 2024-07 누적 127059건
[56/80] 2024-08 누적 130047건
[57/80] 2024-09 누적 132158건
[58/80] 2024-10 누적 133310건
[59/80] 2024-11 누적 137178건
[60/80] 2024-12 누적 138823건
[61/80] 2025-01 누적 141475건
[62/80] 2025-02 누적 142825건
[63/80] 2025-03 누적 143448건
[64/80] 2025-04 누적 143448건
[65/80] 2025-05 누적 147074건
[66/80] 2025-06 누적 153368건
[67/80] 2025-07 누적 153368건
[68/80] 2025-08 누적 153368건
[69/80] 2025-09 누적 153368건
[70/80] 2025-10 누적 156810건
[71/80] 2025-11 누적 163022건
[72/80] 2025-12 누적 166026건
[73/80] 2026-01 누적 166026건
[74/80] 2026-02 누적 166026건
[75/80] 2026-03 누적 166026건
[76/80] 2026-04 누적 166026건
[77/80] 2026-05 누적 174257건
[78/80] 2026-06 누적 182488건
[79/80] 2026-07 누적 193823건
[80/80] 2026-08 누적 193823건
저장: C:\Users\지리산 살래농장\Documents\project 1\drive-download-20260807T133256Z-1-001\crop-price-forecast_handoff\crop-price-forecast\data\raw\gongpanjang_jeonbuk_raw.csv (254571행, 신규 193823)
저장: C:\Users\지리산 살래농장\Documents\project 1\drive-download-20260807T133256Z-1-001\crop-price-forecast_handoff\crop-price-forecast\data\raw\gongpanjang_top10crops_by_county.csv (2927행)

시군별 관측월수(작물 합산):
county
군산시    70
김제시    70
남원시    70
전주시    70
익산시    70
임실군    70
완주군    69
정읍시    56
부안군    44
장수군    35
진안군    23
고창군    14
무주군    12
순창군     7
