[1/104] 2018-01 -> OK(3922건, 117개 작물)
[2/104] 2018-02 -> OK(1953건, 99개 작물)
[3/104] 2018-03 -> OK(2736건, 117개 작물)
[4/104] 2018-04 -> OK(2880건, 105개 작물)
[5/104] 2018-05 -> OK(5327건, 117개 작물)
[6/104] 2018-06 -> OK(6332건, 113개 작물)
[7/104] 2018-07 -> OK(4942건, 106개 작물)
[8/104] 2018-08 -> OK(4575건, 105개 작물)
[9/104] 2018-09 -> OK(5482건, 111개 작물)
[10/104] 2018-10 -> OK(4570건, 119개 작물)
[11/104] 2018-11 -> OK(3325건, 119개 작물)
[12/104] 2018-12 -> OK(4052건, 113개 작물)
[13/104] 2019-01 -> OK(4610건, 114개 작물)
[14/104] 2019-02 -> OK(2929건, 114개 작물)
[15/104] 2019-03 -> OK(4251건, 112개 작물)
[16/104] 2019-04 -> OK(5076건, 118개 작물)
[17/104] 2019-05 -> OK(3522건, 110개 작물)
[18/104] 2019-06 -> OK(6856건, 116개 작물)
[19/104] 2019-07 -> OK(8450건, 116개 작물)
[20/104] 2019-08 -> OK(5768건, 101개 작물)
[21/104] 2019-09 -> OK(5383건, 116개 작물)
[22/104] 2019-10 -> OK(7148건, 128개 작물)
[23/104] 2019-11 -> OK(6847건, 131개 작물)
[24/104] 2019-12 -> OK(2639건, 104개 작물)
[25/104] 2020-01 -> OK(1814건, 102개 작물)
[26/104] 2020-02 -> OK(3912건, 123개 작물)
[27/104] 2020-03 -> OK(2778건, 111개 작물)
[28/104] 2020-04 -> OK(3154건, 101개 작물)
[29/104] 2020-05 -> OK(4716건, 110개 작물)
[30/104] 2020-06 -> OK(5285건, 113개 작물)
[31/104] 2020-07 -> OK(5090건, 102개 작물)
[32/104] 2020-08 -> OK(7282건, 109개 작물)
[33/104] 2020-09 -> OK(7963건, 120개 작물)
[34/104] 2020-10 -> OK(4332건, 113개 작물)
[35/104] 2020-11 -> OK(4279건, 128개 작물)
[36/104] 2020-12 -> OK(3631건, 115개 작물)
[37/104] 2021-01 -> OK(4277건, 117개 작물)
[38/104] 2021-02 -> OK(3948건, 130개 작물)
[39/104] 2021-03 -> OK(4165건, 115개 작물)
[40/104] 2021-04 -> OK(3167건, 115개 작물)
[41/104] 2021-05 -> OK(4433건, 100개 작물)
[42/104] 2021-06 -> OK(4112건, 90개 작물)
[43/104] 2021-07 -> OK(4085건, 83개 작물)
[44/104] 2021-08 -> OK(3126건, 79개 작물)
[45/104] 2021-09 -> OK(3813건, 89개 작물)
[46/104] 2021-10 -> OK(5247건, 98개 작물)
[47/104] 2021-11 -> OK(2747건, 84개 작물)
[48/104] 2021-12 -> OK(1647건, 74개 작물)
[49/104] 2022-01 -> OK(2837건, 83개 작물)
[50/104] 2022-02 -> OK(2331건, 75개 작물)
[51/104] 2022-03 -> OK(2706건, 81개 작물)
[52/104] 2022-04 -> OK(3180건, 99개 작물)
[53/104] 2022-05 -> OK(2493건, 85개 작물)
[54/104] 2022-06 -> OK(3505건, 91개 작물)
[55/104] 2022-07 -> OK(6584건, 93개 작물)
[56/104] 2022-08 -> OK(6776건, 91개 작물)
[57/104] 2022-09 -> OK(4724건, 98개 작물)
[58/104] 2022-10 -> OK(5700건, 109개 작물)
[59/104] 2022-11 -> OK(5429건, 114개 작물)
[60/104] 2022-12 -> OK(2600건, 103개 작물)
[61/104] 2023-01 -> OK(2180건, 92개 작물)
[62/104] 2023-02 -> OK(2315건, 93개 작물)
[63/104] 2023-03 -> OK(1908건, 85개 작물)
[64/104] 2023-04 -> OK(3838건, 99개 작물)
[65/104] 2023-05 -> OK(3320건, 97개 작물)
[66/104] 2023-06 -> OK(4142건, 103개 작물)
[67/104] 2023-07 -> OK(6416건, 100개 작물)
[68/104] 2023-08 -> OK(5212건, 93개 작물)
[69/104] 2023-09 -> OK(8138건, 106개 작물)
[70/104] 2023-10 -> OK(4407건, 103개 작물)
[71/104] 2023-11 -> OK(3666건, 95개 작물)
[72/104] 2023-12 -> OK(3734건, 103개 작물)
[73/104] 2024-01 -> OK(3362건, 99개 작물)
[74/104] 2024-02 -> OK(2736건, 101개 작물)
[75/104] 2024-03 -> OK(3948건, 104개 작물)
[76/104] 2024-04 -> OK(4553건, 107개 작물)
[77/104] 2024-05 -> OK(3065건, 89개 작물)
[78/104] 2024-06 -> OK(7520건, 104개 작물)
[79/104] 2024-07 -> OK(7995건, 99개 작물)
[80/104] 2024-08 -> OK(5075건, 86개 작물)
[81/104] 2024-09 -> OK(5411건, 105개 작물)
[82/104] 2024-10 -> OK(6392건, 117개 작물)
[83/104] 2024-11 -> OK(6391건, 123개 작물)
[84/104] 2024-12 -> OK(2593건, 95개 작물)
[85/104] 2025-01 -> OK(3140건, 96개 작물)
[86/104] 2025-02 -> OK(3324건, 93개 작물)
[87/104] 2025-03 -> OK(3826건, 103개 작물)
[88/104] 2025-04 -> OK(4717건, 111개 작물)
[89/104] 2025-05 -> OK(3705건, 109개 작물)
[90/104] 2025-06 -> OK(4680건, 94개 작물)
[91/104] 2025-07 -> OK(7590건, 105개 작물)
[92/104] 2025-08 -> OK(7600건, 107개 작물)
[93/104] 2025-09 -> OK(8150건, 108개 작물)
[94/104] 2025-10 -> OK(4555건, 113개 작물)
[95/104] 2025-11 -> OK(6402건, 107개 작물)
[96/104] 2025-12 -> OK(4052건, 104개 작물)
[97/104] 2026-01 -> OK(2776건, 101개 작물)
[98/104] 2026-02 -> OK(2683건, 101개 작물)
[99/104] 2026-03 -> OK(2460건, 95개 작물)
[100/104] 2026-04 -> OK(3301건, 95개 작물)
[101/104] 2026-05 -> OK(396건, 38개 작물)
[102/104] 2026-06 -> OK(7745건, 109개 작물)
[103/104] 2026-07 -> OK(4893건, 90개 작물)
[104/104] 2026-08 -> OK(2489건, 85개 작물)

저장 완료(작물x시군별 산지가격): C:\문서\projects 1\crop-price-forecast\data\raw\jeonbuk_origin_top10crops_by_county.csv (7134행)
저장 완료(전체 79개 작물 원시 레코드, 확장용): C:\문서\projects 1\crop-price-forecast\data\raw\jeonbuk_origin_allcrops_raw.csv (458244행)

작물별 요약:
       n_rows  n_counties     avg_price    total_qty
crop                                                
상추       1072          14  14060.577623  13092092.10
오이       1008          14  21332.692339   6488055.50
토마토       973          14  14284.023537  11319172.35
방울토마토     949          14  16705.129447   3789858.85
대파        780          14   5399.421355  11924221.00
고구마       725          14  17749.106319  22567396.20
수박        478          14  15871.471441  17622844.50
포도        426          14  19213.243997   4524964.90
복숭아       402          13  17719.775096   2941167.13
멜론        321          12  20315.707538   2574431.30
