[1/104] 2018-01 -> OK(134건)
[2/104] 2018-02 -> OK(42건)
[3/104] 2018-03 -> OK(89건)
[4/104] 2018-04 -> OK(117건)
[5/104] 2018-05 -> OK(151건)
[6/104] 2018-06 -> OK(159건)
[7/104] 2018-07 -> OK(112건)
[8/104] 2018-08 -> OK(99건)
[9/104] 2018-09 -> OK(99건)
[10/104] 2018-10 -> OK(151건)
[11/104] 2018-11 -> OK(97건)
[12/104] 2018-12 -> OK(110건)
[13/104] 2019-01 -> OK(135건)
[14/104] 2019-02 -> OK(101건)
[15/104] 2019-03 -> OK(142건)
[16/104] 2019-04 -> OK(175건)
[17/104] 2019-05 -> OK(111건)
[18/104] 2019-06 -> OK(157건)
[19/104] 2019-07 -> OK(184건)
[20/104] 2019-08 -> OK(112건)
[21/104] 2019-09 -> OK(92건)
[22/104] 2019-10 -> OK(146건)
[23/104] 2019-11 -> OK(141건)
[24/104] 2019-12 -> OK(52건)
[25/104] 2020-01 -> OK(50건)
[26/104] 2020-02 -> OK(155건)
[27/104] 2020-03 -> OK(96건)
[28/104] 2020-04 -> OK(112건)
[29/104] 2020-05 -> OK(155건)
[30/104] 2020-06 -> OK(100건)
[31/104] 2020-07 -> OK(119건)
[32/104] 2020-08 -> OK(128건)
[33/104] 2020-09 -> OK(131건)
[34/104] 2020-10 -> OK(105건)
[35/104] 2020-11 -> OK(86건)
[36/104] 2020-12 -> OK(76건)
[37/104] 2021-01 -> OK(119건)
[38/104] 2021-02 -> OK(107건)
[39/104] 2021-03 -> OK(124건)
[40/104] 2021-04 -> OK(86건)
[41/104] 2021-05 -> OK(91건)
[42/104] 2021-06 -> OK(32건)
[43/104] 2021-07 -> OK(31건)
[44/104] 2021-08 -> OK(27건)
[45/104] 2021-09 -> OK(40건)
[46/104] 2021-10 -> OK(42건)
[47/104] 2021-11 -> OK(33건)
[48/104] 2021-12 -> OK(14건)
[49/104] 2022-01 -> OK(47건)
[50/104] 2022-02 -> OK(46건)
[51/104] 2022-03 -> OK(49건)
[52/104] 2022-04 -> OK(66건)
[53/104] 2022-05 -> OK(42건)
[54/104] 2022-06 -> OK(35건)
[55/104] 2022-07 -> OK(48건)
[56/104] 2022-08 -> OK(59건)
[57/104] 2022-09 -> OK(52건)
[58/104] 2022-10 -> OK(97건)
[59/104] 2022-11 -> OK(91건)
[60/104] 2022-12 -> OK(71건)
[61/104] 2023-01 -> OK(66건)
[62/104] 2023-02 -> OK(86건)
[63/104] 2023-03 -> OK(98건)
[64/104] 2023-04 -> OK(134건)
[65/104] 2023-05 -> OK(133건)
[66/104] 2023-06 -> OK(100건)
[67/104] 2023-07 -> OK(118건)
[68/104] 2023-08 -> OK(89건)
[69/104] 2023-09 -> OK(126건)
[70/104] 2023-10 -> OK(61건)
[71/104] 2023-11 -> OK(52건)
[72/104] 2023-12 -> OK(64건)
[73/104] 2024-01 -> OK(86건)
[74/104] 2024-02 -> OK(81건)
[75/104] 2024-03 -> OK(115건)
[76/104] 2024-04 -> OK(126건)
[77/104] 2024-05 -> OK(88건)
[78/104] 2024-06 -> OK(135건)
[79/104] 2024-07 -> OK(148건)
[80/104] 2024-08 -> OK(98건)
[81/104] 2024-09 -> OK(71건)
[82/104] 2024-10 -> OK(135건)
[83/104] 2024-11 -> OK(141건)
[84/104] 2024-12 -> OK(55건)
[85/104] 2025-01 -> OK(90건)
[86/104] 2025-02 -> OK(130건)
[87/104] 2025-03 -> OK(145건)
[88/104] 2025-04 -> OK(157건)
[89/104] 2025-05 -> OK(96건)
[90/104] 2025-06 -> OK(94건)
[91/104] 2025-07 -> OK(140건)
[92/104] 2025-08 -> OK(167건)
[93/104] 2025-09 -> OK(133건)
[94/104] 2025-10 -> OK(101건)
[95/104] 2025-11 -> OK(132건)
[96/104] 2025-12 -> OK(90건)
[97/104] 2026-01 -> OK(71건)
[98/104] 2026-02 -> OK(84건)
[99/104] 2026-03 -> OK(82건)
[100/104] 2026-04 -> OK(105건)
[101/104] 2026-05 -> OK(152건)
[102/104] 2026-06 -> OK(149건)
[103/104] 2026-07 -> OK(91건)
[104/104] 2026-08 -> 없음

저장 완료: C:\문서\projects 1\crop-price-forecast\data\raw\jeonbuk_market_lettuce_history.csv (103행)
     ym  price_avg_jeonbuk  qty_total_jeonbuk  n_obs_jeonbuk  n_markets_jeonbuk
2018-01       12607.238781           14401.00            134                  3
2018-02       15598.404591            5242.00             42                  3
2018-03        8710.927340           12750.00             89                  3
2018-04        5380.389613           16132.00            117                  3
2018-05        6638.768994           18907.80            151                  3
2018-06        6036.517135           17772.20            159                  3
2018-07        7745.868856            9996.00            112                  3
2018-08       25083.312836            9044.50             99                  3
2018-09       41440.313651            7346.00             99                  3
2018-10       10160.380877           15599.00            151                  3
2018-11        5553.345984           10226.00             97                  3
2018-12        5833.574155           13616.00            110                  3
2019-01        7642.648456           15653.40            135                  3
2019-02        5519.915808           11441.06            101                  3
2019-03        7664.579296           17393.00            142                  3
2019-04        7744.119973           18993.54            175                  3
2019-05        6622.886576           11594.44            111                  3
2019-06        6631.085315           15012.20            157                  3
2019-07        7381.339449           16356.10            184                  3
2019-08       16350.598306           10451.40            112                  3
2019-09       15469.771434            8782.00             92                  3
2019-10       24018.864968           12848.30            146                  3
2019-11        8726.190959           14522.26            141                  3
2019-12        8003.303589            5211.00             52                  3
2020-01       21875.276007            4363.00             50                  3
2020-02        5332.439776           16362.90            155                  3
2020-03        6052.122464           10934.80             96                  3
2020-04        5559.301896           11454.00            112                  3
2020-05        5888.907598           17921.00            155                  3
2020-06       11391.201299            9083.30            100                  3
2020-07       12928.204337           10768.00            119                  3
2020-08       30867.717346           10423.50            128                  3
2020-09       19029.206257           11058.30            131                  3
2020-10        4335.733671           15329.00            105                  3
2020-11        4649.662575            8509.00             86                  3
2020-12       10497.806847            6429.00             76                  3
2021-01       16563.827758           11243.50            119                  3
2021-02       11079.691314           12342.00            107                  3
2021-03        7954.512529           12913.00            124                  3
2021-04        7657.733918            9008.00             86                  3
2021-05        6302.406899            8823.00             91                  3
2021-06       14433.090381            3588.00             32                  2
2021-07       16374.532206            2608.00             31                  2
2021-08       18054.687894            2104.00             27                  2
2021-09       26896.473876            2620.00             40                  2
2021-10       28593.105736            3403.00             42                  2
2021-11        9233.908914            3555.00             33                  2
2021-12        6969.873580            1276.00             14                  2
2022-01       15362.280762            4680.00             47                  2
2022-02        6745.753408            4774.00             46                  2
2022-03        7654.617755            5766.00             49                  2
2022-04        9430.566641            5875.00             66                  2
2022-05        6356.049733            3795.00             42                  2
2022-06       14290.565387            3508.00             35                  3
2022-07       26751.472452            3691.00             48                  3
2022-08       26387.028255            5696.00             59                  3
2022-09       21637.938878            5337.50             52                  3
2022-10       10705.975095           10927.00             97                  3
2022-11        5233.159148            9331.00             91                  3
2022-12       12301.894348            6677.00             71                  3
2023-01       21543.808523            7427.00             66                  3
2023-02       13320.266603            8384.00             86                  3
2023-03        8803.559287           11269.00             98                  3
2023-04        9622.183908           14639.70            134                  3
2023-05        9439.234600           14407.40            133                  3
2023-06       13093.028824            8752.00            100                  3
2023-07       26513.588895            9471.00            118                  3
2023-08       13392.297299           10461.00             89                  3
2023-09       22027.616736           13293.40            126                  3
2023-10       19578.400182            5903.00             61                  3
2023-11       18201.713324            4768.00             52                  3
2023-12        6624.038668            7604.00             64                  3
2024-01       15774.269481            9417.80             86                  3
2024-02        8726.289551           11892.00             81                  3
2024-03       13293.912059           15572.50            115                  3
2024-04        8084.527724           19902.50            126                  3
2024-05        6852.061624            9241.00             88                  3
2024-06        8356.767419           13098.00            135                  3
2024-07       16896.156203           14297.00            148                  3
2024-08       23609.841332            9841.50             98                  3
2024-09       42074.592282            5782.50             71                  3
2024-10       36532.016394            9936.00            135                  3
2024-11       11422.431665           13054.00            141                  3
2024-12        6319.958982            5714.50             55                  3
2025-01        8462.280919           10270.00             90                  3
2025-02        6971.355474           15182.00            130                  3
2025-03        7259.298043           20272.60            145                  3
2025-04        8124.507830           19048.50            157                  3
2025-05       10177.956099           11565.70             96                  3
2025-06        8801.247080            8470.00             94                  3
2025-07       14546.489717           13662.00            140                  3
2025-08       16673.661952           16960.00            167                  3
2025-09       30296.877532           12316.00            133                  3
2025-10       21067.956693           10354.00            101                  3
2025-11        9796.393001           15349.70            132                  3
2025-12        7748.082687            8904.00             90                  3
2026-01       23891.498325            7513.00             71                  3
2026-02        9521.081752            8520.00             84                  3
2026-03        7230.435742            9165.00             82                  3
2026-04        8579.872403           10253.00            105                  3
2026-05        8685.241134           16043.00            152                  3
2026-06       12372.579496           17532.00            149                  3
2026-07       16672.514254           38698.80             91                  3
