[재개] 체크포인트 237830건, 완료월 38개 스킵
[39/104] 2021-03 -> OK(4624건, 120개 작물)
[40/104] 2021-04 -> OK(4432건, 129개 작물)
[41/104] 2021-05 -> OK(4873건, 116개 작물)
[42/104] 2021-06 -> OK(4510건, 117개 작물)
[43/104] 2021-07 -> OK(6610건, 104개 작물)
[44/104] 2021-08 -> OK(5587건, 99개 작물)
    ! 실패(5회): 350101 2021-09-15 p1 ConnectionError
    ! 실패(5회): 350301 2021-09-15 p1 ConnectionError
    ! 실패(5회): 250003 2021-09-15 p1 ConnectionError
    ! 실패(5회): 360301 2021-09-15 p1 ConnectionError
    ! 실패(5회): 230001 2021-09-15 p1 ConnectionError
    ! 실패(5회): 110008 2021-09-15 p1 ConnectionError
[45/104] 2021-09 -> OK(5457건, 114개 작물)
[46/104] 2021-10 -> OK(5687건, 121개 작물)
[47/104] 2021-11 -> OK(3668건, 106개 작물)
[48/104] 2021-12 -> OK(2982건, 100개 작물)
[49/104] 2022-01 -> OK(3140건, 108개 작물)
[50/104] 2022-02 -> OK(2627건, 92개 작물)
[51/104] 2022-03 -> OK(3016건, 109개 작물)
[52/104] 2022-04 -> OK(3720건, 121개 작물)
[53/104] 2022-05 -> OK(4170건, 101개 작물)
[54/104] 2022-06 -> OK(5711건, 105개 작물)
[55/104] 2022-07 -> OK(7089건, 100개 작물)
[56/104] 2022-08 -> OK(7110건, 98개 작물)
[57/104] 2022-09 -> OK(7126건, 114개 작물)
[58/104] 2022-10 -> OK(6047건, 116개 작물)
[59/104] 2022-11 -> OK(5817건, 125개 작물)
[60/104] 2022-12 -> OK(4040건, 118개 작물)
[61/104] 2023-01 -> OK(4030건, 108개 작물)
[62/104] 2023-02 -> OK(3629건, 95개 작물)
[63/104] 2023-03 -> OK(4264건, 103개 작물)
[64/104] 2023-04 -> OK(5075건, 113개 작물)
[65/104] 2023-05 -> OK(5769건, 121개 작물)
[66/104] 2023-06 -> OK(8210건, 118개 작물)
[67/104] 2023-07 -> OK(6738건, 101개 작물)
[68/104] 2023-08 -> OK(5503건, 106개 작물)
[69/104] 2023-09 -> OK(8543건, 118개 작물)
[70/104] 2023-10 -> OK(7265건, 124개 작물)
[71/104] 2023-11 -> OK(6304건, 108개 작물)
[72/104] 2023-12 -> OK(3978건, 111개 작물)
[73/104] 2024-01 -> OK(3831건, 115개 작물)
[74/104] 2024-02 -> OK(4032건, 117개 작물)
[75/104] 2024-03 -> OK(4142건, 111개 작물)
[76/104] 2024-04 -> OK(4911건, 132개 작물)
[77/104] 2024-05 -> OK(5129건, 118개 작물)
    ! 실패(5회): 240001 2024-06-05 p2 ConnectTimeout
    ! 실패(5회): 210009 2024-06-05 p1 ConnectTimeout
    ! 실패(5회): 210001 2024-06-05 p1 ConnectTimeout
[78/104] 2024-06 -> OK(8303건, 126개 작물)
[79/104] 2024-07 -> OK(9026건, 110개 작물)
[80/104] 2024-08 -> OK(8849건, 122개 작물)
[81/104] 2024-09 -> OK(6172건, 118개 작물)
[82/104] 2024-10 -> OK(7499건, 136개 작물)
[83/104] 2024-11 -> OK(7729건, 140개 작물)
[84/104] 2024-12 -> OK(4457건, 115개 작물)
[85/104] 2025-01 -> OK(4718건, 119개 작물)
[86/104] 2025-02 -> OK(3692건, 115개 작물)
[87/104] 2025-03 -> OK(4318건, 123개 작물)
[88/104] 2025-04 -> OK(5293건, 130개 작물)
[89/104] 2025-05 -> OK(6572건, 135개 작물)
[90/104] 2025-06 -> OK(8458건, 134개 작물)
[91/104] 2025-07 -> OK(8575건, 115개 작물)
[92/104] 2025-08 -> OK(8461건, 128개 작물)
[93/104] 2025-09 -> OK(9105건, 138개 작물)
[94/104] 2025-10 -> OK(4908건, 136개 작물)
[95/104] 2025-11 -> OK(7165건, 128개 작물)
[96/104] 2025-12 -> OK(4476건, 121개 작물)
[97/104] 2026-01 -> OK(4586건, 121개 작물)
[98/104] 2026-02 -> OK(3540건, 118개 작물)
[99/104] 2026-03 -> OK(4397건, 130개 작물)
[100/104] 2026-04 -> OK(5680건, 132개 작물)
[101/104] 2026-05 -> OK(6633건, 126개 작물)
[102/104] 2026-06 -> OK(8788건, 127개 작물)
[103/104] 2026-07 -> OK(8741건, 114개 작물)
[104/104] 2026-08 -> OK(2772건, 91개 작물)

저장 완료(작물x시군별 산지가격): C:\Users\지리산 살래농장\Documents\project 1\crop-price-forecast\data\raw\jeonbuk_origin_top10crops_by_county.csv (8014행)
저장 완료(전체 79개 작물 원시 레코드, 확장용): C:\Users\지리산 살래농장\Documents\project 1\crop-price-forecast\data\raw\jeonbuk_origin_allcrops_raw.csv (610139행)
저장 완료(상추 시군별, build_dataset용): C:\Users\지리산 살래농장\Documents\project 1\crop-price-forecast\data\raw\jeonbuk_origin_lettuce_by_county.csv (1195행)

[경고] 재시도 후에도 실패한 요청 9건 - C:\Users\지리산 살래농장\Documents\project 1\crop-price-forecast\data\raw\scrape_failures.csv 확인, 해당 (시장,날짜)는 데이터에 구멍이 있을 수 있음

작물별 요약:
       n_rows  n_counties     avg_price    total_qty
crop                                                
상추       1195          14  13891.961447  16637256.85
오이       1071          14  21174.211482   8595344.10
토마토      1045          14  14407.933796  15036316.45
방울토마토    1029          14  16567.322976   4812722.35
대파        911          14   5158.112779  15962805.00
고구마       818          14  17628.097228  29941475.70
수박        572          14  16145.264851  27178854.90
포도        559          14  20561.442329   5587455.90
복숭아       444          13  17728.532589   3973711.48
멜론        370          13  20307.224334   3319586.60
