[1/60] 2021-09 -> OK
[2/60] 2021-10 -> OK
[3/60] 2021-11 -> OK
[4/60] 2021-12 -> OK
[5/60] 2022-01 -> OK
[6/60] 2022-02 -> OK
[7/60] 2022-03 -> OK
[8/60] 2022-04 -> OK
[9/60] 2022-05 -> OK
[10/60] 2022-06 -> OK
[11/60] 2022-07 -> OK
[12/60] 2022-08 -> OK
[13/60] 2022-09 -> OK
[14/60] 2022-10 -> OK
[15/60] 2022-11 -> OK
[16/60] 2022-12 -> OK
[17/60] 2023-01 -> OK
[18/60] 2023-02 -> OK
[19/60] 2023-03 -> OK
[20/60] 2023-04 -> OK
[21/60] 2023-05 -> OK
[22/60] 2023-06 -> OK
[23/60] 2023-07 -> OK
[24/60] 2023-08 -> OK
[25/60] 2023-09 -> OK
[26/60] 2023-10 -> OK
[27/60] 2023-11 -> OK
[28/60] 2023-12 -> OK
[29/60] 2024-01 -> OK
[30/60] 2024-02 -> OK
[31/60] 2024-03 -> OK
[32/60] 2024-04 -> OK
[33/60] 2024-05 -> OK
[34/60] 2024-06 -> OK
[35/60] 2024-07 -> OK
[36/60] 2024-08 -> OK
[37/60] 2024-09 -> OK
[38/60] 2024-10 -> OK
[39/60] 2024-11 -> OK
[40/60] 2024-12 -> OK
[41/60] 2025-01 -> OK
[42/60] 2025-02 -> OK
[43/60] 2025-03 -> OK
[44/60] 2025-04 -> OK
[45/60] 2025-05 -> OK
[46/60] 2025-06 -> OK
[47/60] 2025-07 -> OK
[48/60] 2025-08 -> OK
[49/60] 2025-09 -> OK
[50/60] 2025-10 -> OK
[51/60] 2025-11 -> OK
[52/60] 2025-12 -> OK
[53/60] 2026-01 -> OK
[54/60] 2026-02 -> OK
[55/60] 2026-03 -> OK
[56/60] 2026-04 -> OK
[57/60] 2026-05 -> OK
[58/60] 2026-06 -> OK
[59/60] 2026-07 -> OK
[60/60] 2026-08 -> 없음

저장 완료: C:\문서\projects 1\crop-price-forecast\data\raw\garak_lettuce_history.csv (59행)
     ym  price_avg_garak  n_obs_garak
2021-09     40004.555556            9
2021-10     31895.000000            9
2021-11     10931.222222            9
2021-12     11405.333333            9
2022-01     14930.333333            9
2022-02     11979.666667            9
2022-03     10538.777778            9
2022-04     10883.222222            9
2022-05     10385.222222            9
2022-06     16960.888889            9
2022-07     43715.777778            9
2022-08     40123.222222            9
2022-09     22819.888889            9
2022-10     12909.444444            9
2022-11      6467.333333            9
2022-12     16804.333333            9
2023-01     19842.555556            9
2023-02     16558.000000            9
2023-03     12872.777778            9
2023-04     11575.555556            9
2023-05     10415.555556            9
2023-06     12577.000000            9
2023-07     34155.333333            9
2023-08     25195.333333            9
2023-09     26010.333333            9
2023-10     20968.777778            9
2023-11     13850.000000            9
2023-12     11023.555556            9
2024-01     18664.444444            9
2024-02     14377.888889            9
2024-03     14296.555556            9
2024-04      8817.444444            9
2024-05      8268.111111            9
2024-06     10329.777778            9
2024-07     28563.666667            9
2024-08     31617.888889            9
2024-09     60953.888889            9
2024-10     48932.222222            9
2024-11     12273.777778            9
2024-12      9623.111111            9
2025-01     10115.111111            9
2025-02      8290.666667            9
2025-03      9235.777778            9
2025-04      9581.555556            9
2025-05     11531.000000            9
2025-06     11887.000000            9
2025-07     20552.888889            9
2025-08     22714.000000            9
2025-09     39733.888889            9
2025-10     35400.333333            9
2025-11     12783.777778            9
2025-12     11400.777778            9
2026-01     24963.666667            9
2026-02      8806.222222            9
2026-03      8417.888889            9
2026-04      8566.000000            9
2026-05      9710.111111            9
2026-06     14887.111111            9
2026-07     24214.333333            9
