상추 일별 수집 | scope=national | 2018-01~오늘 | 시장 23곳
[1/104] 2018-01 -> 18,448건 / 거래일 26일  (누적 18,448, 0.7분)
[2/104] 2018-02 -> 15,749건 / 거래일 23일  (누적 34,197, 1.3분)
[3/104] 2018-03 -> 20,635건 / 거래일 27일  (누적 54,832, 2.2분)
[4/104] 2018-04 -> 20,820건 / 거래일 25일  (누적 75,652, 3.1분)
[5/104] 2018-05 -> 22,944건 / 거래일 27일  (누적 98,596, 4.1분)
[6/104] 2018-06 -> 21,203건 / 거래일 26일  (누적 119,799, 5.0분)
[7/104] 2018-07 -> 24,144건 / 거래일 26일  (누적 143,943, 6.0분)
[8/104] 2018-08 -> 23,319건 / 거래일 27일  (누적 167,262, 7.3분)
[9/104] 2018-09 -> 18,534건 / 거래일 23일  (누적 185,796, 8.0분)
[10/104] 2018-10 -> 22,620건 / 거래일 27일  (누적 208,416, 8.9분)
[11/104] 2018-11 -> 20,329건 / 거래일 26일  (누적 228,745, 9.8분)
[12/104] 2018-12 -> 19,541건 / 거래일 26일  (누적 248,286, 10.5분)
[13/104] 2019-01 -> 19,376건 / 거래일 26일  (누적 267,662, 11.2분)
[14/104] 2019-02 -> 15,127건 / 거래일 23일  (누적 282,789, 11.7분)
[15/104] 2019-03 -> 19,778건 / 거래일 26일  (누적 302,567, 12.3분)
[16/104] 2019-04 -> 20,677건 / 거래일 26일  (누적 323,244, 13.1분)
[17/104] 2019-05 -> 22,540건 / 거래일 27일  (누적 345,784, 14.0분)
[18/104] 2019-06 -> 19,758건 / 거래일 25일  (누적 365,542, 14.7분)
[19/104] 2019-07 -> 23,110건 / 거래일 27일  (누적 388,652, 15.6분)
[20/104] 2019-08 -> 23,713건 / 거래일 27일  (누적 412,365, 16.4분)
[21/104] 2019-09 -> 18,455건 / 거래일 24일  (누적 430,820, 17.1분)
[22/104] 2019-10 -> 22,572건 / 거래일 27일  (누적 453,392, 17.9분)
[23/104] 2019-11 -> 20,376건 / 거래일 26일  (누적 473,768, 18.6분)
[24/104] 2019-12 -> 19,221건 / 거래일 26일  (누적 492,989, 19.3분)
[25/104] 2020-01 -> 16,999건 / 거래일 26일  (누적 509,988, 20.0분)
[26/104] 2020-02 -> 18,034건 / 거래일 25일  (누적 528,022, 20.7분)
[27/104] 2020-03 -> 19,430건 / 거래일 26일  (누적 547,452, 21.5분)
[28/104] 2020-04 -> 21,724건 / 거래일 26일  (누적 569,176, 22.2분)
[29/104] 2020-05 -> 20,815건 / 거래일 26일  (누적 589,991, 22.9분)
[30/104] 2020-06 -> 19,753건 / 거래일 26일  (누적 609,744, 23.5분)
[31/104] 2020-07 -> 20,812건 / 거래일 27일  (누적 630,556, 24.2분)
[32/104] 2020-08 -> 20,785건 / 거래일 26일  (누적 651,341, 24.9분)
[33/104] 2020-09 -> 22,603건 / 거래일 27일  (누적 673,944, 25.7분)
[34/104] 2020-10 -> 21,227건 / 거래일 25일  (누적 695,171, 26.4분)
[35/104] 2020-11 -> 20,042건 / 거래일 25일  (누적 715,213, 27.1분)
[36/104] 2020-12 -> 19,149건 / 거래일 27일  (누적 734,362, 27.9분)
[37/104] 2021-01 -> 16,157건 / 거래일 25일  (누적 750,519, 28.5분)
[38/104] 2021-02 -> 15,825건 / 거래일 23일  (누적 766,344, 29.2분)
    ! 실패(5회): 240001 2021-03 p2
    ! 실패(5회): 210009 2021-03 p1
    ! 실패(5회): 210001 2021-03 p1
    ! 실패(5회): 220001 2021-03 p1
    ! 실패(5회): 250001 2021-03 p1
    ! 실패(5회): 380303 2021-03 p1
    ! 실패(5회): 350101 2021-03 p1
    ! 실패(5회): 350301 2021-03 p1
    ! 실패(5회): 250003 2021-03 p1
    ! 실패(5회): 360301 2021-03 p1
    ! 실패(5회): 230001 2021-03 p1
    ! 실패(5회): 110008 2021-03 p1
    ! 실패(5회): 230003 2021-03 p1
    ! 실패(5회): 380101 2021-03 p1
    ! 실패(5회): 380401 2021-03 p1
    ! 실패(5회): 311201 2021-03 p1
    ! 실패(5회): 330101 2021-03 p1
    ! 실패(5회): 340101 2021-03 p1
 
======== scheduled run start 2026-08-11 15:36:58.11 ======== 
상추 일별 수집 | scope=national | 2018-01~오늘 | 시장 23곳 | chunk=1개월
[재개] lettuce_daily_raw.csv에서 완료월 38개 / 766,344건
남은 66개월 -> 66개 구간 x 23시장 = 기본요청 1,518회 (+페이징)

[중단] 일일 요청 한도 초과 (LIMITED_NUMBER_OF_SERVICE_REQUESTS_EXCEEDS_ERROR).
[1/66] 2021-03-01~2021-03-31 실패 — 해당 구간 폐기, 다음 실행에서 재수집
       남은 66개월은 쿼터 회복 후(보통 자정 KST) 같은 명령을 다시 실행하면 이어받는다.

미완료 66개월 남음 — 같은 명령 재실행 시 이어받는다: ['2021-03', '2021-04', '2021-05', '2021-06', '2021-07', '2021-08'] ...
저장: lettuce_daily_by_county.csv (9,850행)
저장: lettuce_daily_by_origin_sido.csv (22,402행)

[무결성]
  월별 거래일수: 중앙값 26일, 최소 23일
  전 월 시장 23곳 완비
  완전 동일 행 6,299건 (0.82%) — 제거 금지
  totalCount 대비 초과 수집 없음
  kg 환산 불가 비율 0.02% (unit_nm!='kg' 또는 unit_qty>50)

(중간 집계다. 전 구간 완료 후 다시 볼 것.)
미완료 66/104개월: ['2021-03', '2021-04', '2021-05', '2021-06', '2021-07', '2021-08'] ...
[sched] still incomplete - audit deferred to next run 
 
======== scheduled run start 2026-08-12  3:27:35.37 ======== 
상추 일별 수집 | scope=national | 2018-01~오늘 | 시장 23곳 | chunk=1개월
[재개] lettuce_daily_raw.csv에서 완료월 38개 / 766,344건
남은 66개월 -> 66개 구간 x 23시장 = 기본요청 1,518회 (+페이징)
[1/66] 2021-03-01~2021-03-31 -> 20,866건 / 거래일 27일  (누적 787,210, 61.6분)
[2/66] 2021-04-01~2021-04-30 -> 19,684건 / 거래일 26일  (누적 806,894, 62.5분)
[3/66] 2021-05-01~2021-05-31 -> 18,760건 / 거래일 26일  (누적 825,654, 63.4분)
[sched] scraper exited with error - chain aborted 
상추 일별 수집 | scope=national | 2018-01~오늘 | 시장 23곳 | chunk=1개월
[재개] lettuce_daily_partial.csv에서 완료월 41개 / 825,654건
남은 63개월 -> 63개 구간 x 23시장 = 기본요청 1,449회 (+페이징)
[1/63] 2021-06-01~2021-06-30 -> 17,313건 / 거래일 26일  (누적 842,967, 1.0분)
[2/63] 2021-07-01~2021-07-31 -> 19,520건 / 거래일 27일  (누적 862,487, 2.2분)
[3/63] 2021-08-01~2021-08-31 -> 18,539건 / 거래일 26일  (누적 881,026, 3.2분)
[4/63] 2021-09-01~2021-09-30 -> 17,156건 / 거래일 25일  (누적 898,182, 10.6분)
[5/63] 2021-10-01~2021-10-31 -> 18,458건 / 거래일 26일  (누적 916,640, 11.5분)
[6/63] 2021-11-01~2021-11-30 -> 17,671건 / 거래일 26일  (누적 934,311, 12.3분)
[7/63] 2021-12-01~2021-12-31 -> 18,366건 / 거래일 27일  (누적 952,677, 13.1분)
[8/63] 2022-01-01~2022-01-31 -> 16,934건 / 거래일 26일  (누적 969,611, 13.9분)
[9/63] 2022-02-01~2022-02-28 -> 13,676건 / 거래일 22일  (누적 983,287, 14.6분)
[10/63] 2022-03-01~2022-03-31 -> 18,069건 / 거래일 27일  (누적 1,001,356, 15.5분)
[11/63] 2022-04-01~2022-04-30 -> 18,985건 / 거래일 26일  (누적 1,020,341, 16.3분)
[12/63] 2022-05-01~2022-05-31 -> 19,123건 / 거래일 26일  (누적 1,039,464, 17.2분)
[13/63] 2022-06-01~2022-06-30 -> 18,523건 / 거래일 26일  (누적 1,057,987, 18.1분)
[14/63] 2022-07-01~2022-07-31 -> 19,262건 / 거래일 26일  (누적 1,077,249, 19.0분)
[15/63] 2022-08-01~2022-08-31 -> 20,360건 / 거래일 27일  (누적 1,097,609, 20.0분)
[16/63] 2022-09-01~2022-09-30 -> 19,084건 / 거래일 26일  (누적 1,116,693, 20.9분)
[17/63] 2022-10-01~2022-10-31 -> 20,770건 / 거래일 26일  (누적 1,137,463, 21.8분)
[18/63] 2022-11-01~2022-11-30 -> 18,208건 / 거래일 26일  (누적 1,155,671, 22.6분)
[19/63] 2022-12-01~2022-12-31 -> 16,728건 / 거래일 27일  (누적 1,172,399, 23.4분)
[20/63] 2023-01-01~2023-01-31 -> 14,122건 / 거래일 27일  (누적 1,186,521, 24.0분)
[21/63] 2023-02-01~2023-02-28 -> 15,155건 / 거래일 24일  (누적 1,201,676, 24.7분)
[22/63] 2023-03-01~2023-03-31 -> 19,354건 / 거래일 27일  (누적 1,221,030, 25.5분)
[23/63] 2023-04-01~2023-04-30 -> 20,312건 / 거래일 25일  (누적 1,241,342, 26.4분)
[24/63] 2023-05-01~2023-05-31 -> 21,633건 / 거래일 27일  (누적 1,262,975, 27.3분)
[25/63] 2023-06-01~2023-06-30 -> 20,201건 / 거래일 26일  (누적 1,283,176, 28.1분)
[26/63] 2023-07-01~2023-07-31 -> 20,428건 / 거래일 26일  (누적 1,303,604, 29.0분)
[27/63] 2023-08-01~2023-08-31 -> 21,913건 / 거래일 27일  (누적 1,325,517, 29.9분)
[28/63] 2023-09-01~2023-09-30 -> 19,332건 / 거래일 25일  (누적 1,344,849, 30.8분)
[29/63] 2023-10-01~2023-10-31 -> 20,501건 / 거래일 26일  (누적 1,365,350, 31.7분)
[30/63] 2023-11-01~2023-11-30 -> 19,199건 / 거래일 26일  (누적 1,384,549, 32.6분)
[31/63] 2023-12-01~2023-12-31 -> 17,579건 / 거래일 26일  (누적 1,402,128, 33.4분)
[32/63] 2024-01-01~2024-01-31 -> 17,115건 / 거래일 27일  (누적 1,419,243, 34.1분)
[33/63] 2024-02-01~2024-02-29 -> 15,820건 / 거래일 25일  (누적 1,435,063, 34.8분)
[34/63] 2024-03-01~2024-03-31 -> 19,356건 / 거래일 26일  (누적 1,454,419, 35.7분)
[35/63] 2024-04-01~2024-04-30 -> 20,555건 / 거래일 26일  (누적 1,474,974, 36.6분)
[36/63] 2024-05-01~2024-05-31 -> 21,195건 / 거래일 27일  (누적 1,496,169, 37.5분)
[37/63] 2024-06-01~2024-06-30 -> 19,318건 / 거래일 25일  (누적 1,515,487, 38.6분)
[38/63] 2024-07-01~2024-07-31 -> 21,715건 / 거래일 27일  (누적 1,537,202, 39.7분)
[39/63] 2024-08-01~2024-08-31 -> 21,356건 / 거래일 27일  (누적 1,558,558, 40.7분)
[40/63] 2024-09-01~2024-09-30 -> 16,834건 / 거래일 24일  (누적 1,575,392, 41.6분)
[41/63] 2024-10-01~2024-10-31 -> 20,371건 / 거래일 27일  (누적 1,595,763, 42.5분)
[42/63] 2024-11-01~2024-11-30 -> 20,333건 / 거래일 26일  (누적 1,616,096, 43.4분)
[43/63] 2024-12-01~2024-12-31 -> 18,881건 / 거래일 26일  (누적 1,634,977, 44.3분)
[44/63] 2025-01-01~2025-01-31 -> 14,922건 / 거래일 26일  (누적 1,649,899, 45.3분)
[45/63] 2025-02-01~2025-02-28 -> 17,027건 / 거래일 24일  (누적 1,666,926, 46.4분)
[46/63] 2025-03-01~2025-03-31 -> 20,004건 / 거래일 26일  (누적 1,686,930, 47.6분)
[47/63] 2025-04-01~2025-04-30 -> 20,824건 / 거래일 26일  (누적 1,707,754, 48.9분)
[48/63] 2025-05-01~2025-05-31 -> 22,275건 / 거래일 27일  (누적 1,730,029, 50.3분)
[49/63] 2025-06-01~2025-06-30 -> 19,518건 / 거래일 25일  (누적 1,749,547, 51.6분)
[50/63] 2025-07-01~2025-07-31 -> 21,845건 / 거래일 27일  (누적 1,771,392, 52.9분)
[51/63] 2025-08-01~2025-08-31 -> 20,291건 / 거래일 26일  (누적 1,791,683, 54.3분)
[52/63] 2025-09-01~2025-09-30 -> 20,523건 / 거래일 26일  (누적 1,812,206, 55.5분)
[53/63] 2025-10-01~2025-10-31 -> 19,286건 / 거래일 25일  (누적 1,831,492, 56.7분)
[54/63] 2025-11-01~2025-11-30 -> 18,764건 / 거래일 25일  (누적 1,850,256, 57.9분)
[55/63] 2025-12-01~2025-12-31 -> 18,710건 / 거래일 27일  (누적 1,868,966, 59.1분)
[56/63] 2026-01-01~2026-01-31 -> 16,773건 / 거래일 27일  (누적 1,885,739, 60.2분)
[57/63] 2026-02-01~2026-02-28 -> 13,905건 / 거래일 23일  (누적 1,899,644, 61.2분)
[58/63] 2026-03-01~2026-03-31 -> 18,236건 / 거래일 26일  (누적 1,917,880, 62.4분)
[59/63] 2026-04-01~2026-04-30 -> 19,488건 / 거래일 26일  (누적 1,937,368, 65.8분)
[60/63] 2026-05-01~2026-05-31 -> 20,001건 / 거래일 26일  (누적 1,957,369, 67.0분)
[61/63] 2026-06-01~2026-06-30 -> 18,627건 / 거래일 26일  (누적 1,975,996, 68.4분)
[62/63] 2026-07-01~2026-07-31 -> 19,565건 / 거래일 27일  (누적 1,995,561, 69.8분)
[63/63] 2026-08-01~2026-08-12 -> 5,346건 / 거래일 9일  (누적 2,000,907, 70.5분)

저장: lettuce_daily_raw.csv (2,000,907행)
저장: lettuce_daily_by_county.csv (27,444행) — 타깃=주력 9종, 쫑상추 별도 계열
저장: lettuce_daily_by_origin_sido.csv (61,814행)

[무결성]
  월별 거래일수: 중앙값 26일, 최소 9일
  [경고] 거래일 15일 미만인 월 1개: ['2026-08']
  [경고] 시장 23곳이 다 안 찬 월 8개: {Period('2021-06', 'M'): 22, Period('2021-07', 'M'): 22, Period('2021-09', 'M'): 22, Period('2021-10', 'M'): 22, Period('2021-11', 'M'): 22, Period('2021-12', 'M'): 22}
  완전 동일 행 8,288건 (0.41%) — 제거 금지
  totalCount 대비 초과 수집 없음
  kg 환산 불가 비율 0.02% (unit_nm!='kg' 또는 unit_qty>50)
체크포인트 삭제(완주)
 
======== scheduled run start 2026-08-13  8:56:36.05 ======== 
상추 일별 수집 | scope=national | 2018-01~오늘 | 시장 23곳 | chunk=1개월
[재개] lettuce_daily_raw.csv에서 완료월 104개 / 2,164,359건
받을 월이 없다 — 104개월 전부 완료됨

저장: lettuce_daily_raw.csv (2,164,359행)
저장: lettuce_daily_by_county.csv (27,459행) — 타깃=주력 17종, 쫑상추 별도 계열
저장: lettuce_daily_by_origin_sido.csv (67,291행)

[무결성]
  월별 거래일수: 중앙값 26일, 최소 9일
  [경고] 거래일 15일 미만인 월 1개: ['2026-08']
  전 월 시장 23곳 완비
  완전 동일 행 8,308건 (0.38%) — 제거 금지
  totalCount 대비 초과 수집 없음
  kg 환산 불가 비율 0.01% (unit_nm!='kg' 또는 unit_qty>50)
체크포인트 삭제(완주)
완주 (104개월)
======== complete - running audit ======== 
CHAIN_DONE 
 
======== scheduled run start 2026-08-14  9:08:54.35 ======== 
상추 일별 수집 | scope=national | 2018-01~오늘 | 시장 23곳 | chunk=1개월
[재개] lettuce_daily_raw.csv에서 완료월 104개 / 2,164,359건
받을 월이 없다 — 104개월 전부 완료됨

저장: lettuce_daily_raw.csv (2,164,359행)
저장: lettuce_daily_by_county.csv (27,459행) — 타깃=주력 17종, 쫑상추 별도 계열
저장: lettuce_daily_by_origin_sido.csv (67,291행)

[무결성]
  월별 거래일수: 중앙값 26일, 최소 9일
  [경고] 거래일 15일 미만인 월 1개: ['2026-08']
  전 월 시장 23곳 완비
  완전 동일 행 8,308건 (0.38%) — 제거 금지
  totalCount 대비 초과 수집 없음
  kg 환산 불가 비율 0.01% (unit_nm!='kg' 또는 unit_qty>50)
체크포인트 삭제(완주)
완주 (104개월)
======== complete - running audit ======== 
CHAIN_DONE 
