[1/104] 2018-01 -> OK(134건)
[2/104] 2018-02 -> OK(42건)
[3/104] 2018-03 -> OK(89건)
[4/104] 2018-04 -> OK(117건)
[5/104] 2018-05 -> OK(151건)
[6/104] 2018-06 -> OK(159건)
[7/104] 2018-07 -> OK(112건)
[8/104] 2018-08 -> OK(99건)
[9/104] 2018-09 -> OK(99건)
[10/104] 2018-10 -> OK(151건)
[11/104] 2018-11 -> OK(97건)
[12/104] 2018-12 -> OK(110건)
[13/104] 2019-01 -> OK(135건)
[14/104] 2019-02 -> OK(101건)
[15/104] 2019-03 -> OK(142건)
[16/104] 2019-04 -> OK(175건)
[17/104] 2019-05 -> OK(111건)
[18/104] 2019-06 -> OK(157건)
[19/104] 2019-07 -> OK(184건)
[20/104] 2019-08 -> OK(112건)
[21/104] 2019-09 -> OK(92건)
[22/104] 2019-10 -> OK(146건)
[23/104] 2019-11 -> OK(141건)
[24/104] 2019-12 -> OK(52건)
[25/104] 2020-01 -> OK(50건)
[26/104] 2020-02 -> OK(155건)
[27/104] 2020-03 -> OK(96건)
[28/104] 2020-04 -> OK(112건)
[29/104] 2020-05 -> OK(155건)
[30/104] 2020-06 -> OK(100건)
[31/104] 2020-07 -> OK(119건)
[32/104] 2020-08 -> OK(128건)
[33/104] 2020-09 -> OK(131건)
[34/104] 2020-10 -> OK(105건)
[35/104] 2020-11 -> OK(86건)
[36/104] 2020-12 -> OK(76건)
[37/104] 2021-01 -> OK(119건)
[38/104] 2021-02 -> OK(107건)
[39/104] 2021-03 -> OK(124건)
[40/104] 2021-04 -> OK(86건)
[41/104] 2021-05 -> OK(91건)
[42/104] 2021-06 -> OK(32건)
[43/104] 2021-07 -> OK(31건)
[44/104] 2021-08 -> OK(27건)
[45/104] 2021-09 -> OK(40건)
[46/104] 2021-10 -> OK(42건)
[47/104] 2021-11 -> OK(33건)
[48/104] 2021-12 -> OK(14건)
[49/104] 2022-01 -> OK(47건)
[50/104] 2022-02 -> OK(46건)
[51/104] 2022-03 -> OK(49건)
[52/104] 2022-04 -> OK(66건)
[53/104] 2022-05 -> OK(42건)
[54/104] 2022-06 -> OK(35건)
[55/104] 2022-07 -> OK(48건)
[56/104] 2022-08 -> OK(59건)
[57/104] 2022-09 -> OK(52건)
[58/104] 2022-10 -> OK(97건)
[59/104] 2022-11 -> OK(91건)
[60/104] 2022-12 -> OK(71건)
[61/104] 2023-01 -> OK(66건)
[62/104] 2023-02 -> OK(86건)
[63/104] 2023-03 -> OK(98건)
[64/104] 2023-04 -> OK(134건)
[65/104] 2023-05 -> OK(133건)
[66/104] 2023-06 -> OK(100건)
[67/104] 2023-07 -> OK(118건)
[68/104] 2023-08 -> OK(89건)
[69/104] 2023-09 -> OK(126건)
[70/104] 2023-10 -> OK(61건)
[71/104] 2023-11 -> OK(52건)
[72/104] 2023-12 -> OK(64건)
[73/104] 2024-01 -> OK(86건)
[74/104] 2024-02 -> OK(81건)
[75/104] 2024-03 -> OK(115건)
[76/104] 2024-04 -> OK(126건)
[77/104] 2024-05 -> OK(88건)
[78/104] 2024-06 -> OK(135건)
[79/104] 2024-07 -> OK(148건)
[80/104] 2024-08 -> OK(98건)
[81/104] 2024-09 -> OK(71건)
[82/104] 2024-10 -> OK(135건)
[83/104] 2024-11 -> OK(141건)
[84/104] 2024-12 -> OK(55건)
[85/104] 2025-01 -> OK(90건)
[86/104] 2025-02 -> OK(130건)
[87/104] 2025-03 -> OK(145건)
[88/104] 2025-04 -> OK(157건)
[89/104] 2025-05 -> OK(96건)
[90/104] 2025-06 -> OK(94건)
[91/104] 2025-07 -> OK(140건)
[92/104] 2025-08 -> OK(167건)
[93/104] 2025-09 -> OK(133건)
[94/104] 2025-10 -> OK(101건)
[95/104] 2025-11 -> OK(132건)
[96/104] 2025-12 -> OK(90건)
[97/104] 2026-01 -> OK(71건)
[98/104] 2026-02 -> OK(84건)
[99/104] 2026-03 -> OK(82건)
[100/104] 2026-04 -> OK(105건)
[101/104] 2026-05 -> OK(152건)
[102/104] 2026-06 -> OK(149건)
[103/104] 2026-07 -> OK(91건)
[104/104] 2026-08 -> OK(13건)

저장 완료(합산): C:\문서\projects 1\crop-price-forecast\data\raw\jeonbuk_market_lettuce_history.csv (104행)
저장 완료(시장별): C:\문서\projects 1\crop-price-forecast\data\raw\jeonbuk_market_lettuce_by_region.csv (299행)
     ym region_id    price_avg  qty_total  n_obs
2018-01    jeonju 11183.321866    9072.00     57
2018-01     iksan 15276.445907    4244.00     57
2018-01  jeongeup 14072.362481    1085.00     20
2018-02    jeonju 16860.240462    3124.00     10
2018-02     iksan 14739.119191    1622.00     21
2018-02  jeongeup 10460.875669     496.00     11
2018-03    jeonju  8318.154881    8980.00     39
2018-03     iksan  9261.302905    3218.00     36
2018-03  jeongeup 11892.065217     552.00     14
2018-04    jeonju  4575.586360   10060.00     48
2018-04     iksan  6306.336402    5148.00     46
2018-04  jeongeup  8983.795091     924.00     23
2018-05    jeonju  6290.153516   10700.00     74
2018-05     iksan  6675.671049    6084.00     55
2018-05  jeongeup  8289.429843    2123.80     22
2018-06    jeonju  5554.831428   11760.00     71
2018-06     iksan  6505.518029    4830.00     59
2018-06  jeongeup  8911.960883    1182.20     29
2018-07    jeonju  5852.016992    7280.00     66
2018-07     iksan 13169.731181    2270.00     29
2018-07  jeongeup 11053.209865     446.00     17
2018-08    jeonju 24135.412101    5246.00     48
2018-08     iksan 26893.278619    2926.00     34
2018-08  jeongeup 24712.799798     872.50     17
2018-09    jeonju 37232.056719    4673.00     41
2018-09     iksan 48325.738134    2197.00     39
2018-09  jeongeup 50973.731832     476.00     19
2018-10    jeonju  8565.609283    9713.00     74
2018-10     iksan 12758.590597    5042.00     57
2018-10  jeongeup 12991.948512     844.00     20
2018-11    jeonju  3889.244509    6212.00     37
2018-11     iksan  8200.962404    3236.00     35
2018-11  jeongeup  7828.039594     778.00     25
2018-12    jeonju  5637.726364    9976.00     57
2018-12     iksan  6025.373850    3200.00     38
2018-12  jeongeup  8879.070836     440.00     15
2019-01    jeonju  7058.176229   10186.00     58
2019-01     iksan  8654.968791    4954.40     58
2019-01  jeongeup  9471.097248     513.00     19
2019-02    jeonju  5054.922736    6928.00     44
2019-02     iksan  6005.339964    3608.06     35
2019-02  jeongeup  7144.261136     905.00     22
2019-03    jeonju  7570.132146   10720.00     51
2019-03     iksan  7344.865422    5532.00     58
2019-03  jeongeup 10102.029430    1141.00     33
2019-04    jeonju  7037.299637   11728.00     67
2019-04     iksan  8713.148071    5701.54     71
2019-04  jeongeup  9511.790327    1564.00     37
2019-05    jeonju  6036.427955    6991.50     48
2019-05     iksan  7165.345005    3845.94     43
2019-05  jeongeup  9283.339514     757.00     20
2019-06    jeonju  6426.701343    9442.00     69
2019-06     iksan  6665.363949    4758.20     63
2019-06  jeongeup  8806.810527     812.00     25
2019-07    jeonju  7477.810666    9860.00     84
2019-07     iksan  6775.281108    5678.10     69
2019-07  jeongeup 10425.414826     818.00     31
2019-08    jeonju 13652.746544    6703.00     58
2019-08     iksan 20528.324428    3276.40     43
2019-08  jeongeup 25663.730720     472.00     11
2019-09    jeonju 12944.068939    5653.00     41
2019-09     iksan 19696.125999    2625.00     36
2019-09  jeongeup 21786.468802     504.00     15
2019-10    jeonju 19288.846927    8442.50     65
2019-10     iksan 35233.740288    3626.80     53
2019-10  jeongeup 23067.732098     779.00     28
2019-11    jeonju  7684.318852    9969.00     72
2019-11     iksan 10722.390249    3837.26     48
2019-11  jeongeup 12534.134179     716.00     21
2019-12    jeonju  8010.561234    3484.00     26
2019-12     iksan  8291.539412    1299.00     16
2019-12  jeongeup  7069.415804     428.00     10
2020-01    jeonju 21002.170159    2634.00     24
2020-01     iksan 23050.588872    1541.00     20
2020-01  jeongeup 24474.231745     188.00      6
2020-02    jeonju  4693.891617   11293.00     76
2020-02     iksan  6194.651832    4387.90     51
2020-02  jeongeup 10358.574780     682.00     28
2020-03    jeonju  5401.458529    6829.00     37
2020-03     iksan  6387.556763    3257.80     31
2020-03  jeongeup 10003.308962     848.00     28
2020-04    jeonju  5325.392796    7303.00     47
2020-04     iksan  5530.584673    3210.00     41
2020-04  jeongeup  7472.607358     941.00     24
2020-05    jeonju  5292.250924   10243.00     65
2020-05     iksan  6515.654106    6250.00     56
2020-05  jeongeup  7425.594311    1428.00     34
2020-06    jeonju 12292.246798    5605.00     46
2020-06     iksan 10243.015356    2697.30     30
2020-06  jeongeup  8890.102612     781.00     24
2020-07    jeonju 12448.706784    7087.00     65
2020-07     iksan 13804.877415    2955.00     33
2020-07  jeongeup 14040.642650     726.00     21
2020-08    jeonju 26680.202099    6277.40     60
2020-08     iksan 37689.697420    3258.10     46
2020-08  jeongeup 35439.806230     888.00     22
2020-09    jeonju 17706.389758    6637.00     55
2020-09     iksan 20534.413415    3853.30     53
2020-09  jeongeup 24274.837176     568.00     23
2020-10    jeonju  3949.651202    8241.00     47
2020-10     iksan  4363.166041    6398.00     43
2020-10  jeongeup  8692.535594     690.00     15
2020-11    jeonju  3781.719601    5158.00     36
2020-11     iksan  5992.020219    2606.00     34
2020-11  jeongeup  5963.307995     745.00     16
2020-12    jeonju 10516.190760    4237.00     38
2020-12     iksan 10485.598000    1728.00     25
2020-12  jeongeup 10375.402207     464.00     13
2021-01    jeonju 14932.393016    7733.50     62
2021-01     iksan 20060.493069    3318.00     44
2021-01  jeongeup 21849.062500     192.00     13
2021-02    jeonju 10752.120926    7129.00     50
2021-02     iksan 11373.879505    5078.00     49
2021-02  jeongeup 17312.000000     135.00      8
2021-03    jeonju  7384.349451    7713.00     45
2021-03     iksan  8607.467852    4304.00     48
2021-03  jeongeup  9726.106406     896.00     31
2021-04    jeonju  6502.349852    4196.00     29
2021-04     iksan  8599.424013    3866.00     34
2021-04  jeongeup  8934.073907     946.00     23
2021-05    jeonju  5699.658776    5449.50     45
2021-05     iksan  7218.911773    2938.50     30
2021-05  jeongeup  7662.237526     435.00     16
2021-06    jeonju 14415.778621    3504.00     26
2021-06  jeongeup 15155.238095      84.00      6
2021-07    jeonju 16030.975997    2500.00     26
2021-07  jeongeup 24327.222222     108.00      5
2021-08    jeonju 17940.795090    2092.00     25
2021-08  jeongeup 37910.000000      12.00      2
2021-09    jeonju 26640.223372    2514.00     33
2021-09  jeongeup 32973.962264     106.00      7
2021-10    jeonju 28782.645077    3266.00     32
2021-10  jeongeup 24074.598540     137.00     10
2021-11    jeonju  9047.196240    3461.00     28
2021-11  jeongeup 16108.510638      94.00      5
2021-12    jeonju  6889.397696    1264.00     12
2021-12  jeongeup 15446.666667      12.00      2
2022-01    jeonju 15177.899104    4487.00     41
2022-01  jeongeup 19648.915461     193.00      6
2022-02    jeonju  6593.466638    4602.00     40
2022-02  jeongeup 10820.309884     172.00      6
2022-03    jeonju  7419.300079    5554.00     41
2022-03  jeongeup 13819.496887     212.00      8
2022-04    jeonju  9311.411227    5679.00     59
2022-04  jeongeup 12883.033980     196.00      7
2022-05    jeonju  6100.674702    3659.00     35
2022-05  jeongeup 13226.764706     136.00      7
2022-06    jeonju 14033.975584    3384.00     31
2022-06     iksan 19973.250000      80.00      3
2022-06  jeongeup 23692.500000      44.00      1
2022-07    jeonju 26414.829164    3484.00     35
2022-07     iksan 30684.210526      76.00      2
2022-07  jeongeup 33423.053527     131.00     11
2022-08    jeonju 25854.543708    5604.00     51
2022-08     iksan 68338.913043      46.00      2
2022-08  jeongeup 49305.652174      46.00      6
2022-09    jeonju 21363.147925    5139.50     48
2022-09     iksan 89474.000000      30.00      1
2022-09  jeongeup 17930.833333     168.00      3
2022-10    jeonju 10501.785067   10683.00     84
2022-10     iksan 24027.368421     114.00      4
2022-10  jeongeup 15803.846154     130.00      9
2022-11    jeonju  4800.534805    8135.00     66
2022-11     iksan  8007.511309    1094.00     17
2022-11  jeongeup  9980.784314     102.00      8
2022-12    jeonju 12823.609800    4022.00     37
2022-12     iksan 11307.612204    2584.00     27
2022-12  jeongeup 18934.084676      71.00      7
2023-01    jeonju 20783.341590    4610.00     34
2023-01     iksan 22864.586781    2756.00     27
2023-01  jeongeup 19341.967213      61.00      5
2023-02    jeonju 12831.877434    5798.00     53
2023-02     iksan 14461.771018    2490.00     29
2023-02  jeongeup 13209.166667      96.00      4
2023-03    jeonju  8097.257849    7827.00     59
2023-03     iksan 10358.580032    3258.00     30
2023-03  jeongeup 11314.231913     184.00      9
2023-04    jeonju  9206.454415    9626.70     69
2023-04     iksan 10265.999397    4889.00     57
2023-04  jeongeup 16513.225677     124.00      8
2023-05    jeonju  8484.078288    8454.00     72
2023-05     iksan 10659.302250    5780.40     52
2023-05  jeongeup 15349.132948     173.00      9
2023-06    jeonju 11891.087033    5562.00     56
2023-06     iksan 15348.870530    3088.00     34
2023-06  jeongeup 10339.705882     102.00     10
2023-07    jeonju 23519.049636    6162.00     72
2023-07     iksan 31922.146462    3213.00     40
2023-07  jeongeup 37707.916542      96.00      6
2023-08    jeonju 13270.454005    7414.00     51
2023-08     iksan 13381.572309    2974.00     32
2023-08  jeongeup 26203.835616      73.00      6
2023-09    jeonju 21129.615884    8684.40     71
2023-09     iksan 22962.585233    4419.00     47
2023-09  jeongeup 41327.473684     190.00      8
2023-10    jeonju 19381.914013    2837.00     29
2023-10     iksan 19705.421750    3026.00     29
2023-10  jeongeup 23905.000000      40.00      3
2023-11    jeonju 16901.918870    2445.00     25
2023-11     iksan 19439.764434    2303.00     25
2023-11  jeongeup 34540.000000      20.00      2
2023-12    jeonju  6199.833045    5317.00     36
2023-12     iksan  7486.705115    2195.00     25
2023-12  jeongeup 10558.260870      92.00      3
2024-01    jeonju 16715.500264    4986.50     40
2024-01     iksan 14789.880984    4234.30     39
2024-01  jeongeup 13108.020305     197.00      7
2024-02    jeonju  8338.278404    7940.00     47
2024-02     iksan  9431.732996    3892.00     29
2024-02  jeongeup 14313.333333      60.00      5
2024-03    jeonju 13002.533264   10340.50     69
2024-03     iksan 13835.354715    5160.00     37
2024-03  jeongeup 16337.777778      72.00      9
2024-04    jeonju  8674.833605   11406.50     73
2024-04     iksan  7209.554702    8116.00     42
2024-04  jeongeup  9052.835674     380.00     11
2024-05    jeonju  7340.386697    6528.00     49
2024-05     iksan  4638.915244    2000.00     18
2024-05  jeongeup  8589.097638     713.00     21
2024-06    jeonju  8556.397081    8346.00     79
2024-06     iksan  7840.858844    4464.00     44
2024-06  jeongeup 10568.249069     288.00     12
2024-07    jeonju 16304.732601    7351.00     75
2024-07     iksan 17711.851789    6478.00     55
2024-07  jeongeup 14895.042735     468.00     18
2024-08    jeonju 22032.473407    6181.50     58
2024-08     iksan 25746.305801    3192.00     31
2024-08  jeongeup 29872.459376     468.00      9
2024-09    jeonju 40631.838154    3620.50     40
2024-09     iksan 44545.734893    2118.00     26
2024-09  jeongeup 41838.484727      44.00      5
2024-10    jeonju 37702.877579    5830.00     71
2024-10     iksan 35179.938258    3380.00     45
2024-10  jeongeup 33424.445306     726.00     19
2024-11    jeonju 12334.039426    8394.00     84
2024-11     iksan  9460.949389    4216.00     43
2024-11  jeongeup 12813.363495     444.00     14
2024-12    jeonju  6963.180926    3534.50     31
2024-12     iksan  4560.953291    1884.00     16
2024-12  jeongeup  9835.157486     296.00      8
2025-01    jeonju  8255.263811    6710.00     44
2025-01     iksan  8610.311272    3314.00     37
2025-01  jeongeup 12114.769561     246.00      9
2025-02    jeonju  6513.361004    9044.00     72
2025-02     iksan  7368.645714    5733.00     41
2025-02  jeongeup 11574.903704     405.00     17
2025-03    jeonju  6965.114176   12090.60     65
2025-03     iksan  7557.673054    7086.00     57
2025-03  jeongeup  8575.515310    1096.00     23
2025-04    jeonju  7901.026975   11283.00     74
2025-04     iksan  8306.357908    6838.00     57
2025-04  jeongeup  9502.452477     927.50     26
2025-05    jeonju  9950.793549    6475.00     43
2025-05     iksan 10157.592247    4358.00     33
2025-05  jeongeup 12306.553307     732.70     20
2025-06    jeonju  7720.629234    5044.00     39
2025-06     iksan 10526.364468    3037.00     36
2025-06  jeongeup  9344.832967     389.00     19
2025-07    jeonju 13705.551797    7097.00     72
2025-07     iksan 15179.918194    5932.00     48
2025-07  jeongeup 18038.809921     633.00     20
2025-08    jeonju 14869.324910    8232.50     89
2025-08     iksan 17870.386387    8005.00     57
2025-08  jeongeup 23973.905002     722.50     21
2025-09    jeonju 30096.287366    6235.00     71
2025-09     iksan 30253.460743    5478.00     44
2025-09  jeongeup 32765.396378     603.00     18
2025-10    jeonju 22215.712971    4984.00     55
2025-10     iksan 20001.688565    5078.00     35
2025-10  jeongeup 20020.327479     292.00     11
2025-11    jeonju  9204.158186    9220.00     67
2025-11     iksan 10036.356540    5359.00     42
2025-11  jeongeup 15212.820130     770.70     23
2025-12    jeonju  8125.915673    5594.00     53
2025-12     iksan  6674.550807    3096.00     27
2025-12  jeongeup 13402.554542     214.00     10
2026-01    jeonju 21182.145133    3881.00     32
2026-01     iksan 27181.894593    3436.00     29
2026-01  jeongeup 19856.795061     196.00     10
2026-02    jeonju  9170.486360    5676.00     43
2026-02     iksan 10189.065651    2680.00     28
2026-02  jeongeup 10739.268293     164.00     13
2026-03    jeonju  6730.332386    5761.00     39
2026-03     iksan  7816.676083    2898.00     29
2026-03  jeongeup  9566.741929     506.00     14
2026-04    jeonju  7646.627384    6498.00     49
2026-04     iksan 10415.198141    3274.00     39
2026-04  jeongeup  8694.986062     481.00     17
2026-05    jeonju  8307.884898   10010.00     62
2026-05     iksan  9242.722973    5330.00     62
2026-05  jeongeup  9831.695932     703.00     28
2026-06    jeonju 12648.712787    8758.00     61
2026-06     iksan 12195.402024    8064.00     64
2026-06  jeongeup 10978.753814     710.00     24
2026-07    jeonju 14739.760407   19772.00     46
2026-07     iksan 18620.008506   18084.80     30
2026-07  jeongeup 20228.767259     842.00     15
2026-08    jeonju 11109.119600     944.00      8
2026-08  jeongeup 19981.025700     120.00      5
저장 완료(원시 레코드, 재분석용): C:\문서\projects 1\crop-price-forecast\data\raw\jeonbuk_market_lettuce_raw.csv (10298행)
