[1/104] 2018-01 -> OK(386건, 9개 시군)
[2/104] 2018-02 -> OK(146건, 9개 시군)
[3/104] 2018-03 -> OK(225건, 10개 시군)
[4/104] 2018-04 -> OK(312건, 9개 시군)
[5/104] 2018-05 -> OK(468건, 9개 시군)
[6/104] 2018-06 -> OK(454건, 10개 시군)
[7/104] 2018-07 -> OK(370건, 9개 시군)
[8/104] 2018-08 -> OK(412건, 10개 시군)
[9/104] 2018-09 -> OK(388건, 10개 시군)
[10/104] 2018-10 -> OK(576건, 11개 시군)
[11/104] 2018-11 -> OK(316건, 9개 시군)
[12/104] 2018-12 -> OK(387건, 9개 시군)
[13/104] 2019-01 -> OK(415건, 9개 시군)
[14/104] 2019-02 -> OK(262건, 9개 시군)
[15/104] 2019-03 -> OK(421건, 9개 시군)
[16/104] 2019-04 -> OK(455건, 10개 시군)
[17/104] 2019-05 -> OK(311건, 10개 시군)
[18/104] 2019-06 -> OK(499건, 10개 시군)
[19/104] 2019-07 -> OK(595건, 10개 시군)
[20/104] 2019-08 -> OK(483건, 10개 시군)
[21/104] 2019-09 -> OK(387건, 9개 시군)
[22/104] 2019-10 -> OK(565건, 10개 시군)
[23/104] 2019-11 -> OK(160건, 10개 시군)
[24/104] 2019-12 -> 없음
[25/104] 2020-01 -> 없음
[26/104] 2020-02 -> 없음
[27/104] 2020-03 -> 없음
[28/104] 2020-04 -> 없음
[29/104] 2020-05 -> 없음
[30/104] 2020-06 -> 없음
[31/104] 2020-07 -> 없음
[32/104] 2020-08 -> 없음
[33/104] 2020-09 -> 없음
[34/104] 2020-10 -> 없음
[35/104] 2020-11 -> 없음
[36/104] 2020-12 -> 없음
[37/104] 2021-01 -> 없음
[38/104] 2021-02 -> 없음
[39/104] 2021-03 -> 없음
[40/104] 2021-04 -> 없음
[41/104] 2021-05 -> 없음
[42/104] 2021-06 -> 없음
[43/104] 2021-07 -> 없음
[44/104] 2021-08 -> 없음
[45/104] 2021-09 -> 없음
[46/104] 2021-10 -> 없음
[47/104] 2021-11 -> 없음
[48/104] 2021-12 -> 없음
[49/104] 2022-01 -> 없음
[50/104] 2022-02 -> 없음
[51/104] 2022-03 -> 없음
[52/104] 2022-04 -> 없음
[53/104] 2022-05 -> 없음
[54/104] 2022-06 -> 없음
[55/104] 2022-07 -> 없음
[56/104] 2022-08 -> OK(464건, 11개 시군)
[57/104] 2022-09 -> OK(422건, 11개 시군)
[58/104] 2022-10 -> OK(538건, 10개 시군)
[59/104] 2022-11 -> OK(474건, 11개 시군)
[60/104] 2022-12 -> OK(244건, 8개 시군)
[61/104] 2023-01 -> OK(237건, 9개 시군)
[62/104] 2023-02 -> OK(304건, 10개 시군)
[63/104] 2023-03 -> OK(326건, 10개 시군)
[64/104] 2023-04 -> OK(507건, 11개 시군)
[65/104] 2023-05 -> OK(504건, 10개 시군)
[66/104] 2023-06 -> OK(363건, 9개 시군)
[67/104] 2023-07 -> OK(636건, 13개 시군)
[68/104] 2023-08 -> OK(557건, 12개 시군)
[69/104] 2023-09 -> OK(708건, 12개 시군)
[70/104] 2023-10 -> OK(408건, 11개 시군)
[71/104] 2023-11 -> OK(318건, 9개 시군)
[72/104] 2023-12 -> OK(422건, 10개 시군)
[73/104] 2024-01 -> OK(447건, 9개 시군)
[74/104] 2024-02 -> OK(354건, 8개 시군)
[75/104] 2024-03 -> OK(540건, 10개 시군)
[76/104] 2024-04 -> OK(554건, 12개 시군)
[77/104] 2024-05 -> OK(358건, 10개 시군)
[78/104] 2024-06 -> OK(610건, 12개 시군)
[79/104] 2024-07 -> OK(761건, 13개 시군)
[80/104] 2024-08 -> OK(540건, 13개 시군)
[81/104] 2024-09 -> OK(515건, 13개 시군)
[82/104] 2024-10 -> OK(682건, 13개 시군)
[83/104] 2024-11 -> OK(611건, 13개 시군)
[84/104] 2024-12 -> OK(376건, 10개 시군)
[85/104] 2025-01 -> OK(358건, 10개 시군)
[86/104] 2025-02 -> OK(545건, 10개 시군)
[87/104] 2025-03 -> OK(591건, 10개 시군)
[88/104] 2025-04 -> OK(636건, 11개 시군)
[89/104] 2025-05 -> OK(429건, 9개 시군)
[90/104] 2025-06 -> OK(424건, 11개 시군)
[91/104] 2025-07 -> OK(738건, 13개 시군)
[92/104] 2025-08 -> OK(783건, 14개 시군)
[93/104] 2025-09 -> OK(767건, 12개 시군)
[94/104] 2025-10 -> OK(490건, 12개 시군)
[95/104] 2025-11 -> OK(613건, 11개 시군)
[96/104] 2025-12 -> OK(555건, 11개 시군)
[97/104] 2026-01 -> OK(385건, 10개 시군)
[98/104] 2026-02 -> OK(394건, 12개 시군)
[99/104] 2026-03 -> OK(361건, 10개 시군)
[100/104] 2026-04 -> OK(387건, 11개 시군)
[101/104] 2026-05 -> OK(567건, 8개 시군)
[102/104] 2026-06 -> OK(608건, 11개 시군)
[103/104] 2026-07 -> OK(468건, 12개 시군)
[104/104] 2026-08 -> OK(122건, 11개 시군)

저장 완료(시군별 산지가격): C:\문서\projects 1\crop-price-forecast\data\raw\jeonbuk_origin_lettuce_by_county.csv (752행)
저장 완료(원시 레코드): C:\문서\projects 1\crop-price-forecast\data\raw\jeonbuk_origin_lettuce_raw.csv (32994행)

시군별 요약:
        n_months     avg_price   total_qty
county                                    
남원시           72  12764.466678  3384289.00
김제시           72  14857.712011   218668.40
장수군           72  14837.991147   546043.70
익산시           72  16243.778324  3473436.04
완주군           72  13449.393379  1393485.00
순창군           72  14356.085945   147890.30
전주시           72  12993.506812   281341.60
진안군           68  14152.843423   189083.90
고창군           51  16484.623857    21952.00
무주군           42  11886.535372     5266.00
부안군           34  14523.999210    58780.00
임실군           33  10087.794222    16444.00
정읍시           13  12407.539208     1476.00
군산시            7  19645.593028     1064.00
